Component: ARM Compiler 5.06 update 6 (build 750) Tool: armlink [4d35ed]

==============================================================================

Section Cross References

    startup_stm32f10x_md.o(STACK) refers (Special) to heapauxi.o(.text) for __use_two_region_memory
    startup_stm32f10x_md.o(HEAP) refers (Special) to heapauxi.o(.text) for __use_two_region_memory
    startup_stm32f10x_md.o(RESET) refers (Special) to heapauxi.o(.text) for __use_two_region_memory
    startup_stm32f10x_md.o(RESET) refers to startup_stm32f10x_md.o(STACK) for __initial_sp
    startup_stm32f10x_md.o(RESET) refers to startup_stm32f10x_md.o(.text) for Reset_Handler
    startup_stm32f10x_md.o(RESET) refers to stm32f10x_it.o(i.NMI_Handler) for NMI_Handler
    startup_stm32f10x_md.o(RESET) refers to stm32f10x_it.o(i.HardFault_Handler) for HardFault_Handler
    startup_stm32f10x_md.o(RESET) refers to stm32f10x_it.o(i.MemManage_Handler) for MemManage_Handler
    startup_stm32f10x_md.o(RESET) refers to stm32f10x_it.o(i.BusFault_Handler) for BusFault_Handler
    startup_stm32f10x_md.o(RESET) refers to stm32f10x_it.o(i.UsageFault_Handler) for UsageFault_Handler
    startup_stm32f10x_md.o(RESET) refers to stm32f10x_it.o(i.SVC_Handler) for SVC_Handler
    startup_stm32f10x_md.o(RESET) refers to stm32f10x_it.o(i.DebugMon_Handler) for DebugMon_Handler
    startup_stm32f10x_md.o(RESET) refers to stm32f10x_it.o(i.PendSV_Handler) for PendSV_Handler
    startup_stm32f10x_md.o(RESET) refers to stm32f10x_it.o(i.SysTick_Handler) for SysTick_Handler
    startup_stm32f10x_md.o(RESET) refers to key.o(i.TIM3_IRQHandler) for TIM3_IRQHandler
    startup_stm32f10x_md.o(RESET) refers to tim.o(i.TIM4_IRQHandler) for TIM4_IRQHandler
    startup_stm32f10x_md.o(RESET) refers to usart.o(i.USART1_IRQHandler) for USART1_IRQHandler
    startup_stm32f10x_md.o(RESET) refers to esp8266wifi.o(i.USART2_IRQHandler) for USART2_IRQHandler
    startup_stm32f10x_md.o(.text) refers (Special) to heapauxi.o(.text) for __use_two_region_memory
    startup_stm32f10x_md.o(.text) refers to system_stm32f10x.o(i.SystemInit) for SystemInit
    startup_stm32f10x_md.o(.text) refers to __main.o(!!!main) for __main
    startup_stm32f10x_md.o(.text) refers to startup_stm32f10x_md.o(HEAP) for Heap_Mem
    startup_stm32f10x_md.o(.text) refers to startup_stm32f10x_md.o(STACK) for Stack_Mem
    system_stm32f10x.o(i.SetSysClock) refers to system_stm32f10x.o(i.SetSysClockTo72) for SetSysClockTo72
    system_stm32f10x.o(i.SystemCoreClockUpdate) refers to system_stm32f10x.o(.data) for SystemCoreClock
    system_stm32f10x.o(i.SystemInit) refers to system_stm32f10x.o(i.SetSysClock) for SetSysClock
    stm32f10x_adc.o(i.ADC_DeInit) refers to stm32f10x_rcc.o(i.RCC_APB2PeriphResetCmd) for RCC_APB2PeriphResetCmd
    stm32f10x_bkp.o(i.BKP_DeInit) refers to stm32f10x_rcc.o(i.RCC_BackupResetCmd) for RCC_BackupResetCmd
    stm32f10x_can.o(i.CAN_DeInit) refers to stm32f10x_rcc.o(i.RCC_APB1PeriphResetCmd) for RCC_APB1PeriphResetCmd
    stm32f10x_can.o(i.CAN_GetITStatus) refers to stm32f10x_can.o(i.CheckITStatus) for CheckITStatus
    stm32f10x_cec.o(i.CEC_DeInit) refers to stm32f10x_rcc.o(i.RCC_APB1PeriphResetCmd) for RCC_APB1PeriphResetCmd
    stm32f10x_dac.o(i.DAC_DeInit) refers to stm32f10x_rcc.o(i.RCC_APB1PeriphResetCmd) for RCC_APB1PeriphResetCmd
    stm32f10x_flash.o(i.FLASH_EnableWriteProtection) refers to stm32f10x_flash.o(i.FLASH_WaitForLastOperation) for FLASH_WaitForLastOperation
    stm32f10x_flash.o(i.FLASH_EraseAllBank1Pages) refers to stm32f10x_flash.o(i.FLASH_WaitForLastBank1Operation) for FLASH_WaitForLastBank1Operation
    stm32f10x_flash.o(i.FLASH_EraseAllPages) refers to stm32f10x_flash.o(i.FLASH_WaitForLastOperation) for FLASH_WaitForLastOperation
    stm32f10x_flash.o(i.FLASH_EraseOptionBytes) refers to stm32f10x_flash.o(i.FLASH_GetReadOutProtectionStatus) for FLASH_GetReadOutProtectionStatus
    stm32f10x_flash.o(i.FLASH_EraseOptionBytes) refers to stm32f10x_flash.o(i.FLASH_WaitForLastOperation) for FLASH_WaitForLastOperation
    stm32f10x_flash.o(i.FLASH_ErasePage) refers to stm32f10x_flash.o(i.FLASH_WaitForLastOperation) for FLASH_WaitForLastOperation
    stm32f10x_flash.o(i.FLASH_ProgramHalfWord) refers to stm32f10x_flash.o(i.FLASH_WaitForLastOperation) for FLASH_WaitForLastOperation
    stm32f10x_flash.o(i.FLASH_ProgramOptionByteData) refers to stm32f10x_flash.o(i.FLASH_WaitForLastOperation) for FLASH_WaitForLastOperation
    stm32f10x_flash.o(i.FLASH_ProgramWord) refers to stm32f10x_flash.o(i.FLASH_WaitForLastOperation) for FLASH_WaitForLastOperation
    stm32f10x_flash.o(i.FLASH_ReadOutProtection) refers to stm32f10x_flash.o(i.FLASH_WaitForLastOperation) for FLASH_WaitForLastOperation
    stm32f10x_flash.o(i.FLASH_UserOptionByteConfig) refers to stm32f10x_flash.o(i.FLASH_WaitForLastOperation) for FLASH_WaitForLastOperation
    stm32f10x_flash.o(i.FLASH_WaitForLastBank1Operation) refers to stm32f10x_flash.o(i.FLASH_GetBank1Status) for FLASH_GetBank1Status
[...]
    ../clib/angel/kernel.s                   0x00000000   Number         0  rtexit2.o ABSOLUTE
    ../clib/angel/kernel.s                   0x00000000   Number         0  __rtentry.o ABSOLUTE
    ../clib/angel/kernel.s                   0x00000000   Number         0  __rtentry2.o ABSOLUTE
    ../clib/angel/kernel.s                   0x00000000   Number         0  __rtentry4.o ABSOLUTE
    ../clib/angel/rt.s                       0x00000000   Number         0  rt_raise.o ABSOLUTE
    ../clib/angel/scatter.s                  0x00000000   Number         0  __scatter.o ABSOLUTE
    ../clib/angel/startup.s                  0x00000000   Number         0  __main.o ABSOLUTE
    ../clib/angel/sys.s                      0x00000000   Number         0  libspace.o ABSOLUTE
    ../clib/angel/sys.s                      0x00000000   Number         0  indicate_semi.o ABSOLUTE
    ../clib/angel/sys.s                      0x00000000   Number         0  use_no_semi_2.o ABSOLUTE
    ../clib/angel/sys.s                      0x00000000   Number         0  use_no_semi.o ABSOLUTE
    ../clib/angel/sys.s                      0x00000000   Number         0  sys_stackheap_outer.o ABSOLUTE
    ../clib/angel/sysapp.c                   0x00000000   Number         0  sys_wrch.o ABSOLUTE
    ../clib/angel/sysapp.c                   0x00000000   Number         0  sys_command.o ABSOLUTE
    ../clib/armsys.c                         0x00000000   Number         0  argv_veneer.o ABSOLUTE
    ../clib/armsys.c                         0x00000000   Number         0  argv_veneer.o ABSOLUTE
    ../clib/armsys.c                         0x00000000   Number         0  no_argv.o ABSOLUTE
    ../clib/armsys.c                         0x00000000   Number         0  _get_argv_nomalloc.o ABSOLUTE
    ../clib/heapalloc.c                      0x00000000   Number         0  hrguard.o ABSOLUTE
    ../clib/heapaux.c                        0x00000000   Number         0  heapauxi.o ABSOLUTE
    ../clib/libinit.s                        0x00000000   Number         0  libshutdown2.o ABSOLUTE
    ../clib/libinit.s                        0x00000000   Number         0  libinit2.o ABSOLUTE
    ../clib/libinit.s                        0x00000000   Number         0  libshutdown.o ABSOLUTE
    ../clib/libinit.s                        0x00000000   Number         0  libinit.o ABSOLUTE
    ../clib/signal.c                         0x00000000   Number         0  defsig_rtmem_inner.o ABSOLUTE
    ../clib/signal.c                         0x00000000   Number         0  defsig_exit.o ABSOLUTE
    ../clib/signal.c                         0x00000000   Number         0  defsig_rtmem_outer.o ABSOLUTE
    ../clib/signal.c                         0x00000000   Number         0  defsig_cppl_inner.o ABSOLUTE
    ../clib/signal.c                         0x00000000   Number         0  defsig_pvfn_inner.o ABSOLUTE
    ../clib/signal.c                         0x00000000   Number         0  defsig_stak_inner.o ABSOLUTE
    ../clib/signal.c                         0x00000000   Number         0  defsig_segv_inner.o ABSOLUTE
    ../clib/signal.c                         0x00000000   Number         0  defsig_rtred_inner.o ABSOLUTE
    ../clib/signal.c                         0x00000000   Number         0  defsig_other.o ABSOLUTE
    ../clib/signal.c                         0x00000000   Number         0  defsig_fpe_inner.o ABSOLUTE
    ../clib/signal.c                         0x00000000   Number         0  defsig_abrt_inner.o ABSOLUTE
    ../clib/signal.c                         0x00000000   Number         0  defsig_rtmem_formal.o ABSOLUTE
    ../clib/signal.c                         0x00000000   Number         0  defsig_general.o ABSOLUTE
    ../clib/signal.c                         0x00000000   Number         0  __raise.o ABSOLUTE
    ../clib/signal.s                         0x00000000   Number         0  defsig.o ABSOLUTE
    ../clib/stdlib.c                         0x00000000   Number         0  exit.o ABSOLUTE
    ../clib/string.c                         0x00000000   Number         0  strlen.o ABSOLUTE
    ../clib/string.c                         0x00000000   Number         0  strcpy.o ABSOLUTE
    ../fplib/fpinit.s                        0x00000000   Number         0  fpinit.o ABSOLUTE
    Hardware\ESP8266WiFi\ESP8266WiFi.c       0x00000000   Number         0  esp8266wifi.o ABSOLUTE
    Hardware\Encoder\Encoder.c               0x00000000   Number         0  encoder.o ABSOLUTE
    Hardware\KEY\KEY.c                       0x00000000   Number         0  key.o ABSOLUTE
    Hardware\LCD\oled.c                      0x00000000   Number         0  oled.o ABSOLUTE
    Hardware\MENU\Menu.c                     0x00000000   Number         0  menu.o ABSOLUTE
    Hardware\RGB_LIGHT\RGB_LIGHT.c           0x00000000   Number         0  rgb_light.o ABSOLUTE
    Hardware\SPI\spi.c                       0x00000000   Number         0  spi.o ABSOLUTE
    Hardware\STORAGE\Storage.c               0x00000000   Number         0  storage.o ABSOLUTE
    Hardware\TIM\TIM.c                       0x00000000   Number         0  tim.o ABSOLUTE
    Hardware\W25QXX\w25q64.c                 0x00000000   Number         0  w25q64.o ABSOLUTE
    Library\misc.c                           0x00000000   Number         0  misc.o ABSOLUTE
    Library\stm32f10x_adc.c                  0x00000000   Number         0  stm32f10x_adc.o ABSOLUTE
    Library\stm32f10x_bkp.c                  0x00000000   Number         0  stm32f10x_bkp.o ABSOLUTE
    Library\stm32f10x_can.c                  0x00000000   Number         0  stm32f10x_can.o ABSOLUTE
    Library\stm32f10x_cec.c                  0x00000000   Number         0  stm32f10x_cec.o ABSOLUTE
    Library\stm32f10x_crc.c                  0x00000000   Number         0  stm32f10x_crc.o ABSOLUTE
    Library\stm32f10x_dac.c                  0x00000000   Number         0  stm32f10x_dac.o ABSOLUTE
    Library\stm32f10x_dbgmcu.c               0x00000000   Number         0  stm32f10x_dbgmcu.o ABSOLUTE
    Library\stm32f10x_dma.c                  0x00000000   Number         0  stm32f10x_dma.o ABSOLUTE
    Library\stm32f10x_exti.c                 0x00000000   Number         0  stm32f10x_exti.o ABSOLUTE
    Library\stm32f10x_flash.c                0x00000000   Number         0  stm32f10x_flash.o ABSOLUTE
    Library\stm32f10x_fsmc.c                 0x00000000   Number         0  stm32f10x_fsmc.o ABSOLUTE
    Library\stm32f10x_gpio.c                 0x00000000   Number         0  stm32f10x_gpio.o ABSOLUTE
    Library\stm32f10x_i2c.c                  0x00000000   Number         0  stm32f10x_i2c.o ABSOLUTE
    Library\stm32f10x_iwdg.c                 0x00000000   Number         0  stm32f10x_iwdg.o ABSOLUTE
    Library\stm32f10x_pwr.c                  0x00000000   Number         0  stm32f10x_pwr.o ABSOLUTE
    Library\stm32f10x_rcc.c                  0x00000000   Number         0  stm32f10x_rcc.o ABSOLUTE
    Library\stm32f10x_rtc.c                  0x00000000   Number         0  stm32f10x_rtc.o ABSOLUTE
    Library\stm32f10x_sdio.c                 0x00000000   Number         0  stm32f10x_sdio.o ABSOLUTE
    Library\stm32f10x_spi.c                  0x00000000   Number         0  stm32f10x_spi.o ABSOLUTE
    Library\stm32f10x_tim.c                  0x00000000   Number         0  stm32f10x_tim.o ABSOLUTE
    Library\stm32f10x_usart.c                0x00000000   Number         0  stm32f10x_usart.o ABSOLUTE
    Library\stm32f10x_wwdg.c                 0x00000000   Number         0  stm32f10x_wwdg.o ABSOLUTE
    Start\\core_cm3.c                        0x00000000   Number         0  core_cm3.o ABSOLUTE
    Start\core_cm3.c                         0x00000000   Number         0  core_cm3.o ABSOLUTE
    Start\startup_stm32f10x_md.s             0x00000000   Number         0  startup_stm32f10x_md.o ABSOLUTE
    Start\system_stm32f10x.c                 0x00000000   Number         0  system_stm32f10x.o ABSOLUTE
    System\delay\delay.c                     0x00000000   Number         0  delay.o ABSOLUTE
    System\sys\sys.c                         0x00000000   Number         0  sys.o ABSOLUTE
    System\usart\usart.c                     0x00000000   Number         0  usart.o ABSOLUTE
    User\main.c                              0x00000000   Number         0  main.o ABSOLUTE
    User\stm32f10x_it.c                      0x00000000   Number         0  stm32f10x_it.o ABSOLUTE
    dc.s                                     0x00000000   Number         0  dc.o ABSOLUTE
    RESET                                    0x08000000   Section      236  startup_stm32f10x_md.o(RESET)
    !!!main                                  0x080000ec   Section        8  __main.o(!!!main)
    !!!scatter                               0x080000f4   Section       52  __scatter.o(!!!scatter)
    !!dczerorl2                              0x08000128   Section       90  __dczerorl2.o(!!dczerorl2)
    !!handler_zi                             0x08000184   Section       28  __scatter_zi.o(!!handler_zi)
    .ARM.Collect$$libinit$$00000000          0x080001a0   Section        2  libinit.o(.ARM.Collect$$libinit$$00000000)
    .ARM.Collect$$libinit$$00000002          0x080001a2   Section        0  libinit2.o(.ARM.Collect$$libinit$$00000002)
    .ARM.Collect$$libinit$$00000004          0x080001a2   Section        0  libinit2.o(.ARM.Collect$$libinit$$00000004)
    .ARM.Collect$$libinit$$0000000A          0x080001a2   Section        0  libinit2.o(.ARM.Collect$$libinit$$0000000A)
    .ARM.Collect$$libinit$$0000000C          0x080001a2   Section        0  libinit2.o(.ARM.Collect$$libinit$$0000000C)
    .ARM.Collect$$libinit$$0000000E          0x080001a2   Section        0  libinit2.o(.ARM.Collect$$libinit$$0000000E)
    .ARM.Collect$$libinit$$00000011          0x080001a2   Section        0  libinit2.o(.ARM.Collect$$libinit$$00000011)
    .ARM.Collect$$libinit$$00000013          0x080001a2   Section        0  libinit2.o(.ARM.Collect$$libinit$$00000013)
    .ARM.Collect$$libinit$$00000015          0x080001a2   Section        0  libinit2.o(.ARM.Collect$$libinit$$00000015)
    .ARM.Collect$$libinit$$00000017          0x080001a2   Section        0  libinit2.o(.ARM.Collect$$libinit$$00000017)
    .ARM.Collect$$libinit$$00000019          0x080001a2   Section        0  libinit2.o(.ARM.Collect$$libinit$$00000019)
    .ARM.Collect$$libinit$$0000001B          0x080001a2   Section        0  libinit2.o(.ARM.Collect$$libinit$$0000001B)
    .ARM.Collect$$libinit$$0000001D          0x080001a2   Section        0  libinit2.o(.ARM.Collect$$libinit$$0000001D)
    .ARM.Collect$$libinit$$0000001F          0x080001a2   Section        0  libinit2.o(.ARM.Collect$$libinit$$0000001F)
    .ARM.Collect$$libinit$$00000021          0x080001a2   Section        0  libinit2.o(.ARM.Collect$$libinit$$00000021)
    .ARM.Collect$$libinit$$00000023          0x080001a2   Section        0  libinit2.o(.ARM.Collect$$libinit$$00000023)
    .ARM.Collect$$libinit$$00000025          0x080001a2   Section        0  libinit2.o(.ARM.Collect$$libinit$$00000025)
    .ARM.Collect$$libinit$$0000002C          0x080001a2   Section        0  libinit2.o(.ARM.Collect$$libinit$$0000002C)
    .ARM.Collect$$libinit$$0000002E          0x080001a2   Section        0  libinit2.o(.ARM.Collect$$libinit$$0000002E)
    .ARM.Collect$$libinit$$00000030          0x080001a2   Section        0  libinit2.o(.ARM.Collect$$libinit$$00000030)
    .ARM.Collect$$libinit$$00000032          0x080001a2   Section        0  libinit2.o(.ARM.Collect$$libinit$$00000032)
    .ARM.Collect$$libinit$$00000033          0x080001a2   Section        2  libinit2.o(.ARM.Collect$$libinit$$00000033)
    .ARM.Collect$$libshutdown$$00000000      0x080001a4   Section        2  libshutdown.o(.ARM.Collect$$libshutdown$$00000000)
    .ARM.Collect$$libshutdown$$00000002      0x080001a6   Section        0  libshutdown2.o(.ARM.Collect$$libshutdown$$00000002)
    .ARM.Collect$$libshutdown$$00000004      0x080001a6   Section        0  libshutdown2.o(.ARM.Collect$$libshutdown$$00000004)
    .ARM.Collect$$libshutdown$$00000007      0x080001a6   Section        0  libshutdown2.o(.ARM.Collect$$libshutdown$$00000007)
    .ARM.Collect$$libshutdown$$0000000A      0x080001a6   Section        0  libshutdown2.o(.ARM.Collect$$libshutdown$$0000000A)
    .ARM.Collect$$libshutdown$$0000000C      0x080001a6   Section        0  libshutdown2.o(.ARM.Collect$$libshutdown$$0000000C)
    .ARM.Collect$$libshutdown$$0000000F      0x080001a6   Section        0  libshutdown2.o(.ARM.Collect$$libshutdown$$0000000F)
    .ARM.Collect$$libshutdown$$00000010      0x080001a6   Section        2  libshutdown2.o(.ARM.Collect$$libshutdown$$00000010)
    .ARM.Collect$$rtentry$$00000000          0x080001a8   Section        0  __rtentry.o(.ARM.Collect$$rtentry$$00000000)
    .ARM.Collect$$rtentry$$00000002          0x080001a8   Section        0  __rtentry2.o(.ARM.Collect$$rtentry$$00000002)
    .ARM.Collect$$rtentry$$00000004          0x080001a8   Section        6  __rtentry4.o(.ARM.Collect$$rtentry$$00000004)
    .ARM.Collect$$rtentry$$00000009          0x080001ae   Section        0  __rtentry2.o(.ARM.Collect$$rtentry$$00000009)
    .ARM.Collect$$rtentry$$0000000A          0x080001ae   Section        4  __rtentry2.o(.ARM.Collect$$rtentry$$0000000A)
    .ARM.Collect$$rtentry$$0000000C          0x080001b2   Section        0  __rtentry2.o(.ARM.Collect$$rtentry$$0000000C)
    .ARM.Collect$$rtentry$$0000000D          0x080001b2   Section        8  __rtentry2.o(.ARM.Collect$$rtentry$$0000000D)
    .ARM.Collect$$rtexit$$00000000           0x080001ba   Section        2  rtexit.o(.ARM.Collect$$rtexit$$00000000)
    .ARM.Collect$$rtexit$$00000002           0x080001bc   Section        0  rtexit2.o(.ARM.Collect$$rtexit$$00000002)
    .ARM.Collect$$rtexit$$00000003           0x080001bc   Section        4  rtexit2.o(.ARM.Collect$$rtexit$$00000003)
    .ARM.Collect$$rtexit$$00000004           0x080001c0   Section        6  rtexit2.o(.ARM.Collect$$rtexit$$00000004)
    .text                                    0x080001c8   Section       64  startup_stm32f10x_md.o(.text)
    .text                                    0x08000208   Section        2  use_no_semi_2.o(.text)
    .text                                    0x0800020a   Section        0  strcpy.o(.text)
    .text                                    0x08000252   Section        0  heapauxi.o(.text)
    .text                                    0x08000258   Section        2  use_no_semi.o(.text)
    .text                                    0x0800025a   Section       74  sys_stackheap_outer.o(.text)
    .text                                    0x080002a4   Section        0  exit.o(.text)
    .text                                    0x080002b8   Section        8  libspace.o(.text)
    i.Address_set                            0x080002c0   Section        0  oled.o(i.Address_set)
    i.BusFault_Handler                       0x0800031a   Section        0  stm32f10x_it.o(i.BusFault_Handler)
    i.DATA_Pin_Init                          0x08000320   Section        0  rgb_light.o(i.DATA_Pin_Init)
    i.DebugMon_Handler                       0x08000354   Section        0  stm32f10x_it.o(i.DebugMon_Handler)
    i.Draw_Circle                            0x08000356   Section        0  oled.o(i.Draw_Circle)
    i.Encoder_TIM2_Init                      0x08000408   Section        0  encoder.o(i.Encoder_TIM2_Init)
    i.Flowing                                0x080004ac   Section        0  rgb_light.o(i.Flowing)
    i.GPIO_Init                              0x080006e8   Section        0  stm32f10x_gpio.o(i.GPIO_Init)
    i.GPIO_PinRemapConfig                    0x08000800   Section        0  stm32f10x_gpio.o(i.GPIO_PinRemapConfig)
    i.GPIO_ResetBits                         0x08000890   Section        0  stm32f10x_gpio.o(i.GPIO_ResetBits)
    i.GPIO_SetBits                           0x08000894   Section        0  stm32f10x_gpio.o(i.GPIO_SetBits)
    i.GetData                                0x08000898   Section        0  storage.o(i.GetData)
    i.GetShowPicture                         0x08000934   Section        0  storage.o(i.GetShowPicture)
    i.GetType                                0x08000988   Section        0  storage.o(i.GetType)
    i.HardFault_Handler                      0x08000a04   Section        0  stm32f10x_it.o(i.HardFault_Handler)
    i.KEY_Init                               0x08000a08   Section        0  key.o(i.KEY_Init)
    i.LCD_Clear                              0x08000a70   Section        0  oled.o(i.LCD_Clear)
    i.LCD_DrawLine                           0x08000aa0   Section        0  oled.o(i.LCD_DrawLine)
    i.LCD_DrawPoint                          0x08000b50   Section        0  oled.o(i.LCD_DrawPoint)
    i.LCD_DrawPoint_big                      0x08000b70   Section        0  oled.o(i.LCD_DrawPoint_big)
    i.LCD_DrawRectangle                      0x08000b98   Section        0  oled.o(i.LCD_DrawRectangle)
    i.LCD_Fill                               0x08000bd8   Section        0  oled.o(i.LCD_Fill)
    i.LCD_Function                           0x08000c20   Section        0  menu.o(i.LCD_Function)
    i.LCD_Menu_Init                          0x08001360   Section        0  menu.o(i.LCD_Menu_Init)
    i.LCD_ReturnShow                         0x08001710   Section        0  menu.o(i.LCD_ReturnShow)
    i.LCD_SetColor                           0x08001820   Section        0  oled.o(i.LCD_SetColor)
    i.LCD_ShowBackGround                     0x08001834   Section        0  menu.o(i.LCD_ShowBackGround)
    i.LCD_ShowChar                           0x08001924   Section        0  oled.o(i.LCD_ShowChar)
    i.LCD_ShowNum                            0x08001a0c   Section        0  oled.o(i.LCD_ShowNum)
    i.LCD_ShowOutline                        0x08001a8c   Section        0  menu.o(i.LCD_ShowOutline)
    i.LCD_ShowString                         0x08001b68   Section        0  oled.o(i.LCD_ShowString)
    i.LCD_Showhanzi                          0x08001bac   Section        0  oled.o(i.LCD_Showhanzi)
    i.LCD_Showimage                          0x08001c64   Section        0  oled.o(i.LCD_Showimage)
    i.LCD_Switch                             0x08001cb0   Section        0  menu.o(i.LCD_Switch)
    i.LCD_UpdateMenu                         0x08002068   Section        0  menu.o(i.LCD_UpdateMenu)
    i.LCD_UpdatePage                         0x080020d4   Section        0  menu.o(i.LCD_UpdatePage)
    i.LCD_WR_DATA                            0x08002284   Section        0  oled.o(i.LCD_WR_DATA)
    i.LCD_WR_DATA8                           0x080022a4   Section        0  oled.o(i.LCD_WR_DATA8)
    i.LCD_WR_REG                             0x080022bc   Section        0  oled.o(i.LCD_WR_REG)
    i.LCD_Writ_Bus                           0x080022d4   Section        0  oled.o(i.LCD_Writ_Bus)
    i.Lcd_Init                               0x08002318   Section        0  oled.o(i.Lcd_Init)
    i.MemManage_Handler                      0x08002508   Section        0  stm32f10x_it.o(i.MemManage_Handler)
    i.NMI_Handler                            0x0800250c   Section        0  stm32f10x_it.o(i.NMI_Handler)
    i.NVIC_Config                            0x0800250e   Section        0  sys.o(i.NVIC_Config)
    i.NVIC_Init                              0x0800258c   Section        0  misc.o(i.NVIC_Init)
    i.NVIC_PriorityGroupConfig               0x080025fc   Section        0  misc.o(i.NVIC_PriorityGroupConfig)
    i.PendSV_Handler                         0x08002610   Section        0  stm32f10x_it.o(i.PendSV_Handler)
    i.PicShow_Stroge                         0x08002614   Section        0  esp8266wifi.o(i.PicShow_Stroge)
    i.RCC_APB1PeriphClockCmd                 0x08002774   Section        0  stm32f10x_rcc.o(i.RCC_APB1PeriphClockCmd)
    i.RCC_APB2PeriphClockCmd                 0x08002794   Section        0  stm32f10x_rcc.o(i.RCC_APB2PeriphClockCmd)
    i.RCC_GetClocksFreq                      0x080027b4   Section        0  stm32f10x_rcc.o(i.RCC_GetClocksFreq)
    i.RGB_Off                                0x08002888   Section        0  rgb_light.o(i.RGB_Off)
    i.RGB_Refresh_All                        0x080028a4   Section        0  rgb_light.o(i.RGB_Refresh_All)
    i.RGB_SETBE                              0x080028d4   Section        0  rgb_light.o(i.RGB_SETBE)
    i.RGB_Send_0Code                         0x080028e8   Section        0  rgb_light.o(i.RGB_Send_0Code)
    i.RGB_Send_1Bits                         0x08002914   Section        0  rgb_light.o(i.RGB_Send_1Bits)
    i.RGB_Send_1Code                         0x08002928   Section        0  rgb_light.o(i.RGB_Send_1Code)
    i.RGB_Send_24Bits                        0x08002954   Section        0  rgb_light.o(i.RGB_Send_24Bits)
    i.SPI2_Init                              0x08002970   Section        0  spi.o(i.SPI2_Init)
    i.SPI2_ReadWriteByte                     0x08002a04   Section        0  spi.o(i.SPI2_ReadWriteByte)
    i.SPI2_SetSpeed                          0x08002a58   Section        0  spi.o(i.SPI2_SetSpeed)
    i.SPI_Cmd                                0x08002a80   Section        0  stm32f10x_spi.o(i.SPI_Cmd)
    i.SPI_I2S_GetFlagStatus                  0x08002a98   Section        0  stm32f10x_spi.o(i.SPI_I2S_GetFlagStatus)
    i.SPI_I2S_ReceiveData                    0x08002aaa   Section        0  stm32f10x_spi.o(i.SPI_I2S_ReceiveData)
    i.SPI_I2S_SendData                       0x08002ab0   Section        0  stm32f10x_spi.o(i.SPI_I2S_SendData)
    i.SPI_Init                               0x08002ab4   Section        0  stm32f10x_spi.o(i.SPI_Init)
    i.SVC_Handler                            0x08002af0   Section        0  stm32f10x_it.o(i.SVC_Handler)
    i.Send_RGB                               0x08002af2   Section        0  rgb_light.o(i.Send_RGB)
    i.SetFlowingType                         0x08002b10   Section        0  rgb_light.o(i.SetFlowingType)
    i.SetInterval                            0x08002b1c   Section        0  rgb_light.o(i.SetInterval)
    i.SetSysClock                            0x08002b28   Section        0  system_stm32f10x.o(i.SetSysClock)
    SetSysClock                              0x08002b29   Thumb Code     8  system_stm32f10x.o(i.SetSysClock)
    i.SetSysClockTo72                        0x08002b30   Section        0  system_stm32f10x.o(i.SetSysClockTo72)
    SetSysClockTo72                          0x08002b31   Thumb Code   214  system_stm32f10x.o(i.SetSysClockTo72)
    i.Set_RGB                                0x08002c10   Section        0  rgb_light.o(i.Set_RGB)
    i.Set_RGBDATA                            0x08002c84   Section        0  rgb_light.o(i.Set_RGBDATA)
    i.Show_Function                          0x08002cfc   Section        0  menu.o(i.Show_Function)
    i.StorageData                            0x08002ffc   Section        0  storage.o(i.StorageData)
    i.StoragePicture                         0x080030e4   Section        0  storage.o(i.StoragePicture)
    i.StorageType                            0x0800310c   Section        0  storage.o(i.StorageType)
    i.Storage_Init                           0x080031bc   Section        0  storage.o(i.Storage_Init)
    i.SysTick_CLKSourceConfig                0x080031c4   Section        0  misc.o(i.SysTick_CLKSourceConfig)
    i.SysTick_Handler                        0x080031ec   Section        0  stm32f10x_it.o(i.SysTick_Handler)
    i.SystemInit                             0x080031f0   Section        0  system_stm32f10x.o(i.SystemInit)
    i.TI1_Config                             0x08003250   Section        0  stm32f10x_tim.o(i.TI1_Config)
    TI1_Config                               0x08003251   Thumb Code   108  stm32f10x_tim.o(i.TI1_Config)
    i.TI2_Config                             0x080032d0   Section        0  stm32f10x_tim.o(i.TI2_Config)
    TI2_Config                               0x080032d1   Thumb Code   130  stm32f10x_tim.o(i.TI2_Config)
    i.TI3_Config                             0x08003368   Section        0  stm32f10x_tim.o(i.TI3_Config)
    TI3_Config                               0x08003369   Thumb Code   122  stm32f10x_tim.o(i.TI3_Config)
    i.TI4_Config                             0x080033f8   Section        0  stm32f10x_tim.o(i.TI4_Config)
    TI4_Config                               0x080033f9   Thumb Code   130  stm32f10x_tim.o(i.TI4_Config)
    i.TIM3_IRQHandler                        0x08003490   Section        0  key.o(i.TIM3_IRQHandler)
    i.TIM3_Int_Init                          0x080035c0   Section        0  tim.o(i.TIM3_Int_Init)
    i.TIM4_IRQHandler                        0x08003600   Section        0  tim.o(i.TIM4_IRQHandler)
    i.TIM4_Int_Init                          0x08003620   Section        0  tim.o(i.TIM4_Int_Init)
    i.TIM_ClearFlag                          0x08003668   Section        0  stm32f10x_tim.o(i.TIM_ClearFlag)
    i.TIM_ClearITPendingBit                  0x0800366e   Section        0  stm32f10x_tim.o(i.TIM_ClearITPendingBit)
    i.TIM_Cmd                                0x08003674   Section        0  stm32f10x_tim.o(i.TIM_Cmd)
    i.TIM_EncoderInterfaceConfig             0x0800368c   Section        0  stm32f10x_tim.o(i.TIM_EncoderInterfaceConfig)
    i.TIM_GetCounter                         0x080036ce   Section        0  stm32f10x_tim.o(i.TIM_GetCounter)
    i.TIM_GetITStatus                        0x080036d4   Section        0  stm32f10x_tim.o(i.TIM_GetITStatus)
    i.TIM_ICInit                             0x080036f8   Section        0  stm32f10x_tim.o(i.TIM_ICInit)
    i.TIM_ICStructInit                       0x080037a4   Section        0  stm32f10x_tim.o(i.TIM_ICStructInit)
    i.TIM_ITConfig                           0x080037b6   Section        0  stm32f10x_tim.o(i.TIM_ITConfig)
    i.TIM_SetCounter                         0x080037c8   Section        0  stm32f10x_tim.o(i.TIM_SetCounter)
    i.TIM_SetIC1Prescaler                    0x080037cc   Section        0  stm32f10x_tim.o(i.TIM_SetIC1Prescaler)
    i.TIM_SetIC2Prescaler                    0x080037de   Section        0  stm32f10x_tim.o(i.TIM_SetIC2Prescaler)
    i.TIM_SetIC3Prescaler                    0x080037f8   Section        0  stm32f10x_tim.o(i.TIM_SetIC3Prescaler)
    i.TIM_SetIC4Prescaler                    0x0800380a   Section        0  stm32f10x_tim.o(i.TIM_SetIC4Prescaler)
    i.TIM_TimeBaseInit                       0x08003824   Section        0  stm32f10x_tim.o(i.TIM_TimeBaseInit)
    i.TIM_TimeBaseStructInit                 0x080038c8   Section        0  stm32f10x_tim.o(i.TIM_TimeBaseStructInit)
    i.USART1_IRQHandler                      0x080038dc   Section        0  usart.o(i.USART1_IRQHandler)
    i.USART2_IRQHandler                      0x080039c8   Section        0  esp8266wifi.o(i.USART2_IRQHandler)
    i.USART_ClearITPendingBit                0x08003ba4   Section        0  stm32f10x_usart.o(i.USART_ClearITPendingBit)
    i.USART_Cmd                              0x08003bc2   Section        0  stm32f10x_usart.o(i.USART_Cmd)
    i.USART_GetITStatus                      0x08003bda   Section        0  stm32f10x_usart.o(i.USART_GetITStatus)
    i.USART_ITConfig                         0x08003c2e   Section        0  stm32f10x_usart.o(i.USART_ITConfig)
    i.USART_Init                             0x08003c78   Section        0  stm32f10x_usart.o(i.USART_Init)
    i.USART_ReceiveData                      0x08003d50   Section        0  stm32f10x_usart.o(i.USART_ReceiveData)
    i.UsageFault_Handler                     0x08003d5a   Section        0  stm32f10x_it.o(i.UsageFault_Handler)
    i.W25QXX_Erase_Sector                    0x08003d60   Section        0  w25q64.o(i.W25QXX_Erase_Sector)
    i.W25QXX_Init                            0x08003da4   Section        0  w25q64.o(i.W25QXX_Init)
    i.W25QXX_Read                            0x08003df0   Section        0  w25q64.o(i.W25QXX_Read)
    i.W25QXX_ReadSR                          0x08003e40   Section        0  w25q64.o(i.W25QXX_ReadSR)
    i.W25QXX_Read_Sector                     0x08003e6c   Section        0  w25q64.o(i.W25QXX_Read_Sector)
    i.W25QXX_Wait_Busy                       0x08003e88   Section        0  w25q64.o(i.W25QXX_Wait_Busy)
    i.W25QXX_Write_Enable                    0x08003e9c   Section        0  w25q64.o(i.W25QXX_Write_Enable)
    i.W25QXX_Write_Page                      0x08003ebc   Section        0  w25q64.o(i.W25QXX_Write_Page)
    i.W25QXX_Write_Sector                    0x08003f14   Section        0  w25q64.o(i.W25QXX_Write_Sector)
    i.W25QXX_Write_Sector2                   0x08003fb4   Section        0  w25q64.o(i.W25QXX_Write_Sector2)
    i._sys_exit                              0x08004038   Section        0  usart.o(i._sys_exit)
    i.delay_init                             0x0800403c   Section        0  delay.o(i.delay_init)
    i.delay_ms                               0x08004080   Section        0  delay.o(i.delay_ms)
    i.main                                   0x080040cc   Section        0  main.o(i.main)
    i.mypow                                  0x080041a4   Section        0  oled.o(i.mypow)
    i.uart1_init                             0x080041bc   Section        0  usart.o(i.uart1_init)
    i.uart2_init                             0x08004248   Section        0  usart.o(i.uart2_init)
    .constdata                               0x080042d8   Section     1520  oled.o(.constdata)
    .data                                    0x20000000   Section       20  system_stm32f10x.o(.data)
    .data                                    0x20000014   Section       20  stm32f10x_rcc.o(.data)
    APBAHBPrescTable                         0x20000014   Data          16  stm32f10x_rcc.o(.data)
    ADCPrescTable                            0x20000024   Data           4  stm32f10x_rcc.o(.data)
    .data                                    0x20000028   Section       20  key.o(.data)
    FLAG_KEY1                                0x2000002c   Data           8  key.o(.data)
    FLAG_KEY2                                0x20000034   Data           8  key.o(.data)
    .data                                    0x2000003c   Section       88  rgb_light.o(.data)
    .data                                    0x20000094   Section      198  oled.o(.data)
    .data                                    0x2000015a   Section       20  menu.o(.data)
    Func_count                               0x2000016d   Data           1  menu.o(.data)
    .data                                    0x2000016e   Section        2  encoder.o(.data)
    .data                                    0x20000170   Section        5  storage.o(.data)
    .data                                    0x20000176   Section       40  esp8266wifi.o(.data)
    .data                                    0x2000019e   Section        4  delay.o(.data)
    fac_us                                   0x2000019e   Data           1  delay.o(.data)
    fac_ms                                   0x200001a0   Data           2  delay.o(.data)
    .data                                    0x200001a4   Section       13  usart.o(.data)
    .bss                                     0x200001b4   Section      236  rgb_light.o(.bss)
    .bss                                     0x200002a0   Section     1050  menu.o(.bss)
    .bss                                     0x200006ba   Section     8192  w25q64.o(.bss)
    .bss                                     0x200026ba   Section      719  storage.o(.bss)
    .bss                                     0x20002989   Section     7680  esp8266wifi.o(.bss)
    .bss                                     0x2000478c   Section       96  libspace.o(.bss)
    HEAP                                     0x200047f0   Section      512  startup_stm32f10x_md.o(HEAP)
    Heap_Mem                                 0x200047f0   Data         512  startup_stm32f10x_md.o(HEAP)
    STACK                                    0x200049f0   Section     1024  startup_stm32f10x_md.o(STACK)
    Stack_Mem                                0x200049f0   Data        1024  startup_stm32f10x_md.o(STACK)
    __initial_sp                             0x20004df0   Data           0  startup_stm32f10x_md.o(STACK)

    Global Symbols

    Symbol Name                              Value     Ov Type        Size  Object(Section)

    BuildAttributes$$THM_ISAv4$P$D$K$B$S$PE$A:L22UL41UL21$X:L11$S22US41US21$IEEE1$IW$USESV6$~STKCKD$USESV7$~SHL$OSPACE$ROPI$EBA8$UX$STANDARDLIB$REQ8$PRES8$EABIv2 0x00000000   Number         0  anon$$obj.o ABSOLUTE
    __ARM_use_no_argv                        0x00000000   Number         0  main.o ABSOLUTE
    __ARM_exceptions_init                     - Undefined Weak Reference
    __alloca_initialize                       - Undefined Weak Reference
    __arm_preinit_                            - Undefined Weak Reference
    __cpp_initialize__aeabi_                  - Undefined Weak Reference
    __cxa_finalize                            - Undefined Weak Reference
    __rt_locale                               - Undefined Weak Reference
    __sigvec_lookup                           - Undefined Weak Reference
    _atexit_init                              - Undefined Weak Reference
    _call_atexit_fns                          - Undefined Weak Reference
    _clock_init                               - Undefined Weak Reference
    _fp_trap_init                             - Undefined Weak Reference
    _fp_trap_shutdown                         - Undefined Weak Reference
    _get_lc_collate                           - Undefined Weak Reference
    _get_lc_ctype                             - Undefined Weak Reference
    _get_lc_monetary                          - Undefined Weak Reference
    _get_lc_numeric                           - Undefined Weak Reference
    _get_lc_time                              - Undefined Weak Reference
    _getenv_init                              - Undefined Weak Reference
    _handle_redirection                       - Undefined Weak Reference
    _init_alloc                               - Undefined Weak Reference
    _init_user_alloc                          - Undefined Weak Reference
    _initio                                   - Undefined Weak Reference
    _rand_init                                - Undefined Weak Reference
    _signal_finish                            - Undefined Weak Reference
    _signal_init                              - Undefined Weak Reference
    _terminate_alloc                          - Undefined Weak Reference
    _terminate_user_alloc                     - Undefined Weak Reference
    _terminateio                              - Undefined Weak Reference
    __Vectors_Size                           0x000000ec   Number         0  startup_stm32f10x_md.o ABSOLUTE
    __Vectors                                0x08000000   Data           4  startup_stm32f10x_md.o(RESET)
    __Vectors_End                            0x080000ec   Data           0  startup_stm32f10x_md.o(RESET)
    __main                                   0x080000ed   Thumb Code     8  __main.o(!!!main)
    __scatterload                            0x080000f5   Thumb Code     0  __scatter.o(!!!scatter)
    __scatterload_rt2                        0x080000f5   Thumb Code    44  __scatter.o(!!!scatter)
    __scatterload_rt2_thumb_only             0x080000f5   Thumb Code     0  __scatter.o(!!!scatter)
    __scatterload_null                       0x08000103   Thumb Code     0  __scatter.o(!!!scatter)
    __decompress                             0x08000129   Thumb Code    90  __dczerorl2.o(!!dczerorl2)
    __decompress1                            0x08000129   Thumb Code     0  __dczerorl2.o(!!dczerorl2)
    __scatterload_zeroinit                   0x08000185   Thumb Code    28  __scatter_zi.o(!!handler_zi)
    __rt_lib_init                            0x080001a1   Thumb Code     0  libinit.o(.ARM.Collect$$libinit$$00000000)
    __rt_lib_init_alloca_1                   0x080001a3   Thumb Code     0  libinit2.o(.ARM.Collect$$libinit$$0000002E)
    __rt_lib_init_argv_1                     0x080001a3   Thumb Code     0  libinit2.o(.ARM.Collect$$libinit$$0000002C)
    __rt_lib_init_atexit_1                   0x080001a3   Thumb Code     0  libinit2.o(.ARM.Collect$$libinit$$0000001B)
    __rt_lib_init_clock_1                    0x080001a3   Thumb Code     0  libinit2.o(.ARM.Collect$$libinit$$00000021)
    __rt_lib_init_cpp_1                      0x080001a3   Thumb Code     0  libinit2.o(.ARM.Collect$$libinit$$00000032)
    __rt_lib_init_exceptions_1               0x080001a3   Thumb Code     0  libinit2.o(.ARM.Collect$$libinit$$00000030)
    __rt_lib_init_fp_1                       0x080001a3   Thumb Code     0  libinit2.o(.ARM.Collect$$libinit$$00000002)
    __rt_lib_init_fp_trap_1                  0x080001a3   Thumb Code     0  libinit2.o(.ARM.Collect$$libinit$$0000001F)
    __rt_lib_init_getenv_1                   0x080001a3   Thumb Code     0  libinit2.o(.ARM.Collect$$libinit$$00000023)
    __rt_lib_init_heap_1                     0x080001a3   Thumb Code     0  libinit2.o(.ARM.Collect$$libinit$$0000000A)
    __rt_lib_init_lc_collate_1               0x080001a3   Thumb Code     0  libinit2.o(.ARM.Collect$$libinit$$00000011)
    __rt_lib_init_lc_ctype_1                 0x080001a3   Thumb Code     0  libinit2.o(.ARM.Collect$$libinit$$00000013)
    __rt_lib_init_lc_monetary_1              0x080001a3   Thumb Code     0  libinit2.o(.ARM.Collect$$libinit$$00000015)
    __rt_lib_init_lc_numeric_1               0x080001a3   Thumb Code     0  libinit2.o(.ARM.Collect$$libinit$$00000017)
    __rt_lib_init_lc_time_1                  0x080001a3   Thumb Code     0  libinit2.o(.ARM.Collect$$libinit$$00000019)
    __rt_lib_init_preinit_1                  0x080001a3   Thumb Code     0  libinit2.o(.ARM.Collect$$libinit$$00000004)
    __rt_lib_init_rand_1                     0x080001a3   Thumb Code     0  libinit2.o(.ARM.Collect$$libinit$$0000000E)
    __rt_lib_init_return                     0x080001a3   Thumb Code     0  libinit2.o(.ARM.Collect$$libinit$$00000033)
    __rt_lib_init_signal_1                   0x080001a3   Thumb Code     0  libinit2.o(.ARM.Collect$$libinit$$0000001D)
    __rt_lib_init_stdio_1                    0x080001a3   Thumb Code     0  libinit2.o(.ARM.Collect$$libinit$$00000025)
    __rt_lib_init_user_alloc_1               0x080001a3   Thumb Code     0  libinit2.o(.ARM.Collect$$libinit$$0000000C)
    __rt_lib_shutdown                        0x080001a5   Thumb Code     0  libshutdown.o(.ARM.Collect$$libshutdown$$00000000)
    __rt_lib_shutdown_cpp_1                  0x080001a7   Thumb Code     0  libshutdown2.o(.ARM.Collect$$libshutdown$$00000002)
    __rt_lib_shutdown_fp_trap_1              0x080001a7   Thumb Code     0  libshutdown2.o(.ARM.Collect$$libshutdown$$00000007)
    __rt_lib_shutdown_heap_1                 0x080001a7   Thumb Code     0  libshutdown2.o(.ARM.Collect$$libshutdown$$0000000F)
    __rt_lib_shutdown_return                 0x080001a7   Thumb Code     0  libshutdown2.o(.ARM.Collect$$libshutdown$$00000010)
    __rt_lib_shutdown_signal_1               0x080001a7   Thumb Code     0  libshutdown2.o(.ARM.Collect$$libshutdown$$0000000A)
    __rt_lib_shutdown_stdio_1                0x080001a7   Thumb Code     0  libshutdown2.o(.ARM.Collect$$libshutdown$$00000004)
    __rt_lib_shutdown_user_alloc_1           0x080001a7   Thumb Code     0  libshutdown2.o(.ARM.Collect$$libshutdown$$0000000C)
    __rt_entry                               0x080001a9   Thumb Code     0  __rtentry.o(.ARM.Collect$$rtentry$$00000000)
    __rt_entry_presh_1                       0x080001a9   Thumb Code     0  __rtentry2.o(.ARM.Collect$$rtentry$$00000002)
    __rt_entry_sh                            0x080001a9   Thumb Code     0  __rtentry4.o(.ARM.Collect$$rtentry$$00000004)
    __rt_entry_li                            0x080001af   Thumb Code     0  __rtentry2.o(.ARM.Collect$$rtentry$$0000000A)
    __rt_entry_postsh_1                      0x080001af   Thumb Code     0  __rtentry2.o(.ARM.Collect$$rtentry$$00000009)
    __rt_entry_main                          0x080001b3   Thumb Code     0  __rtentry2.o(.ARM.Collect$$rtentry$$0000000D)
    __rt_entry_postli_1                      0x080001b3   Thumb Code     0  __rtentry2.o(.ARM.Collect$$rtentry$$0000000C)
    __rt_exit                                0x080001bb   Thumb Code     0  rtexit.o(.ARM.Collect$$rtexit$$00000000)
    __rt_exit_ls                             0x080001bd   Thumb Code     0  rtexit2.o(.ARM.Collect$$rtexit$$00000003)
    __rt_exit_prels_1                        0x080001bd   Thumb Code     0  rtexit2.o(.ARM.Collect$$rtexit$$00000002)
    __rt_exit_exit                           0x080001c1   Thumb Code     0  rtexit2.o(.ARM.Collect$$rtexit$$00000004)
    Reset_Handler                            0x080001c9   Thumb Code     8  startup_stm32f10x_md.o(.text)
    ADC1_2_IRQHandler                        0x080001e3   Thumb Code     0  startup_stm32f10x_md.o(.text)
    CAN1_RX1_IRQHandler                      0x080001e3   Thumb Code     0  startup_stm32f10x_md.o(.text)
    CAN1_SCE_IRQHandler                      0x080001e3   Thumb Code     0  startup_stm32f10x_md.o(.text)
    DMA1_Channel1_IRQHandler                 0x080001e3   Thumb Code     0  startup_stm32f10x_md.o(.text)
    DMA1_Channel2_IRQHandler                 0x080001e3   Thumb Code     0  startup_stm32f10x_md.o(.text)
    DMA1_Channel3_IRQHandler                 0x080001e3   Thumb Code     0  startup_stm32f10x_md.o(.text)
    DMA1_Channel4_IRQHandler                 0x080001e3   Thumb Code     0  startup_stm32f10x_md.o(.text)
    DMA1_Channel5_IRQHandler                 0x080001e3   Thumb Code     0  startup_stm32f10x_md.o(.text)
    DMA1_Channel6_IRQHandler                 0x080001e3   Thumb Code     0  startup_stm32f10x_md.o(.text)
    DMA1_Channel7_IRQHandler                 0x080001e3   Thumb Code     0  startup_stm32f10x_md.o(.text)
    EXTI0_IRQHandler                         0x080001e3   Thumb Code     0  startup_stm32f10x_md.o(.text)
    EXTI15_10_IRQHandler                     0x080001e3   Thumb Code     0  startup_stm32f10x_md.o(.text)
    EXTI1_IRQHandler                         0x080001e3   Thumb Code     0  startup_stm32f10x_md.o(.text)
    EXTI2_IRQHandler                         0x080001e3   Thumb Code     0  startup_stm32f10x_md.o(.text)
    EXTI3_IRQHandler                         0x080001e3   Thumb Code     0  startup_stm32f10x_md.o(.text)
    EXTI4_IRQHandler                         0x080001e3   Thumb Code     0  startup_stm32f10x_md.o(.text)
    EXTI9_5_IRQHandler                       0x080001e3   Thumb Code     0  startup_stm32f10x_md.o(.text)
    FLASH_IRQHandler                         0x080001e3   Thumb Code     0  startup_stm32f10x_md.o(.text)
    I2C1_ER_IRQHandler                       0x080001e3   Thumb Code     0  startup_stm32f10x_md.o(.text)
    I2C1_EV_IRQHandler                       0x080001e3   Thumb Code     0  startup_stm32f10x_md.o(.text)
    I2C2_ER_IRQHandler                       0x080001e3   Thumb Code     0  startup_stm32f10x_md.o(.text)
    I2C2_EV_IRQHandler                       0x080001e3   Thumb Code     0  startup_stm32f10x_md.o(.text)
    PVD_IRQHandler                           0x080001e3   Thumb Code     0  startup_stm32f10x_md.o(.text)
    RCC_IRQHandler                           0x080001e3   Thumb Code     0  startup_stm32f10x_md.o(.text)
    RTCAlarm_IRQHandler                      0x080001e3   Thumb Code     0  startup_stm32f10x_md.o(.text)
    RTC_IRQHandler                           0x080001e3   Thumb Code     0  startup_stm32f10x_md.o(.text)
    SPI1_IRQHandler                          0x080001e3   Thumb Code     0  startup_stm32f10x_md.o(.text)
    SPI2_IRQHandler                          0x080001e3   Thumb Code     0  startup_stm32f10x_md.o(.text)
    TAMPER_IRQHandler                        0x080001e3   Thumb Code     0  startup_stm32f10x_md.o(.text)
    TIM1_BRK_IRQHandler                      0x080001e3   Thumb Code     0  startup_stm32f10x_md.o(.text)
    TIM1_CC_IRQHandler                       0x080001e3   Thumb Code     0  startup_stm32f10x_md.o(.text)
    TIM1_TRG_COM_IRQHandler                  0x080001e3   Thumb Code     0  startup_stm32f10x_md.o(.text)
    TIM1_UP_IRQHandler                       0x080001e3   Thumb Code     0  startup_stm32f10x_md.o(.text)
    TIM2_IRQHandler                          0x080001e3   Thumb Code     0  startup_stm32f10x_md.o(.text)
    USART3_IRQHandler                        0x080001e3   Thumb Code     0  startup_stm32f10x_md.o(.text)
    USBWakeUp_IRQHandler                     0x080001e3   Thumb Code     0  startup_stm32f10x_md.o(.text)
    USB_HP_CAN1_TX_IRQHandler                0x080001e3   Thumb Code     0  startup_stm32f10x_md.o(.text)
    USB_LP_CAN1_RX0_IRQHandler               0x080001e3   Thumb Code     0  startup_stm32f10x_md.o(.text)
    WWDG_IRQHandler                          0x080001e3   Thumb Code     0  startup_stm32f10x_md.o(.text)
    __user_initial_stackheap                 0x080001e5   Thumb Code     0  startup_stm32f10x_md.o(.text)
    __use_no_semihosting                     0x08000209   Thumb Code     2  use_no_semi_2.o(.text)
    strcpy                                   0x0800020b   Thumb Code    72  strcpy.o(.text)
    __use_two_region_memory                  0x08000253   Thumb Code     2  heapauxi.o(.text)
    __rt_heap_escrow$2region                 0x08000255   Thumb Code     2  heapauxi.o(.text)
    __rt_heap_expand$2region                 0x08000257   Thumb Code     2  heapauxi.o(.text)
    __I$use$semihosting                      0x08000259   Thumb Code     0  use_no_semi.o(.text)
    __use_no_semihosting_swi                 0x08000259   Thumb Code     2  use_no_semi.o(.text)
    __user_setup_stackheap                   0x0800025b   Thumb Code    74  sys_stackheap_outer.o(.text)
    exit                                     0x080002a5   Thumb Code    18  exit.o(.text)
    __user_libspace                          0x080002b9   Thumb Code     8  libspace.o(.text)
    __user_perproc_libspace                  0x080002b9   Thumb Code     0  libspace.o(.text)
    __user_perthread_libspace                0x080002b9   Thumb Code     0  libspace.o(.text)
    Address_set                              0x080002c1   Thumb Code    90  oled.o(i.Address_set)
    BusFault_Handler                         0x0800031b   Thumb Code     4  stm32f10x_it.o(i.BusFault_Handler)
    DATA_Pin_Init                            0x08000321   Thumb Code    44  rgb_light.o(i.DATA_Pin_Init)
    DebugMon_Handler                         0x08000355   Thumb Code     2  stm32f10x_it.o(i.DebugMon_Handler)
    Draw_Circle                              0x08000357   Thumb Code   176  oled.o(i.Draw_Circle)
    Encoder_TIM2_Init                        0x08000409   Thumb Code   158  encoder.o(i.Encoder_TIM2_Init)
    Flowing                                  0x080004ad   Thumb Code   550  rgb_light.o(i.Flowing)
    GPIO_Init                                0x080006e9   Thumb Code   278  stm32f10x_gpio.o(i.GPIO_Init)
    GPIO_PinRemapConfig                      0x08000801   Thumb Code   138  stm32f10x_gpio.o(i.GPIO_PinRemapConfig)
    GPIO_ResetBits                           0x08000891   Thumb Code     4  stm32f10x_gpio.o(i.GPIO_ResetBits)
    GPIO_SetBits                             0x08000895   Thumb Code     4  stm32f10x_gpio.o(i.GPIO_SetBits)
    GetData                                  0x08000899   Thumb Code   120  storage.o(i.GetData)
    GetShowPicture                           0x08000935   Thumb Code    74  storage.o(i.GetShowPicture)
    GetType                                  0x08000989   Thumb Code   110  storage.o(i.GetType)
    HardFault_Handler                        0x08000a05   Thumb Code     4  stm32f10x_it.o(i.HardFault_Handler)
    KEY_Init                                 0x08000a09   Thumb Code    88  key.o(i.KEY_Init)
    LCD_Clear                                0x08000a71   Thumb Code    48  oled.o(i.LCD_Clear)
    LCD_DrawLine                             0x08000aa1   Thumb Code   176  oled.o(i.LCD_DrawLine)
    LCD_DrawPoint                            0x08000b51   Thumb Code    28  oled.o(i.LCD_DrawPoint)
    LCD_DrawPoint_big                        0x08000b71   Thumb Code    34  oled.o(i.LCD_DrawPoint_big)
    LCD_DrawRectangle                        0x08000b99   Thumb Code    64  oled.o(i.LCD_DrawRectangle)
    LCD_Fill                                 0x08000bd9   Thumb Code    70  oled.o(i.LCD_Fill)
    LCD_Function                             0x08000c21   Thumb Code  1802  menu.o(i.LCD_Function)
    LCD_Menu_Init                            0x08001361   Thumb Code   558  menu.o(i.LCD_Menu_Init)
    LCD_ReturnShow                           0x08001711   Thumb Code   202  menu.o(i.LCD_ReturnShow)
    LCD_SetColor                             0x08001821   Thumb Code    10  oled.o(i.LCD_SetColor)
    LCD_ShowBackGround                       0x08001835   Thumb Code   228  menu.o(i.LCD_ShowBackGround)
    LCD_ShowChar                             0x08001925   Thumb Code   218  oled.o(i.LCD_ShowChar)
    LCD_ShowNum                              0x08001a0d   Thumb Code   126  oled.o(i.LCD_ShowNum)
    LCD_ShowOutline                          0x08001a8d   Thumb Code   200  menu.o(i.LCD_ShowOutline)
    LCD_ShowString                           0x08001b69   Thumb Code    68  oled.o(i.LCD_ShowString)
    LCD_Showhanzi                            0x08001bad   Thumb Code   166  oled.o(i.LCD_Showhanzi)
    LCD_Showimage                            0x08001c65   Thumb Code    74  oled.o(i.LCD_Showimage)
    LCD_Switch                               0x08001cb1   Thumb Code   906  menu.o(i.LCD_Switch)
    LCD_UpdateMenu                           0x08002069   Thumb Code    94  menu.o(i.LCD_UpdateMenu)
    LCD_UpdatePage                           0x080020d5   Thumb Code   366  menu.o(i.LCD_UpdatePage)
    LCD_WR_DATA                              0x08002285   Thumb Code    28  oled.o(i.LCD_WR_DATA)
    LCD_WR_DATA8                             0x080022a5   Thumb Code    20  oled.o(i.LCD_WR_DATA8)
    LCD_WR_REG                               0x080022bd   Thumb Code    20  oled.o(i.LCD_WR_REG)
    LCD_Writ_Bus                             0x080022d5   Thumb Code    62  oled.o(i.LCD_Writ_Bus)
    Lcd_Init                                 0x08002319   Thumb Code   488  oled.o(i.Lcd_Init)
    MemManage_Handler                        0x08002509   Thumb Code     4  stm32f10x_it.o(i.MemManage_Handler)
    NMI_Handler                              0x0800250d   Thumb Code     2  stm32f10x_it.o(i.NMI_Handler)
    NVIC_Config                              0x0800250f   Thumb Code   126  sys.o(i.NVIC_Config)
    NVIC_Init                                0x0800258d   Thumb Code   100  misc.o(i.NVIC_Init)
    NVIC_PriorityGroupConfig                 0x080025fd   Thumb Code    10  misc.o(i.NVIC_PriorityGroupConfig)
    PendSV_Handler                           0x08002611   Thumb Code     2  stm32f10x_it.o(i.PendSV_Handler)
    PicShow_Stroge                           0x08002615   Thumb Code   280  esp8266wifi.o(i.PicShow_Stroge)
    RCC_APB1PeriphClockCmd                   0x08002775   Thumb Code    26  stm32f10x_rcc.o(i.RCC_APB1PeriphClockCmd)
    RCC_APB2PeriphClockCmd                   0x08002795   Thumb Code    26  stm32f10x_rcc.o(i.RCC_APB2PeriphClockCmd)
    RCC_GetClocksFreq                        0x080027b5   Thumb Code   192  stm32f10x_rcc.o(i.RCC_GetClocksFreq)
    RGB_Off                                  0x08002889   Thumb Code    26  rgb_light.o(i.RGB_Off)
    RGB_Refresh_All                          0x080028a5   Thumb Code    44  rgb_light.o(i.RGB_Refresh_All)
    RGB_SETBE                                0x080028d5   Thumb Code    10  rgb_light.o(i.RGB_SETBE)
    RGB_Send_0Code                           0x080028e9   Thumb Code    40  rgb_light.o(i.RGB_Send_0Code)
    RGB_Send_1Bits                           0x08002915   Thumb Code    18  rgb_light.o(i.RGB_Send_1Bits)
    RGB_Send_1Code                           0x08002929   Thumb Code    40  rgb_light.o(i.RGB_Send_1Code)
    RGB_Send_24Bits                          0x08002955   Thumb Code    28  rgb_light.o(i.RGB_Send_24Bits)
    SPI2_Init                                0x08002971   Thumb Code   140  spi.o(i.SPI2_Init)
    SPI2_ReadWriteByte                       0x08002a05   Thumb Code    78  spi.o(i.SPI2_ReadWriteByte)
    SPI2_SetSpeed                            0x08002a59   Thumb Code    36  spi.o(i.SPI2_SetSpeed)
    SPI_Cmd                                  0x08002a81   Thumb Code    24  stm32f10x_spi.o(i.SPI_Cmd)
    SPI_I2S_GetFlagStatus                    0x08002a99   Thumb Code    18  stm32f10x_spi.o(i.SPI_I2S_GetFlagStatus)
    SPI_I2S_ReceiveData                      0x08002aab   Thumb Code     6  stm32f10x_spi.o(i.SPI_I2S_ReceiveData)
    SPI_I2S_SendData                         0x08002ab1   Thumb Code     4  stm32f10x_spi.o(i.SPI_I2S_SendData)
    SPI_Init                                 0x08002ab5   Thumb Code    60  stm32f10x_spi.o(i.SPI_Init)
    SVC_Handler                              0x08002af1   Thumb Code     2  stm32f10x_it.o(i.SVC_Handler)
    Send_RGB                                 0x08002af3   Thumb Code    28  rgb_light.o(i.Send_RGB)
    SetFlowingType                           0x08002b11   Thumb Code     6  rgb_light.o(i.SetFlowingType)
    SetInterval                              0x08002b1d   Thumb Code     6  rgb_light.o(i.SetInterval)
    Set_RGB                                  0x08002c11   Thumb Code   102  rgb_light.o(i.Set_RGB)
    Set_RGBDATA                              0x08002c85   Thumb Code   106  rgb_light.o(i.Set_RGBDATA)
    Show_Function                            0x08002cfd   Thumb Code   586  menu.o(i.Show_Function)
    StorageData                              0x08002ffd   Thumb Code   196  storage.o(i.StorageData)
    StoragePicture                           0x080030e5   Thumb Code    38  storage.o(i.StoragePicture)
    StorageType                              0x0800310d   Thumb Code   158  storage.o(i.StorageType)
    Storage_Init                             0x080031bd   Thumb Code     8  storage.o(i.Storage_Init)
    SysTick_CLKSourceConfig                  0x080031c5   Thumb Code    40  misc.o(i.SysTick_CLKSourceConfig)
    SysTick_Handler                          0x080031ed   Thumb Code     2  stm32f10x_it.o(i.SysTick_Handler)
    SystemInit                               0x080031f1   Thumb Code    78  system_stm32f10x.o(i.SystemInit)
    TIM3_IRQHandler                          0x08003491   Thumb Code   266  key.o(i.TIM3_IRQHandler)
    TIM3_Int_Init                            0x080035c1   Thumb Code    60  tim.o(i.TIM3_Int_Init)
    TIM4_IRQHandler                          0x08003601   Thumb Code    26  tim.o(i.TIM4_IRQHandler)
    TIM4_Int_Init                            0x08003621   Thumb Code    66  tim.o(i.TIM4_Int_Init)
    TIM_ClearFlag                            0x08003669   Thumb Code     6  stm32f10x_tim.o(i.TIM_ClearFlag)
    TIM_ClearITPendingBit                    0x0800366f   Thumb Code     6  stm32f10x_tim.o(i.TIM_ClearITPendingBit)
    TIM_Cmd                                  0x08003675   Thumb Code    24  stm32f10x_tim.o(i.TIM_Cmd)
    TIM_EncoderInterfaceConfig               0x0800368d   Thumb Code    66  stm32f10x_tim.o(i.TIM_EncoderInterfaceConfig)
    TIM_GetCounter                           0x080036cf   Thumb Code     6  stm32f10x_tim.o(i.TIM_GetCounter)
    TIM_GetITStatus                          0x080036d5   Thumb Code    34  stm32f10x_tim.o(i.TIM_GetITStatus)
    TIM_ICInit                               0x080036f9   Thumb Code   150  stm32f10x_tim.o(i.TIM_ICInit)
    TIM_ICStructInit                         0x080037a5   Thumb Code    18  stm32f10x_tim.o(i.TIM_ICStructInit)
    TIM_ITConfig                             0x080037b7   Thumb Code    18  stm32f10x_tim.o(i.TIM_ITConfig)
    TIM_SetCounter                           0x080037c9   Thumb Code     4  stm32f10x_tim.o(i.TIM_SetCounter)
    TIM_SetIC1Prescaler                      0x080037cd   Thumb Code    18  stm32f10x_tim.o(i.TIM_SetIC1Prescaler)
    TIM_SetIC2Prescaler                      0x080037df   Thumb Code    26  stm32f10x_tim.o(i.TIM_SetIC2Prescaler)
    TIM_SetIC3Prescaler                      0x080037f9   Thumb Code    18  stm32f10x_tim.o(i.TIM_SetIC3Prescaler)
    TIM_SetIC4Prescaler                      0x0800380b   Thumb Code    26  stm32f10x_tim.o(i.TIM_SetIC4Prescaler)
    TIM_TimeBaseInit                         0x08003825   Thumb Code   122  stm32f10x_tim.o(i.TIM_TimeBaseInit)
    TIM_TimeBaseStructInit                   0x080038c9   Thumb Code    18  stm32f10x_tim.o(i.TIM_TimeBaseStructInit)
    USART1_IRQHandler                        0x080038dd   Thumb Code   196  usart.o(i.USART1_IRQHandler)
    USART2_IRQHandler                        0x080039c9   Thumb Code   412  esp8266wifi.o(i.USART2_IRQHandler)
    USART_ClearITPendingBit                  0x08003ba5   Thumb Code    30  stm32f10x_usart.o(i.USART_ClearITPendingBit)
    USART_Cmd                                0x08003bc3   Thumb Code    24  stm32f10x_usart.o(i.USART_Cmd)
    USART_GetITStatus                        0x08003bdb   Thumb Code    84  stm32f10x_usart.o(i.USART_GetITStatus)
    USART_ITConfig                           0x08003c2f   Thumb Code    74  stm32f10x_usart.o(i.USART_ITConfig)
    USART_Init                               0x08003c79   Thumb Code   210  stm32f10x_usart.o(i.USART_Init)
    USART_ReceiveData                        0x08003d51   Thumb Code    10  stm32f10x_usart.o(i.USART_ReceiveData)
    UsageFault_Handler                       0x08003d5b   Thumb Code     4  stm32f10x_it.o(i.UsageFault_Handler)
    W25QXX_Erase_Sector                      0x08003d61   Thumb Code    60  w25q64.o(i.W25QXX_Erase_Sector)
    W25QXX_Init                              0x08003da5   Thumb Code    66  w25q64.o(i.W25QXX_Init)
    W25QXX_Read                              0x08003df1   Thumb Code    74  w25q64.o(i.W25QXX_Read)
    W25QXX_ReadSR                            0x08003e41   Thumb Code    36  w25q64.o(i.W25QXX_ReadSR)
    W25QXX_Read_Sector                       0x08003e6d   Thumb Code    28  w25q64.o(i.W25QXX_Read_Sector)
    W25QXX_Wait_Busy                         0x08003e89   Thumb Code    18  w25q64.o(i.W25QXX_Wait_Busy)
    W25QXX_Write_Enable                      0x08003e9d   Thumb Code    24  w25q64.o(i.W25QXX_Write_Enable)
    W25QXX_Write_Page                        0x08003ebd   Thumb Code    84  w25q64.o(i.W25QXX_Write_Page)
    W25QXX_Write_Sector                      0x08003f15   Thumb Code   150  w25q64.o(i.W25QXX_Write_Sector)
    W25QXX_Write_Sector2                     0x08003fb5   Thumb Code   124  w25q64.o(i.W25QXX_Write_Sector2)
    _sys_exit                                0x08004039   Thumb Code     4  usart.o(i._sys_exit)
    delay_init                               0x0800403d   Thumb Code    50  delay.o(i.delay_init)
    delay_ms                                 0x08004081   Thumb Code    72  delay.o(i.delay_ms)
    main                                     0x080040cd   Thumb Code   198  main.o(i.main)
    mypow                                    0x080041a5   Thumb Code    22  oled.o(i.mypow)
    uart1_init                               0x080041bd   Thumb Code   130  usart.o(i.uart1_init)
    uart2_init                               0x08004249   Thumb Code   134  usart.o(i.uart2_init)
    asc2_1608                                0x080042d8   Data        1520  oled.o(.constdata)
    Region$$Table$$Base                      0x080048c8   Number         0  anon$$obj.o(Region$$Table)
    Region$$Table$$Limit                     0x080048e8   Number         0  anon$$obj.o(Region$$Table)
    SystemCoreClock                          0x20000000   Data           4  system_stm32f10x.o(.data)
    AHBPrescTable                            0x20000004   Data          16  system_stm32f10x.o(.data)
    Sure_Flag                                0x20000028   Data           1  key.o(.data)
    Back_Flag                                0x20000029   Data           1  key.o(.data)
    Uuup_Flag                                0x2000002a   Data           1  key.o(.data)
    Down_Flag                                0x2000002b   Data           1  key.o(.data)
    RGB_BeginNum                             0x2000003c   Data           1  rgb_light.o(.data)
    RGB_EndNum                               0x2000003d   Data           1  rgb_light.o(.data)
    RGBColors                                0x20000040   Data          80  rgb_light.o(.data)
    Flow_Interval                            0x20000090   Data           1  rgb_light.o(.data)
    FlowingFlag                              0x20000091   Data           1  rgb_light.o(.data)
    FlowingType                              0x20000092   Data           1  rgb_light.o(.data)
    intervalCount                            0x20000093   Data           1  rgb_light.o(.data)
    CN16x16                                  0x20000094   Data         192  oled.o(.data)
    CN32x32                                  0x20000154   Data           1  oled.o(.data)
    BACK_COLOR                               0x20000156   Data           2  oled.o(.data)
    POINT_COLOR                              0x20000158   Data           2  oled.o(.data)
    BackGronudColor                          0x2000015a   Data           2  menu.o(.data)
    RectColor                                0x2000015c   Data           2  menu.o(.data)
    StrColor                                 0x2000015e   Data           2  menu.o(.data)
    MenuMode                                 0x20000160   Data           1  menu.o(.data)
    FunctionFlag                             0x20000161   Data           1  menu.o(.data)
    FunctionStopFlag                         0x20000162   Data           1  menu.o(.data)
    MenuUpdateFlag                           0x20000163   Data           3  menu.o(.data)
    CurrentPage                              0x20000166   Data           2  menu.o(.data)
    ReturnShowNum                            0x20000168   Data           1  menu.o(.data)
    NumGet                                   0x20000169   Data           1  menu.o(.data)
    LCD_FUCBUFF                              0x2000016a   Data           3  menu.o(.data)
    Encoder_Count                            0x2000016e   Data           2  encoder.o(.data)
    TypeNum                                  0x20000170   Data           1  storage.o(.data)
    TypeNumHex                               0x20000171   Data           1  storage.o(.data)
    PictNum                                  0x20000172   Data           1  storage.o(.data)
    PictStorageNum                           0x20000173   Data           1  storage.o(.data)
    BackNum                                  0x20000174   Data           1  storage.o(.data)
    data                                     0x20000176   Data           1  esp8266wifi.o(.data)
    Buff_count0                              0x20000177   Data           1  esp8266wifi.o(.data)
    Buff_count                               0x20000178   Data           2  esp8266wifi.o(.data)
    LineCount                                0x2000017a   Data           2  esp8266wifi.o(.data)
    Str_count                                0x2000017c   Data           2  esp8266wifi.o(.data)
    Buff_CountFlag                           0x2000017e   Data           1  esp8266wifi.o(.data)
    show_flag                                0x2000017f   Data           1  esp8266wifi.o(.data)
    Str_countFlag                            0x20000180   Data           1  esp8266wifi.o(.data)
    LastMode                                 0x20000181   Data           1  esp8266wifi.o(.data)
    count_n                                  0x20000182   Data           1  esp8266wifi.o(.data)
    returnflag                               0x20000183   Data           1  esp8266wifi.o(.data)
    WiFiName                                 0x20000184   Data          10  esp8266wifi.o(.data)
    IPAddress                                0x2000018e   Data          16  esp8266wifi.o(.data)
    __stdout                                 0x200001a4   Data           4  usart.o(.data)
    Data_OneByte                             0x200001a8   Data           1  usart.o(.data)
    Data_Count                               0x200001a9   Data           1  usart.o(.data)
    TransStartFlag                           0x200001aa   Data           1  usart.o(.data)
    Data_Buff                                0x200001ab   Data           6  usart.o(.data)
    ON_Data                                  0x200001b4   Data          59  rgb_light.o(.bss)
    Color_Data                               0x200001ef   Data         177  rgb_light.o(.bss)
    MenuPage                                 0x200002a0   Data        1050  menu.o(.bss)
    W25QXX_RdBuff                            0x200006ba   Data        4096  w25q64.o(.bss)
    W25QXX_WrBuff                            0x200016ba   Data        4096  w25q64.o(.bss)
    StorgeData                               0x200026ba   Data          11  storage.o(.bss)
    TypeWriteBuff                            0x200026c5   Data         708  storage.o(.bss)
    DATABUFF                                 0x20002989   Data        7680  esp8266wifi.o(.bss)
    __libspace_start                         0x2000478c   Data          96  libspace.o(.bss)
    __temporary_stack_top$libspace           0x200047ec   Data           0  libspace.o(.bss)



==============================================================================

Memory Map of the image

  Image Entry point : 0x080000ed

  Load Region LR_IROM1 (Base: 0x08000000, Size: 0x00004a9c, Max: 0x00010000, ABSOLUTE, COMPRESSED[0x000049f8])

    Execution Region ER_IROM1 (Exec base: 0x08000000, Load base: 0x08000000, Size: 0x000048e8, Max: 0x00010000, ABSOLUTE)

    Exec Addr    Load Addr    Size         Type   Attr      Idx    E Section Name        Object

    0x08000000   0x08000000   0x000000ec   Data   RO           19    RESET               startup_stm32f10x_md.o
    0x080000ec   0x080000ec   0x00000008   Code   RO         4159  * !!!main             c_w.l(__main.o)
    0x080000f4   0x080000f4   0x00000034   Code   RO         4316    !!!scatter          c_w.l(__scatter.o)
    0x08000128   0x08000128   0x0000005a   Code   RO         4314    !!dczerorl2         c_w.l(__dczerorl2.o)
    0x08000182   0x08000182   0x00000002   PAD
    0x08000184   0x08000184   0x0000001c   Code   RO         4318    !!handler_zi        c_w.l(__scatter_zi.o)
    0x080001a0   0x080001a0   0x00000002   Code   RO         4188    .ARM.Collect$$libinit$$00000000  c_w.l(libinit.o)
    0x080001a2   0x080001a2   0x00000000   Code   RO         4195    .ARM.Collect$$libinit$$00000002  c_w.l(libinit2.o)
    0x080001a2   0x080001a2   0x00000000   Code   RO         4197    .ARM.Collect$$libinit$$00000004  c_w.l(libinit2.o)
    0x080001a2   0x080001a2   0x00000000   Code   RO         4200    .ARM.Collect$$libinit$$0000000A  c_w.l(libinit2.o)
    0x080001a2   0x080001a2   0x00000000   Code   RO         4202    .ARM.Collect$$libinit$$0000000C  c_w.l(libinit2.o)
    0x080001a2   0x080001a2   0x00000000   Code   RO         4204    .ARM.Collect$$libinit$$0000000E  c_w.l(libinit2.o)
    0x080001a2   0x080001a2   0x00000000   Code   RO         4207    .ARM.Collect$$libinit$$00000011  c_w.l(libinit2.o)
    0x080001a2   0x080001a2   0x00000000   Code   RO         4209    .ARM.Collect$$libinit$$00000013  c_w.l(libinit2.o)
    0x080001a2   0x080001a2   0x00000000   Code   RO         4211    .ARM.Collect$$libinit$$00000015  c_w.l(libinit2.o)
    0x080001a2   0x080001a2   0x00000000   Code   RO         4213    .ARM.Collect$$libinit$$00000017  c_w.l(libinit2.o)
    0x080001a2   0x080001a2   0x00000000   Code   RO         4215    .ARM.Collect$$libinit$$00000019  c_w.l(libinit2.o)
    0x080001a2   0x080001a2   0x00000000   Code   RO         4217    .ARM.Collect$$libinit$$0000001B  c_w.l(libinit2.o)
    0x080001a2   0x080001a2   0x00000000   Code   RO         4219    .ARM.Collect$$libinit$$0000001D  c_w.l(libinit2.o)
    0x080001a2   0x080001a2   0x00000000   Code   RO         4221    .ARM.Collect$$libinit$$0000001F  c_w.l(libinit2.o)
    0x080001a2   0x080001a2   0x00000000   Code   RO         4223    .ARM.Collect$$libinit$$00000021  c_w.l(libinit2.o)
    0x080001a2   0x080001a2   0x00000000   Code   RO         4225    .ARM.Collect$$libinit$$00000023  c_w.l(libinit2.o)
    0x080001a2   0x080001a2   0x00000000   Code   RO         4227    .ARM.Collect$$libinit$$00000025  c_w.l(libinit2.o)
    0x080001a2   0x080001a2   0x00000000   Code   RO         4231    .ARM.Collect$$libinit$$0000002C  c_w.l(libinit2.o)
    0x080001a2   0x080001a2   0x00000000   Code   RO         4233    .ARM.Collect$$libinit$$0000002E  c_w.l(libinit2.o)
    0x080001a2   0x080001a2   0x00000000   Code   RO         4235    .ARM.Collect$$libinit$$00000030  c_w.l(libinit2.o)
    0x080001a2   0x080001a2   0x00000000   Code   RO         4237    .ARM.Collect$$libinit$$00000032  c_w.l(libinit2.o)
    0x080001a2   0x080001a2   0x00000002   Code   RO         4238    .ARM.Collect$$libinit$$00000033  c_w.l(libinit2.o)
    0x080001a4   0x080001a4   0x00000002   Code   RO         4256    .ARM.Collect$$libshutdown$$00000000  c_w.l(libshutdown.o)
    0x080001a6   0x080001a6   0x00000000   Code   RO         4266    .ARM.Collect$$libshutdown$$00000002  c_w.l(libshutdown2.o)
    0x080001a6   0x080001a6   0x00000000   Code   RO         4268    .ARM.Collect$$libshutdown$$00000004  c_w.l(libshutdown2.o)
    0x080001a6   0x080001a6   0x00000000   Code   RO         4271    .ARM.Collect$$libshutdown$$00000007  c_w.l(libshutdown2.o)
    0x080001a6   0x080001a6   0x00000000   Code   RO         4274    .ARM.Collect$$libshutdown$$0000000A  c_w.l(libshutdown2.o)
    0x080001a6   0x080001a6   0x00000000   Code   RO         4276    .ARM.Collect$$libshutdown$$0000000C  c_w.l(libshutdown2.o)
    0x080001a6   0x080001a6   0x00000000   Code   RO         4279    .ARM.Collect$$libshutdown$$0000000F  c_w.l(libshutdown2.o)
    0x080001a6   0x080001a6   0x00000002   Code   RO         4280    .ARM.Collect$$libshutdown$$00000010  c_w.l(libshutdown2.o)
    0x080001a8   0x080001a8   0x00000000   Code   RO         4163    .ARM.Collect$$rtentry$$00000000  c_w.l(__rtentry.o)
    0x080001a8   0x080001a8   0x00000000   Code   RO         4165    .ARM.Collect$$rtentry$$00000002  c_w.l(__rtentry2.o)
    0x080001a8   0x080001a8   0x00000006   Code   RO         4177    .ARM.Collect$$rtentry$$00000004  c_w.l(__rtentry4.o)
    0x080001ae   0x080001ae   0x00000000   Code   RO         4167    .ARM.Collect$$rtentry$$00000009  c_w.l(__rtentry2.o)
    0x080001ae   0x080001ae   0x00000004   Code   RO         4168    .ARM.Collect$$rtentry$$0000000A  c_w.l(__rtentry2.o)
    0x080001b2   0x080001b2   0x00000000   Code   RO         4170    .ARM.Collect$$rtentry$$0000000C  c_w.l(__rtentry2.o)
    0x080001b2   0x080001b2   0x00000008   Code   RO         4171    .ARM.Collect$$rtentry$$0000000D  c_w.l(__rtentry2.o)
    0x080001ba   0x080001ba   0x00000002   Code   RO         4192    .ARM.Collect$$rtexit$$00000000  c_w.l(rtexit.o)
    0x080001bc   0x080001bc   0x00000000   Code   RO         4240    .ARM.Collect$$rtexit$$00000002  c_w.l(rtexit2.o)
    0x080001bc   0x080001bc   0x00000004   Code   RO         4241    .ARM.Collect$$rtexit$$00000003  c_w.l(rtexit2.o)
    0x080001c0   0x080001c0   0x00000006   Code   RO         4242    .ARM.Collect$$rtexit$$00000004  c_w.l(rtexit2.o)
    0x080001c6   0x080001c6   0x00000002   PAD
    0x080001c8   0x080001c8   0x00000040   Code   RO           20    .text               startup_stm32f10x_md.o
    0x08000208   0x08000208   0x00000002   Code   RO         4151    .text               c_w.l(use_no_semi_2.o)
    0x0800020a   0x0800020a   0x00000048   Code   RO         4153    .text               c_w.l(strcpy.o)
    0x08000252   0x08000252   0x00000006   Code   RO         4157    .text               c_w.l(heapauxi.o)
    0x08000258   0x08000258   0x00000002   Code   RO         4161    .text               c_w.l(use_no_semi.o)
    0x0800025a   0x0800025a   0x0000004a   Code   RO         4179    .text               c_w.l(sys_stackheap_outer.o)
    0x080002a4   0x080002a4   0x00000012   Code   RO         4181    .text               c_w.l(exit.o)
    0x080002b6   0x080002b6   0x00000002   PAD
    0x080002b8   0x080002b8   0x00000008   Code   RO         4189    .text               c_w.l(libspace.o)
    0x080002c0   0x080002c0   0x0000005a   Code   RO         3582    i.Address_set       oled.o
    0x0800031a   0x0800031a   0x00000004   Code   RO         3356    i.BusFault_Handler  stm32f10x_it.o
    0x0800031e   0x0800031e   0x00000002   PAD
    0x08000320   0x08000320   0x00000034   Code   RO         3470    i.DATA_Pin_Init     rgb_light.o
    0x08000354   0x08000354   0x00000002   Code   RO         3357    i.DebugMon_Handler  stm32f10x_it.o
    0x08000356   0x08000356   0x000000b0   Code   RO         3583    i.Draw_Circle       oled.o
    0x08000406   0x08000406   0x00000002   PAD
    0x08000408   0x08000408   0x000000a4   Code   RO         3933    i.Encoder_TIM2_Init  encoder.o
    0x080004ac   0x080004ac   0x0000023c   Code   RO         3471    i.Flowing           rgb_light.o
    0x080006e8   0x080006e8   0x00000116   Code   RO         1347    i.GPIO_Init         stm32f10x_gpio.o
    0x080007fe   0x080007fe   0x00000002   PAD
    0x08000800   0x08000800   0x00000090   Code   RO         1349    i.GPIO_PinRemapConfig  stm32f10x_gpio.o
    0x08000890   0x08000890   0x00000004   Code   RO         1354    i.GPIO_ResetBits    stm32f10x_gpio.o
    0x08000894   0x08000894   0x00000004   Code   RO         1355    i.GPIO_SetBits      stm32f10x_gpio.o
    0x08000898   0x08000898   0x0000009c   Code   RO         3951    i.GetData           storage.o
    0x08000934   0x08000934   0x00000054   Code   RO         3952    i.GetShowPicture    storage.o
    0x08000988   0x08000988   0x0000007c   Code   RO         3953    i.GetType           storage.o
    0x08000a04   0x08000a04   0x00000004   Code   RO         3358    i.HardFault_Handler  stm32f10x_it.o
    0x08000a08   0x08000a08   0x00000068   Code   RO         3446    i.KEY_Init          key.o
    0x08000a70   0x08000a70   0x00000030   Code   RO         3584    i.LCD_Clear         oled.o
    0x08000aa0   0x08000aa0   0x000000b0   Code   RO         3585    i.LCD_DrawLine      oled.o
    0x08000b50   0x08000b50   0x00000020   Code   RO         3586    i.LCD_DrawPoint     oled.o
    0x08000b70   0x08000b70   0x00000028   Code   RO         3587    i.LCD_DrawPoint_big  oled.o
    0x08000b98   0x08000b98   0x00000040   Code   RO         3588    i.LCD_DrawRectangle  oled.o
    0x08000bd8   0x08000bd8   0x00000046   Code   RO         3589    i.LCD_Fill          oled.o
    0x08000c1e   0x08000c1e   0x00000002   PAD
    0x08000c20   0x08000c20   0x00000740   Code   RO         3730    i.LCD_Function      menu.o
    0x08001360   0x08001360   0x000003b0   Code   RO         3731    i.LCD_Menu_Init     menu.o
    0x08001710   0x08001710   0x00000110   Code   RO         3732    i.LCD_ReturnShow    menu.o
    0x08001820   0x08001820   0x00000014   Code   RO         3590    i.LCD_SetColor      oled.o
    0x08001834   0x08001834   0x000000f0   Code   RO         3733    i.LCD_ShowBackGround  menu.o
    0x08001924   0x08001924   0x000000e8   Code   RO         3591    i.LCD_ShowChar      oled.o
    0x08001a0c   0x08001a0c   0x0000007e   Code   RO         3592    i.LCD_ShowNum       oled.o
    0x08001a8a   0x08001a8a   0x00000002   PAD
    0x08001a8c   0x08001a8c   0x000000dc   Code   RO         3734    i.LCD_ShowOutline   menu.o
    0x08001b68   0x08001b68   0x00000044   Code   RO         3594    i.LCD_ShowString    oled.o
    0x08001bac   0x08001bac   0x000000b8   Code   RO         3595    i.LCD_Showhanzi     oled.o
    0x08001c64   0x08001c64   0x0000004a   Code   RO         3596    i.LCD_Showimage     oled.o
    0x08001cae   0x08001cae   0x00000002   PAD
    0x08001cb0   0x08001cb0   0x000003b8   Code   RO         3735    i.LCD_Switch        menu.o
    0x08002068   0x08002068   0x0000006c   Code   RO         3736    i.LCD_UpdateMenu    menu.o
    0x080020d4   0x080020d4   0x000001b0   Code   RO         3737    i.LCD_UpdatePage    menu.o
    0x08002284   0x08002284   0x00000020   Code   RO         3597    i.LCD_WR_DATA       oled.o
    0x080022a4   0x080022a4   0x00000018   Code   RO         3598    i.LCD_WR_DATA8      oled.o
    0x080022bc   0x080022bc   0x00000018   Code   RO         3599    i.LCD_WR_REG        oled.o
    0x080022d4   0x080022d4   0x00000044   Code   RO         3601    i.LCD_Writ_Bus      oled.o
    0x08002318   0x08002318   0x000001f0   Code   RO         3602    i.Lcd_Init          oled.o
    0x08002508   0x08002508   0x00000004   Code   RO         3359    i.MemManage_Handler  stm32f10x_it.o
    0x0800250c   0x0800250c   0x00000002   Code   RO         3360    i.NMI_Handler       stm32f10x_it.o
    0x0800250e   0x0800250e   0x0000007e   Code   RO         4070    i.NVIC_Config       sys.o
    0x0800258c   0x0800258c   0x00000070   Code   RO          137    i.NVIC_Init         misc.o
    0x080025fc   0x080025fc   0x00000014   Code   RO          138    i.NVIC_PriorityGroupConfig  misc.o
    0x08002610   0x08002610   0x00000002   Code   RO         3361    i.PendSV_Handler    stm32f10x_it.o
    0x08002612   0x08002612   0x00000002   PAD
    0x08002614   0x08002614   0x00000160   Code   RO         4010    i.PicShow_Stroge    esp8266wifi.o
    0x08002774   0x08002774   0x00000020   Code   RO         1775    i.RCC_APB1PeriphClockCmd  stm32f10x_rcc.o
    0x08002794   0x08002794   0x00000020   Code   RO         1777    i.RCC_APB2PeriphClockCmd  stm32f10x_rcc.o
    0x080027b4   0x080027b4   0x000000d4   Code   RO         1785    i.RCC_GetClocksFreq  stm32f10x_rcc.o
    0x08002888   0x08002888   0x0000001a   Code   RO         3472    i.RGB_Off           rgb_light.o
    0x080028a2   0x080028a2   0x00000002   PAD
    0x080028a4   0x080028a4   0x00000030   Code   RO         3473    i.RGB_Refresh_All   rgb_light.o
    0x080028d4   0x080028d4   0x00000014   Code   RO         3475    i.RGB_SETBE         rgb_light.o
    0x080028e8   0x080028e8   0x0000002c   Code   RO         3476    i.RGB_Send_0Code    rgb_light.o
    0x08002914   0x08002914   0x00000012   Code   RO         3477    i.RGB_Send_1Bits    rgb_light.o
    0x08002926   0x08002926   0x00000002   PAD
    0x08002928   0x08002928   0x0000002c   Code   RO         3478    i.RGB_Send_1Code    rgb_light.o
    0x08002954   0x08002954   0x0000001c   Code   RO         3479    i.RGB_Send_24Bits   rgb_light.o
    0x08002970   0x08002970   0x00000094   Code   RO         3798    i.SPI2_Init         spi.o
    0x08002a04   0x08002a04   0x00000054   Code   RO         3799    i.SPI2_ReadWriteByte  spi.o
    0x08002a58   0x08002a58   0x00000028   Code   RO         3800    i.SPI2_SetSpeed     spi.o
    0x08002a80   0x08002a80   0x00000018   Code   RO         2263    i.SPI_Cmd           stm32f10x_spi.o
    0x08002a98   0x08002a98   0x00000012   Code   RO         2271    i.SPI_I2S_GetFlagStatus  stm32f10x_spi.o
    0x08002aaa   0x08002aaa   0x00000006   Code   RO         2274    i.SPI_I2S_ReceiveData  stm32f10x_spi.o
    0x08002ab0   0x08002ab0   0x00000004   Code   RO         2275    i.SPI_I2S_SendData  stm32f10x_spi.o
    0x08002ab4   0x08002ab4   0x0000003c   Code   RO         2276    i.SPI_Init          stm32f10x_spi.o
    0x08002af0   0x08002af0   0x00000002   Code   RO         3362    i.SVC_Handler       stm32f10x_it.o
    0x08002af2   0x08002af2   0x0000001c   Code   RO         3480    i.Send_RGB          rgb_light.o
    0x08002b0e   0x08002b0e   0x00000002   PAD
    0x08002b10   0x08002b10   0x0000000c   Code   RO         3482    i.SetFlowingType    rgb_light.o
    0x08002b1c   0x08002b1c   0x0000000c   Code   RO         3483    i.SetInterval       rgb_light.o
    0x08002b28   0x08002b28   0x00000008   Code   RO           24    i.SetSysClock       system_stm32f10x.o
    0x08002b30   0x08002b30   0x000000e0   Code   RO           25    i.SetSysClockTo72   system_stm32f10x.o
    0x08002c10   0x08002c10   0x00000074   Code   RO         3484    i.Set_RGB           rgb_light.o
    0x08002c84   0x08002c84   0x00000078   Code   RO         3485    i.Set_RGBDATA       rgb_light.o
    0x08002cfc   0x08002cfc   0x00000300   Code   RO         3738    i.Show_Function     menu.o
    0x08002ffc   0x08002ffc   0x000000e8   Code   RO         3954    i.StorageData       storage.o
    0x080030e4   0x080030e4   0x00000026   Code   RO         3955    i.StoragePicture    storage.o
    0x0800310a   0x0800310a   0x00000002   PAD
    0x0800310c   0x0800310c   0x000000b0   Code   RO         3956    i.StorageType       storage.o
    0x080031bc   0x080031bc   0x00000008   Code   RO         3957    i.Storage_Init      storage.o
    0x080031c4   0x080031c4   0x00000028   Code   RO          141    i.SysTick_CLKSourceConfig  misc.o
    0x080031ec   0x080031ec   0x00000002   Code   RO         3363    i.SysTick_Handler   stm32f10x_it.o
    0x080031ee   0x080031ee   0x00000002   PAD
    0x080031f0   0x080031f0   0x00000060   Code   RO           27    i.SystemInit        system_stm32f10x.o
    0x08003250   0x08003250   0x00000080   Code   RO         2405    i.TI1_Config        stm32f10x_tim.o
    0x080032d0   0x080032d0   0x00000098   Code   RO         2406    i.TI2_Config        stm32f10x_tim.o
    0x08003368   0x08003368   0x00000090   Code   RO         2407    i.TI3_Config        stm32f10x_tim.o
    0x080033f8   0x080033f8   0x00000098   Code   RO         2408    i.TI4_Config        stm32f10x_tim.o
    0x08003490   0x08003490   0x00000130   Code   RO         3447    i.TIM3_IRQHandler   key.o
    0x080035c0   0x080035c0   0x00000040   Code   RO         3419    i.TIM3_Int_Init     tim.o
    0x08003600   0x08003600   0x00000020   Code   RO         3420    i.TIM4_IRQHandler   tim.o
    0x08003620   0x08003620   0x00000048   Code   RO         3421    i.TIM4_Int_Init     tim.o
    0x08003668   0x08003668   0x00000006   Code   RO         2415    i.TIM_ClearFlag     stm32f10x_tim.o
    0x0800366e   0x0800366e   0x00000006   Code   RO         2416    i.TIM_ClearITPendingBit  stm32f10x_tim.o
    0x08003674   0x08003674   0x00000018   Code   RO         2421    i.TIM_Cmd           stm32f10x_tim.o
    0x0800368c   0x0800368c   0x00000042   Code   RO         2430    i.TIM_EncoderInterfaceConfig  stm32f10x_tim.o
    0x080036ce   0x080036ce   0x00000006   Code   RO         2440    i.TIM_GetCounter    stm32f10x_tim.o
    0x080036d4   0x080036d4   0x00000022   Code   RO         2442    i.TIM_GetITStatus   stm32f10x_tim.o
    0x080036f6   0x080036f6   0x00000002   PAD
    0x080036f8   0x080036f8   0x000000ac   Code   RO         2444    i.TIM_ICInit        stm32f10x_tim.o
    0x080037a4   0x080037a4   0x00000012   Code   RO         2445    i.TIM_ICStructInit  stm32f10x_tim.o
    0x080037b6   0x080037b6   0x00000012   Code   RO         2446    i.TIM_ITConfig      stm32f10x_tim.o
    0x080037c8   0x080037c8   0x00000004   Code   RO         2486    i.TIM_SetCounter    stm32f10x_tim.o
    0x080037cc   0x080037cc   0x00000012   Code   RO         2487    i.TIM_SetIC1Prescaler  stm32f10x_tim.o
    0x080037de   0x080037de   0x0000001a   Code   RO         2488    i.TIM_SetIC2Prescaler  stm32f10x_tim.o
    0x080037f8   0x080037f8   0x00000012   Code   RO         2489    i.TIM_SetIC3Prescaler  stm32f10x_tim.o
    0x0800380a   0x0800380a   0x0000001a   Code   RO         2490    i.TIM_SetIC4Prescaler  stm32f10x_tim.o
    0x08003824   0x08003824   0x000000a4   Code   RO         2492    i.TIM_TimeBaseInit  stm32f10x_tim.o
    0x080038c8   0x080038c8   0x00000012   Code   RO         2493    i.TIM_TimeBaseStructInit  stm32f10x_tim.o
    0x080038da   0x080038da   0x00000002   PAD
    0x080038dc   0x080038dc   0x000000ec   Code   RO         4085    i.USART1_IRQHandler  usart.o
    0x080039c8   0x080039c8   0x000001dc   Code   RO         4011    i.USART2_IRQHandler  esp8266wifi.o
    0x08003ba4   0x08003ba4   0x0000001e   Code   RO         2957    i.USART_ClearITPendingBit  stm32f10x_usart.o
    0x08003bc2   0x08003bc2   0x00000018   Code   RO         2960    i.USART_Cmd         stm32f10x_usart.o
    0x08003bda   0x08003bda   0x00000054   Code   RO         2964    i.USART_GetITStatus  stm32f10x_usart.o
    0x08003c2e   0x08003c2e   0x0000004a   Code   RO         2966    i.USART_ITConfig    stm32f10x_usart.o
    0x08003c78   0x08003c78   0x000000d8   Code   RO         2967    i.USART_Init        stm32f10x_usart.o
    0x08003d50   0x08003d50   0x0000000a   Code   RO         2974    i.USART_ReceiveData  stm32f10x_usart.o
    0x08003d5a   0x08003d5a   0x00000004   Code   RO         3364    i.UsageFault_Handler  stm32f10x_it.o
    0x08003d5e   0x08003d5e   0x00000002   PAD
    0x08003d60   0x08003d60   0x00000044   Code   RO         3826    i.W25QXX_Erase_Sector  w25q64.o
    0x08003da4   0x08003da4   0x0000004c   Code   RO         3827    i.W25QXX_Init       w25q64.o
    0x08003df0   0x08003df0   0x00000050   Code   RO         3829    i.W25QXX_Read       w25q64.o
    0x08003e40   0x08003e40   0x0000002c   Code   RO         3830    i.W25QXX_ReadSR     w25q64.o
    0x08003e6c   0x08003e6c   0x0000001c   Code   RO         3832    i.W25QXX_Read_Sector  w25q64.o
    0x08003e88   0x08003e88   0x00000012   Code   RO         3834    i.W25QXX_Wait_Busy  w25q64.o
    0x08003e9a   0x08003e9a   0x00000002   PAD
    0x08003e9c   0x08003e9c   0x00000020   Code   RO         3836    i.W25QXX_Write_Enable  w25q64.o
    0x08003ebc   0x08003ebc   0x00000058   Code   RO         3837    i.W25QXX_Write_Page  w25q64.o
    0x08003f14   0x08003f14   0x000000a0   Code   RO         3839    i.W25QXX_Write_Sector  w25q64.o
    0x08003fb4   0x08003fb4   0x00000084   Code   RO         3840    i.W25QXX_Write_Sector2  w25q64.o
    0x08004038   0x08004038   0x00000004   Code   RO         4088    i._sys_exit         usart.o
    0x0800403c   0x0800403c   0x00000044   Code   RO         4035    i.delay_init        delay.o
    0x08004080   0x08004080   0x0000004c   Code   RO         4036    i.delay_ms          delay.o
    0x080040cc   0x080040cc   0x000000d8   Code   RO         3196    i.main              main.o
    0x080041a4   0x080041a4   0x00000016   Code   RO         3603    i.mypow             oled.o
    0x080041ba   0x080041ba   0x00000002   PAD
    0x080041bc   0x080041bc   0x0000008c   Code   RO         4090    i.uart1_init        usart.o
    0x08004248   0x08004248   0x00000090   Code   RO         4091    i.uart2_init        usart.o
    0x080042d8   0x080042d8   0x000005f0   Data   RO         3604    .constdata          oled.o
    0x080048c8   0x080048c8   0x00000020   Data   RO         4312    Region$$Table       anon$$obj.o


    Execution Region RW_IRAM1 (Exec base: 0x20000000, Load base: 0x080048e8, Size: 0x00004df0, Max: 0x00005000, ABSOLUTE, COMPRESSED[0x00000110])

    Exec Addr    Load Addr    Size         Type   Attr      Idx    E Section Name        Object

    0x20000000   COMPRESSED   0x00000014   Data   RW           28    .data               system_stm32f10x.o
    0x20000014   COMPRESSED   0x00000014   Data   RW         1805    .data               stm32f10x_rcc.o
    0x20000028   COMPRESSED   0x00000014   Data   RW         3448    .data               key.o
    0x2000003c   COMPRESSED   0x00000058   Data   RW         3487    .data               rgb_light.o
    0x20000094   COMPRESSED   0x000000c6   Data   RW         3605    .data               oled.o
    0x2000015a   COMPRESSED   0x00000014   Data   RW         3740    .data               menu.o
    0x2000016e   COMPRESSED   0x00000002   Data   RW         3934    .data               encoder.o
    0x20000170   COMPRESSED   0x00000005   Data   RW         3959    .data               storage.o
    0x20000175   COMPRESSED   0x00000001   PAD
    0x20000176   COMPRESSED   0x00000028   Data   RW         4013    .data               esp8266wifi.o
    0x2000019e   COMPRESSED   0x00000004   Data   RW         4039    .data               delay.o
    0x200001a2   COMPRESSED   0x00000002   PAD
    0x200001a4   COMPRESSED   0x0000000d   Data   RW         4092    .data               usart.o
    0x200001b1   COMPRESSED   0x00000003   PAD
    0x200001b4        -       0x000000ec   Zero   RW         3486    .bss                rgb_light.o
    0x200002a0        -       0x0000041a   Zero   RW         3739    .bss                menu.o
    0x200006ba        -       0x00002000   Zero   RW         3841    .bss                w25q64.o
    0x200026ba        -       0x000002cf   Zero   RW         3958    .bss                storage.o
    0x20002989        -       0x00001e00   Zero   RW         4012    .bss                esp8266wifi.o
    0x20004789   COMPRESSED   0x00000003   PAD
    0x2000478c        -       0x00000060   Zero   RW         4190    .bss                c_w.l(libspace.o)
    0x200047ec   COMPRESSED   0x00000004   PAD
    0x200047f0        -       0x00000200   Zero   RW           18    HEAP                startup_stm32f10x_md.o
    0x200049f0        -       0x00000400   Zero   RW           17    STACK               startup_stm32f10x_md.o


==============================================================================

Image component sizes


      Code (inc. data)   RO Data    RW Data    ZI Data      Debug   Object Name

         0          0          0          0          0       4540   core_cm3.o
       144         22          0          4          0       1272   delay.o
       164          6          0          2          0       1008   encoder.o
       828        136          0         40       7680       2618   esp8266wifi.o
       408         54          0         20          0       1647   key.o
       216         18          0          0          0     245699   main.o
      5792        922          0         20       1050       8897   menu.o
       172         22          0          0          0     205561   misc.o
      2066         78       1520        198          0      14674   oled.o
      1140         92          0         88        236       9680   rgb_light.o
       272         18          0          0          0       1853   spi.o
        64         26        236          0       1536        820   startup_stm32f10x_md.o
       430          6          0          0          0      12326   stm32f10x_gpio.o
        26          0          0          0          0       4226   stm32f10x_it.o
       276         32          0         20          0      13286   stm32f10x_rcc.o
       112          0          0          0          0      10862   stm32f10x_spi.o
      1200        150          0          0          0      33754   stm32f10x_tim.o
       438          6          0          0          0      11812   stm32f10x_usart.o
       818        114          0          5        719       5318   storage.o
       126          0          0          0          0        574   sys.o
       328         28          0         20          0      39921   system_stm32f10x.o
       168         16          0          0          0       1746   tim.o
       524         60          0         13          0       4581   usart.o
       726         62          0          0       8192       7351   w25q64.o

    ----------------------------------------------------------------------
     16472       1868       1788        436      19416     644026   Object Totals
         0          0         32          0          0          0   (incl. Generated)
        34          0          0          6          3          0   (incl. Padding)

    ----------------------------------------------------------------------

      Code (inc. data)   RO Data    RW Data    ZI Data      Debug   Library Member Name

        90          0          0          0          0          0   __dczerorl2.o
         8          0          0          0          0         68   __main.o
         0          0          0          0          0          0   __rtentry.o
        12          0          0          0          0          0   __rtentry2.o
         6          0          0          0          0          0   __rtentry4.o
        52          8          0          0          0          0   __scatter.o
        28          0          0          0          0          0   __scatter_zi.o
        18          0          0          0          0         80   exit.o
         6          0          0          0          0        152   heapauxi.o
         2          0          0          0          0          0   libinit.o
         2          0          0          0          0          0   libinit2.o
         2          0          0          0          0          0   libshutdown.o
         2          0          0          0          0          0   libshutdown2.o
         8          4          0          0         96         68   libspace.o
         2          0          0          0          0          0   rtexit.o
        10          0          0          0          0          0   rtexit2.o
        72          0          0          0          0         80   strcpy.o
        74          0          0          0          0         80   sys_stackheap_outer.o
         2          0          0          0          0         68   use_no_semi.o
         2          0          0          0          0         68   use_no_semi_2.o

    ----------------------------------------------------------------------
       404         12          0          0        100        664   Library Totals
         6          0          0          0          4          0   (incl. Padding)

    ----------------------------------------------------------------------

      Code (inc. data)   RO Data    RW Data    ZI Data      Debug   Library Name

       398         12          0          0         96        664   c_w.l

    ----------------------------------------------------------------------
       404         12          0          0        100        664   Library Totals

    ----------------------------------------------------------------------

==============================================================================


      Code (inc. data)   RO Data    RW Data    ZI Data      Debug   

     16876       1880       1788        436      19516     637874   Grand Totals
     16876       1880       1788        272      19516     637874   ELF Image Totals (compressed)
     16876       1880       1788        272          0          0   ROM Totals

==============================================================================

    Total RO  Size (Code + RO Data)                18664 (  18.23kB)
    Total RW  Size (RW Data + ZI Data)             19952 (  19.48kB)
    Total ROM Size (Code + RO Data + RW Data)      18936 (  18.49kB)

==============================================================================

