<html>
<body>
<pre>
<h1>µVision Build Log</h1>
<h2>Tool Versions:</h2>
IDE-Version: ¶ÃVision V5.30.0.0
Copyright (C) 2020 ARM Ltd and ARM Germany GmbH. All rights reserved.
License Information: Xiao Yuheng, HUST, LIC=Y2B1Q-NW1HK-UMP9A-17NW4-AZNPE-F3WH7
 
Tool Versions:
Toolchain:       MDK-ARM Professional  Version: 5.30.0.0
Toolchain Path:  D:\arm KEIL\ARM\ARMCC\Bin
C Compiler:      Armcc.exe V5.06 update 6 (build 750)
Assembler:       Armasm.exe V5.06 update 6 (build 750)
Linker/Locator:  ArmLink.exe V5.06 update 6 (build 750)
Library Manager: ArmAr.exe V5.06 update 6 (build 750)
Hex Converter:   FromElf.exe V5.06 update 6 (build 750)
CPU DLL:         SARMCM3.DLL V5.30.0.0
Dialog DLL:      DCM.DLL V1.17.3.0
Target DLL:      CMSIS_AGDI.dll V1.32.5.0
Dialog DLL:      TCM.DLL V1.42.0.0
 
<h2>Project:</h2>
D:\arm KEIL\STM32F407Prjs\Ãÿ”√≥Ã–Ú\RGB_Test\USER\prj_new.uvprojx
Project File Date:  10/07/2022

<h2>Output:</h2>
*** Using Compiler 'V5.06 update 6 (build 750)', folder: 'D:\arm KEIL\ARM\ARMCC\Bin'
Build target 'prj_new'
compiling main.c...
..\HARDWARE\RGB_LIGHT\RGB_LIGHT.h(14): warning:  #1-D: last line of file ends without a newline
  #endif
main.c(11): warning:  #223-D: function "uart_init" declared implicitly
  	uart_init(115200);
main.c(9): warning:  #177-D: variable "i"  was declared but never referenced
  	uint8_t i,j;
main.c(9): warning:  #177-D: variable "j"  was declared but never referenced
  	uint8_t i,j;
main.c: 4 warnings, 0 errors
compiling usart.c...
..\HARDWARE\RGB_LIGHT\RGB_LIGHT.h(14): warning:  #1-D: last line of file ends without a newline
  #endif
..\SYSTEM\usart\usart.c: 1 warning, 0 errors
linking...
Program Size: Code=5840 RO-data=424 RW-data=52 ZI-data=1836  
FromELF: creating hex file...
"..\OBJ\prj_new.axf" - 0 Error(s), 5 Warning(s).

<h2>Software Packages used:</h2>

Package Vendor: Keil
                http://www.keil.com/pack/Keil.STM32F4xx_DFP.2.16.0.pack
                Keil.STM32F4xx_DFP.2.16.0
                STMicroelectronics STM32F4 Series Device Support, Drivers and Examples

<h2>Collection of Component include folders:</h2>
  .\RTE\_prj_new
  D:\arm KEIL\Keil\STM32F4xx_DFP\2.16.0\Drivers\CMSIS\Device\ST\STM32F4xx\Include

<h2>Collection of Component Files used:</h2>
Build Time Elapsed:  00:00:01
</pre>
</body>
</html>
