<html>
<body>
<pre>
<h1>礦ision Build Log</h1>
<h2>Tool Versions:</h2>
IDE-Version: μVision V5.30.0.0
Copyright (C) 2020 ARM Ltd and ARM Germany GmbH. All rights reserved.
License Information: Xiao Yuheng, HUST, LIC=Y2B1Q-NW1HK-UMP9A-17NW4-AZNPE-F3WH7
 
Tool Versions:
Toolchain:       MDK-ARM Professional  Version: 5.30.0.0
Toolchain Path:  D:\arm KEIL\ARM\ARMCC\Bin
C Compiler:      Armcc.exe V5.06 update 6 (build 750)
Assembler:       Armasm.exe V5.06 update 6 (build 750)
Linker/Locator:  ArmLink.exe V5.06 update 6 (build 750)
Library Manager: ArmAr.exe V5.06 update 6 (build 750)
Hex Converter:   FromElf.exe V5.06 update 6 (build 750)
CPU DLL:         SARMCM3.DLL V5.30.0.0
Dialog DLL:      DCM.DLL V1.17.3.0
Target DLL:      STLink\ST-LINKIII-KEIL_SWO.dll V3.0.7.0
Dialog DLL:      TCM.DLL V1.42.0.0
 
<h2>Project:</h2>
F:\我的文件夹\工作材料\进行项目\多功能炫彩灯\软件部分\多功能炫彩灯\project.uvprojx
Project File Date:  01/31/2023

<h2>Output:</h2>
*** Using Compiler 'V5.06 update 6 (build 750)', folder: 'D:\arm KEIL\ARM\ARMCC\Bin'
Build target 'Target 1'
compiling RGB_LIGHT.c...
.\Hardware\TIM\TIM.h(10): warning:  #1-D: last line of file ends without a newline
  #endif
.\Hardware\RGB_LIGHT\RGB_LIGHT.h(35): warning:  #1-D: last line of file ends without a newline
  #endif
.\Hardware\W25QXX\w25qxx.h(55): warning:  #1295-D: Deprecated declaration W25QXX_Write_Protect - give arg types
  void W25QXX_Write_Protect();				//扇区写保护
.\Hardware\W25QXX\w25qxx.h(56): warning:  #1295-D: Deprecated declaration W25QXX_SR_Protect - give arg types
  void W25QXX_SR_Protect();						//状态寄存器写保护
.\Hardware\MENU\Menu.h(24): warning:  #1295-D: Deprecated declaration LCD_Menu_Init - give arg types
  void LCD_Menu_Init();
.\Hardware\MENU\Menu.h(26): warning:  #1295-D: Deprecated declaration LCD_ShowOutline - give arg types
  void LCD_ShowOutline();
.\Hardware\MENU\Menu.h(29): warning:  #1295-D: Deprecated declaration LCD_UpdateChoice - give arg types
  void LCD_UpdateChoice();
.\Hardware\MENU\Menu.h(31): warning:  #1295-D: Deprecated declaration LCD_UpdateMenu - give arg types
  void LCD_UpdateMenu();
.\Hardware\MENU\Menu.h(33): warning:  #1295-D: Deprecated declaration LCD_Switch - give arg types
  void LCD_Switch();
.\Hardware\MENU\Menu.h(35): warning:  #1295-D: Deprecated declaration LCD_Function - give arg types
  void LCD_Function();
.\Hardware\MENU\Menu.h(38): warning:  #1295-D: Deprecated declaration Function1 - give arg types
  void Function1();
.\Hardware\MENU\Menu.h(39): warning:  #1295-D: Deprecated declaration Function2 - give arg types
  void Function2();
.\Hardware\MENU\Menu.h(40): warning:  #1295-D: Deprecated declaration Function3 - give arg types
  void Function3();
.\Hardware\MENU\Menu.h(41): warning:  #1295-D: Deprecated declaration Function4 - give arg types
  void Function4();
.\Hardware\STORAGE\Storage.h(9): warning:  #1295-D: Deprecated declaration Storage_Init - give arg types
  void Storage_Init();
.\Hardware\STORAGE\Storage.h(16): warning:  #1295-D: Deprecated declaration GetData - give arg types
  void GetData();
.\Hardware\ESP8266WiFi\ESP8266WiFi.h(11): warning:  #1295-D: Deprecated declaration PicShow_Stroge - give arg types
  void PicShow_Stroge();
Hardware\RGB_LIGHT\RGB_LIGHT.h(28): warning:  #1295-D: Deprecated declaration RGB_Refresh - give arg types
  void RGB_Refresh();																							//定点更新
Hardware\RGB_LIGHT\RGB_LIGHT.h(29): warning:  #1295-D: Deprecated declaration RGB_Refresh_All - give arg types
  void RGB_Refresh_All();																					//更新整个灯带
Hardware\RGB_LIGHT\RGB_LIGHT.h(30): warning:  #1295-D: Deprecated declaration RGB_Off - give arg types
  void RGB_Off();																					//关闭整个灯带
Hardware\RGB_LIGHT\RGB_LIGHT.h(34): warning:  #1295-D: Deprecated declaration Flowing - give arg types
  void Flowing();
Hardware\RGB_LIGHT\RGB_LIGHT.h(35): warning:  #1-D: last line of file ends without a newline
  #endif
Hardware\RGB_LIGHT\RGB_LIGHT.c(15): warning:  #177-D: variable "i"  was declared but never referenced
  	uint8_t i;
Hardware\RGB_LIGHT\RGB_LIGHT.c(120): warning:  #940-D: missing return statement at end of non-void function "Set_RGBDATA" 
  }
Hardware\RGB_LIGHT\RGB_LIGHT.c: 24 warnings, 0 errors
linking...
Program Size: Code=16876 RO-data=1788 RW-data=436 ZI-data=19516  
".\Objects\first project.axf" - 0 Error(s), 24 Warning(s).

<h2>Software Packages used:</h2>

Package Vendor: Keil
                http://www.keil.com/pack/Keil.STM32F1xx_DFP.2.4.0.pack
                Keil.STM32F1xx_DFP.2.4.0
                STMicroelectronics STM32F1 Series Device Support, Drivers and Examples

<h2>Collection of Component include folders:</h2>
  .\RTE\_Target_1
  D:\arm KEIL\Keil\STM32F1xx_DFP\2.4.0\Device\Include

<h2>Collection of Component Files used:</h2>
Build Time Elapsed:  00:00:01
</pre>
</body>
</html>
