Component: ARM Compiler 5.06 update 6 (build 750) Tool: armlink [4d35ed]

==============================================================================

Section Cross References

    startup_stm32f10x_md.o(STACK) refers (Special) to heapauxi.o(.text) for __use_two_region_memory
    startup_stm32f10x_md.o(HEAP) refers (Special) to heapauxi.o(.text) for __use_two_region_memory
    startup_stm32f10x_md.o(RESET) refers (Special) to heapauxi.o(.text) for __use_two_region_memory
    startup_stm32f10x_md.o(RESET) refers to startup_stm32f10x_md.o(STACK) for __initial_sp
    startup_stm32f10x_md.o(RESET) refers to startup_stm32f10x_md.o(.text) for Reset_Handler
    startup_stm32f10x_md.o(RESET) refers to stm32f10x_it.o(i.NMI_Handler) for NMI_Handler
    startup_stm32f10x_md.o(RESET) refers to stm32f10x_it.o(i.HardFault_Handler) for HardFault_Handler
    startup_stm32f10x_md.o(RESET) refers to stm32f10x_it.o(i.MemManage_Handler) for MemManage_Handler
    startup_stm32f10x_md.o(RESET) refers to stm32f10x_it.o(i.BusFault_Handler) for BusFault_Handler
    startup_stm32f10x_md.o(RESET) refers to stm32f10x_it.o(i.UsageFault_Handler) for UsageFault_Handler
    startup_stm32f10x_md.o(RESET) refers to stm32f10x_it.o(i.SVC_Handler) for SVC_Handler
    startup_stm32f10x_md.o(RESET) refers to stm32f10x_it.o(i.DebugMon_Handler) for DebugMon_Handler
    startup_stm32f10x_md.o(RESET) refers to stm32f10x_it.o(i.PendSV_Handler) for PendSV_Handler
    startup_stm32f10x_md.o(RESET) refers to stm32f10x_it.o(i.SysTick_Handler) for SysTick_Handler
    startup_stm32f10x_md.o(RESET) refers to key.o(i.TIM3_IRQHandler) for TIM3_IRQHandler
    startup_stm32f10x_md.o(RESET) refers to tim.o(i.TIM4_IRQHandler) for TIM4_IRQHandler
    startup_stm32f10x_md.o(RESET) refers to usart.o(i.USART1_IRQHandler) for USART1_IRQHandler
    startup_stm32f10x_md.o(RESET) refers to esp8266wifi.o(i.USART2_IRQHandler) for USART2_IRQHandler
    startup_stm32f10x_md.o(.text) refers (Special) to heapauxi.o(.text) for __use_two_region_memory
    startup_stm32f10x_md.o(.text) refers to system_stm32f10x.o(i.SystemInit) for SystemInit
    startup_stm32f10x_md.o(.text) refers to __main.o(!!!main) for __main
    startup_stm32f10x_md.o(.text) refers to startup_stm32f10x_md.o(HEAP) for Heap_Mem
    startup_stm32f10x_md.o(.text) refers to startup_stm32f10x_md.o(STACK) for Stack_Mem
    system_stm32f10x.o(i.SetSysClock) refers to system_stm32f10x.o(i.SetSysClockTo72) for SetSysClockTo72
    system_stm32f10x.o(i.SystemCoreClockUpdate) refers to system_stm32f10x.o(.data) for SystemCoreClock
    system_stm32f10x.o(i.SystemInit) refers to system_stm32f10x.o(i.SetSysClock) for SetSysClock
    stm32f10x_adc.o(i.ADC_DeInit) refers to stm32f10x_rcc.o(i.RCC_APB2PeriphResetCmd) for RCC_APB2PeriphResetCmd
    stm32f10x_bkp.o(i.BKP_DeInit) refers to stm32f10x_rcc.o(i.RCC_BackupResetCmd) for RCC_BackupResetCmd
    stm32f10x_can.o(i.CAN_DeInit) refers to stm32f10x_rcc.o(i.RCC_APB1PeriphResetCmd) for RCC_APB1PeriphResetCmd
    stm32f10x_can.o(i.CAN_GetITStatus) refers to stm32f10x_can.o(i.CheckITStatus) for CheckITStatus
    stm32f10x_cec.o(i.CEC_DeInit) refers to stm32f10x_rcc.o(i.RCC_APB1PeriphResetCmd) for RCC_APB1PeriphResetCmd
    stm32f10x_dac.o(i.DAC_DeInit) refers to stm32f10x_rcc.o(i.RCC_APB1PeriphResetCmd) for RCC_APB1PeriphResetCmd
    stm32f10x_flash.o(i.FLASH_EnableWriteProtection) refers to stm32f10x_flash.o(i.FLASH_WaitForLastOperation) for FLASH_WaitForLastOperation
    stm32f10x_flash.o(i.FLASH_EraseAllBank1Pages) refers to stm32f10x_flash.o(i.FLASH_WaitForLastBank1Operation) for FLASH_WaitForLastBank1Operation
    stm32f10x_flash.o(i.FLASH_EraseAllPages) refers to stm32f10x_flash.o(i.FLASH_WaitForLastOperation) for FLASH_WaitForLastOperation
    stm32f10x_flash.o(i.FLASH_EraseOptionBytes) refers to stm32f10x_flash.o(i.FLASH_GetReadOutProtectionStatus) for FLASH_GetReadOutProtectionStatus
    stm32f10x_flash.o(i.FLASH_EraseOptionBytes) refers to stm32f10x_flash.o(i.FLASH_WaitForLastOperation) for FLASH_WaitForLastOperation
    stm32f10x_flash.o(i.FLASH_ErasePage) refers to stm32f10x_flash.o(i.FLASH_WaitForLastOperation) for FLASH_WaitForLastOperation
    stm32f10x_flash.o(i.FLASH_ProgramHalfWord) refers to stm32f10x_flash.o(i.FLASH_WaitForLastOperation) for FLASH_WaitForLastOperation
    stm32f10x_flash.o(i.FLASH_ProgramOptionByteData) refers to stm32f10x_flash.o(i.FLASH_WaitForLastOperation) for FLASH_WaitForLastOperation
    stm32f10x_flash.o(i.FLASH_ProgramWord) refers to stm32f10x_flash.o(i.FLASH_WaitForLastOperation) for FLASH_WaitForLastOperation
    stm32f10x_flash.o(i.FLASH_ReadOutProtection) refers to stm32f10x_flash.o(i.FLASH_WaitForLastOperation) for FLASH_WaitForLastOperation
    stm32f10x_flash.o(i.FLASH_UserOptionByteConfig) refers to stm32f10x_flash.o(i.FLASH_WaitForLastOperation) for FLASH_WaitForLastOperation
    stm32f10x_flash.o(i.FLASH_WaitForLastBank1Operation) refers to stm32f10x_flash.o(i.FLASH_GetBank1Status) for FLASH_GetBank1Status
[...]
    Removing usart.o(i.USART1_Send_String), (34 bytes).
    Removing usart.o(i.fputc), (28 bytes).

451 unused section(s) (total 17704 bytes) removed from the image.

==============================================================================

Image Symbol Table

    Local Symbols

    Symbol Name                              Value     Ov Type        Size  Object(Section)

    ../clib/angel/boardlib.s                 0x00000000   Number         0  boardshut.o ABSOLUTE
    ../clib/angel/boardlib.s                 0x00000000   Number         0  boardinit2.o ABSOLUTE
    ../clib/angel/boardlib.s                 0x00000000   Number         0  boardinit3.o ABSOLUTE
    ../clib/angel/boardlib.s                 0x00000000   Number         0  boardinit1.o ABSOLUTE
    ../clib/angel/dczerorl2.s                0x00000000   Number         0  __dczerorl2.o ABSOLUTE
    ../clib/angel/handlers.s                 0x00000000   Number         0  __scatter_zi.o ABSOLUTE
    ../clib/angel/kernel.s                   0x00000000   Number         0  __rtentry.o ABSOLUTE
    ../clib/angel/kernel.s                   0x00000000   Number         0  rtexit2.o ABSOLUTE
    ../clib/angel/kernel.s                   0x00000000   Number         0  rtexit.o ABSOLUTE
    ../clib/angel/kernel.s                   0x00000000   Number         0  __rtentry4.o ABSOLUTE
    ../clib/angel/kernel.s                   0x00000000   Number         0  __rtentry2.o ABSOLUTE
    ../clib/angel/rt.s                       0x00000000   Number         0  rt_raise.o ABSOLUTE
    ../clib/angel/scatter.s                  0x00000000   Number         0  __scatter.o ABSOLUTE
    ../clib/angel/startup.s                  0x00000000   Number         0  __main.o ABSOLUTE
    ../clib/angel/sys.s                      0x00000000   Number         0  indicate_semi.o ABSOLUTE
    ../clib/angel/sys.s                      0x00000000   Number         0  libspace.o ABSOLUTE
    ../clib/angel/sys.s                      0x00000000   Number         0  sys_stackheap_outer.o ABSOLUTE
    ../clib/angel/sys.s                      0x00000000   Number         0  use_no_semi_2.o ABSOLUTE
    ../clib/angel/sys.s                      0x00000000   Number         0  use_no_semi.o ABSOLUTE
    ../clib/angel/sysapp.c                   0x00000000   Number         0  sys_command.o ABSOLUTE
    ../clib/angel/sysapp.c                   0x00000000   Number         0  sys_wrch.o ABSOLUTE
    ../clib/armsys.c                         0x00000000   Number         0  no_argv.o ABSOLUTE
    ../clib/armsys.c                         0x00000000   Number         0  _get_argv_nomalloc.o ABSOLUTE
    ../clib/armsys.c                         0x00000000   Number         0  argv_veneer.o ABSOLUTE
    ../clib/armsys.c                         0x00000000   Number         0  argv_veneer.o ABSOLUTE
    ../clib/heapalloc.c                      0x00000000   Number         0  hrguard.o ABSOLUTE
    ../clib/heapaux.c                        0x00000000   Number         0  heapauxi.o ABSOLUTE
    ../clib/libinit.s                        0x00000000   Number         0  libinit.o ABSOLUTE
    ../clib/libinit.s                        0x00000000   Number         0  libshutdown2.o ABSOLUTE
    ../clib/libinit.s                        0x00000000   Number         0  libinit2.o ABSOLUTE
    ../clib/libinit.s                        0x00000000   Number         0  libshutdown.o ABSOLUTE
    ../clib/signal.c                         0x00000000   Number         0  defsig_segv_inner.o ABSOLUTE
    ../clib/signal.c                         0x00000000   Number         0  defsig_other.o ABSOLUTE
    ../clib/signal.c                         0x00000000   Number         0  __raise.o ABSOLUTE
    ../clib/signal.c                         0x00000000   Number         0  defsig_general.o ABSOLUTE
    ../clib/signal.c                         0x00000000   Number         0  defsig_rtmem_outer.o ABSOLUTE
    ../clib/signal.c                         0x00000000   Number         0  defsig_rtred_inner.o ABSOLUTE
    ../clib/signal.c                         0x00000000   Number         0  defsig_rtmem_formal.o ABSOLUTE
    ../clib/signal.c                         0x00000000   Number         0  defsig_abrt_inner.o ABSOLUTE
    ../clib/signal.c                         0x00000000   Number         0  defsig_fpe_inner.o ABSOLUTE
    ../clib/signal.c                         0x00000000   Number         0  defsig_stak_inner.o ABSOLUTE
    ../clib/signal.c                         0x00000000   Number         0  defsig_exit.o ABSOLUTE
    ../clib/signal.c                         0x00000000   Number         0  defsig_pvfn_inner.o ABSOLUTE
    ../clib/signal.c                         0x00000000   Number         0  defsig_cppl_inner.o ABSOLUTE
    ../clib/signal.c                         0x00000000   Number         0  defsig_rtmem_inner.o ABSOLUTE
    ../clib/signal.s                         0x00000000   Number         0  defsig.o ABSOLUTE
    ../clib/stdlib.c                         0x00000000   Number         0  exit.o ABSOLUTE
    ../clib/string.c                         0x00000000   Number         0  strcpy.o ABSOLUTE
    ../clib/string.c                         0x00000000   Number         0  strlen.o ABSOLUTE
    ../fplib/fpinit.s                        0x00000000   Number         0  fpinit.o ABSOLUTE
    Hardware\ESP8266WiFi\ESP8266WiFi.c       0x00000000   Number         0  esp8266wifi.o ABSOLUTE
    Hardware\Encoder\Encoder.c               0x00000000   Number         0  encoder.o ABSOLUTE
    Hardware\KEY\KEY.c                       0x00000000   Number         0  key.o ABSOLUTE
    Hardware\LCD\oled.c                      0x00000000   Number         0  oled.o ABSOLUTE
    Hardware\MENU\Menu.c                     0x00000000   Number         0  menu.o ABSOLUTE
    Hardware\RGB_LIGHT\RGB_LIGHT.c           0x00000000   Number         0  rgb_light.o ABSOLUTE
    Hardware\SPI\spi.c                       0x00000000   Number         0  spi.o ABSOLUTE
    Hardware\STORAGE\Storage.c               0x00000000   Number         0  storage.o ABSOLUTE
    Hardware\TIM\TIM.c                       0x00000000   Number         0  tim.o ABSOLUTE
    Hardware\W25QXX\w25q64.c                 0x00000000   Number         0  w25q64.o ABSOLUTE
    Library\misc.c                           0x00000000   Number         0  misc.o ABSOLUTE
    Library\stm32f10x_adc.c                  0x00000000   Number         0  stm32f10x_adc.o ABSOLUTE
    Library\stm32f10x_bkp.c                  0x00000000   Number         0  stm32f10x_bkp.o ABSOLUTE
    Library\stm32f10x_can.c                  0x00000000   Number         0  stm32f10x_can.o ABSOLUTE
    Library\stm32f10x_cec.c                  0x00000000   Number         0  stm32f10x_cec.o ABSOLUTE
    Library\stm32f10x_crc.c                  0x00000000   Number         0  stm32f10x_crc.o ABSOLUTE
    Library\stm32f10x_dac.c                  0x00000000   Number         0  stm32f10x_dac.o ABSOLUTE
    Library\stm32f10x_dbgmcu.c               0x00000000   Number         0  stm32f10x_dbgmcu.o ABSOLUTE
    Library\stm32f10x_dma.c                  0x00000000   Number         0  stm32f10x_dma.o ABSOLUTE
    Library\stm32f10x_exti.c                 0x00000000   Number         0  stm32f10x_exti.o ABSOLUTE
    Library\stm32f10x_flash.c                0x00000000   Number         0  stm32f10x_flash.o ABSOLUTE
    Library\stm32f10x_fsmc.c                 0x00000000   Number         0  stm32f10x_fsmc.o ABSOLUTE
    Library\stm32f10x_gpio.c                 0x00000000   Number         0  stm32f10x_gpio.o ABSOLUTE
    Library\stm32f10x_i2c.c                  0x00000000   Number         0  stm32f10x_i2c.o ABSOLUTE
    Library\stm32f10x_iwdg.c                 0x00000000   Number         0  stm32f10x_iwdg.o ABSOLUTE
    Library\stm32f10x_pwr.c                  0x00000000   Number         0  stm32f10x_pwr.o ABSOLUTE
    Library\stm32f10x_rcc.c                  0x00000000   Number         0  stm32f10x_rcc.o ABSOLUTE
    Library\stm32f10x_rtc.c                  0x00000000   Number         0  stm32f10x_rtc.o ABSOLUTE
    Library\stm32f10x_sdio.c                 0x00000000   Number         0  stm32f10x_sdio.o ABSOLUTE
    Library\stm32f10x_spi.c                  0x00000000   Number         0  stm32f10x_spi.o ABSOLUTE
    Library\stm32f10x_tim.c                  0x00000000   Number         0  stm32f10x_tim.o ABSOLUTE
    Library\stm32f10x_usart.c                0x00000000   Number         0  stm32f10x_usart.o ABSOLUTE
    Library\stm32f10x_wwdg.c                 0x00000000   Number         0  stm32f10x_wwdg.o ABSOLUTE
    Start\\core_cm3.c                        0x00000000   Number         0  core_cm3.o ABSOLUTE
    Start\core_cm3.c                         0x00000000   Number         0  core_cm3.o ABSOLUTE
    Start\startup_stm32f10x_md.s             0x00000000   Number         0  startup_stm32f10x_md.o ABSOLUTE
    Start\system_stm32f10x.c                 0x00000000   Number         0  system_stm32f10x.o ABSOLUTE
    System\delay\delay.c                     0x00000000   Number         0  delay.o ABSOLUTE
    System\sys\sys.c                         0x00000000   Number         0  sys.o ABSOLUTE
    System\usart\usart.c                     0x00000000   Number         0  usart.o ABSOLUTE
    User\main.c                              0x00000000   Number         0  main.o ABSOLUTE
    User\stm32f10x_it.c                      0x00000000   Number         0  stm32f10x_it.o ABSOLUTE
    dc.s                                     0x00000000   Number         0  dc.o ABSOLUTE
    RESET                                    0x08000000   Section      236  startup_stm32f10x_md.o(RESET)
    !!!main                                  0x080000ec   Section        8  __main.o(!!!main)
    !!!scatter                               0x080000f4   Section       52  __scatter.o(!!!scatter)
    !!dczerorl2                              0x08000128   Section       90  __dczerorl2.o(!!dczerorl2)
    !!handler_zi                             0x08000184   Section       28  __scatter_zi.o(!!handler_zi)
    .ARM.Collect$$libinit$$00000000          0x080001a0   Section        2  libinit.o(.ARM.Collect$$libinit$$00000000)
    .ARM.Collect$$libinit$$00000002          0x080001a2   Section        0  libinit2.o(.ARM.Collect$$libinit$$00000002)
    .ARM.Collect$$libinit$$00000004          0x080001a2   Section        0  libinit2.o(.ARM.Collect$$libinit$$00000004)
    .ARM.Collect$$libinit$$0000000A          0x080001a2   Section        0  libinit2.o(.ARM.Collect$$libinit$$0000000A)
    .ARM.Collect$$libinit$$0000000C          0x080001a2   Section        0  libinit2.o(.ARM.Collect$$libinit$$0000000C)
    .ARM.Collect$$libinit$$0000000E          0x080001a2   Section        0  libinit2.o(.ARM.Collect$$libinit$$0000000E)
    .ARM.Collect$$libinit$$00000011          0x080001a2   Section        0  libinit2.o(.ARM.Collect$$libinit$$00000011)
    .ARM.Collect$$libinit$$00000013          0x080001a2   Section        0  libinit2.o(.ARM.Collect$$libinit$$00000013)
    .ARM.Collect$$libinit$$00000015          0x080001a2   Section        0  libinit2.o(.ARM.Collect$$libinit$$00000015)
    .ARM.Collect$$libinit$$00000017          0x080001a2   Section        0  libinit2.o(.ARM.Collect$$libinit$$00000017)
    .ARM.Collect$$libinit$$00000019          0x080001a2   Section        0  libinit2.o(.ARM.Collect$$libinit$$00000019)
    .ARM.Collect$$libinit$$0000001B          0x080001a2   Section        0  libinit2.o(.ARM.Collect$$libinit$$0000001B)
    .ARM.Collect$$libinit$$0000001D          0x080001a2   Section        0  libinit2.o(.ARM.Collect$$libinit$$0000001D)
    .ARM.Collect$$libinit$$0000001F          0x080001a2   Section        0  libinit2.o(.ARM.Collect$$libinit$$0000001F)
    .ARM.Collect$$libinit$$00000021          0x080001a2   Section        0  libinit2.o(.ARM.Collect$$libinit$$00000021)
    .ARM.Collect$$libinit$$00000023          0x080001a2   Section        0  libinit2.o(.ARM.Collect$$libinit$$00000023)
    .ARM.Collect$$libinit$$00000025          0x080001a2   Section        0  libinit2.o(.ARM.Collect$$libinit$$00000025)
    .ARM.Collect$$libinit$$0000002C          0x080001a2   Section        0  libinit2.o(.ARM.Collect$$libinit$$0000002C)
    .ARM.Collect$$libinit$$0000002E          0x080001a2   Section        0  libinit2.o(.ARM.Collect$$libinit$$0000002E)
    .ARM.Collect$$libinit$$00000030          0x080001a2   Section        0  libinit2.o(.ARM.Collect$$libinit$$00000030)
    .ARM.Collect$$libinit$$00000032          0x080001a2   Section        0  libinit2.o(.ARM.Collect$$libinit$$00000032)
    .ARM.Collect$$libinit$$00000033          0x080001a2   Section        2  libinit2.o(.ARM.Collect$$libinit$$00000033)
    .ARM.Collect$$libshutdown$$00000000      0x080001a4   Section        2  libshutdown.o(.ARM.Collect$$libshutdown$$00000000)
    .ARM.Collect$$libshutdown$$00000002      0x080001a6   Section        0  libshutdown2.o(.ARM.Collect$$libshutdown$$00000002)
    .ARM.Collect$$libshutdown$$00000004      0x080001a6   Section        0  libshutdown2.o(.ARM.Collect$$libshutdown$$00000004)
    .ARM.Collect$$libshutdown$$00000007      0x080001a6   Section        0  libshutdown2.o(.ARM.Collect$$libshutdown$$00000007)
    .ARM.Collect$$libshutdown$$0000000A      0x080001a6   Section        0  libshutdown2.o(.ARM.Collect$$libshutdown$$0000000A)
    .ARM.Collect$$libshutdown$$0000000C      0x080001a6   Section        0  libshutdown2.o(.ARM.Collect$$libshutdown$$0000000C)
    .ARM.Collect$$libshutdown$$0000000F      0x080001a6   Section        0  libshutdown2.o(.ARM.Collect$$libshutdown$$0000000F)
    .ARM.Collect$$libshutdown$$00000010      0x080001a6   Section        2  libshutdown2.o(.ARM.Collect$$libshutdown$$00000010)
    .ARM.Collect$$rtentry$$00000000          0x080001a8   Section        0  __rtentry.o(.ARM.Collect$$rtentry$$00000000)
    .ARM.Collect$$rtentry$$00000002          0x080001a8   Section        0  __rtentry2.o(.ARM.Collect$$rtentry$$00000002)
    .ARM.Collect$$rtentry$$00000004          0x080001a8   Section        6  __rtentry4.o(.ARM.Collect$$rtentry$$00000004)
    .ARM.Collect$$rtentry$$00000009          0x080001ae   Section        0  __rtentry2.o(.ARM.Collect$$rtentry$$00000009)
    .ARM.Collect$$rtentry$$0000000A          0x080001ae   Section        4  __rtentry2.o(.ARM.Collect$$rtentry$$0000000A)
    .ARM.Collect$$rtentry$$0000000C          0x080001b2   Section        0  __rtentry2.o(.ARM.Collect$$rtentry$$0000000C)
    .ARM.Collect$$rtentry$$0000000D          0x080001b2   Section        8  __rtentry2.o(.ARM.Collect$$rtentry$$0000000D)
    .ARM.Collect$$rtexit$$00000000           0x080001ba   Section        2  rtexit.o(.ARM.Collect$$rtexit$$00000000)
    .ARM.Collect$$rtexit$$00000002           0x080001bc   Section        0  rtexit2.o(.ARM.Collect$$rtexit$$00000002)
    .ARM.Collect$$rtexit$$00000003           0x080001bc   Section        4  rtexit2.o(.ARM.Collect$$rtexit$$00000003)
    .ARM.Collect$$rtexit$$00000004           0x080001c0   Section        6  rtexit2.o(.ARM.Collect$$rtexit$$00000004)
    .text                                    0x080001c8   Section       64  startup_stm32f10x_md.o(.text)
    .text                                    0x08000208   Section        2  use_no_semi_2.o(.text)
    .text                                    0x0800020a   Section        0  strcpy.o(.text)
    .text                                    0x08000252   Section        0  heapauxi.o(.text)
    .text                                    0x08000258   Section        2  use_no_semi.o(.text)
    .text                                    0x0800025a   Section       74  sys_stackheap_outer.o(.text)
    .text                                    0x080002a4   Section        0  exit.o(.text)
    .text                                    0x080002b8   Section        8  libspace.o(.text)
    i.Address_set                            0x080002c0   Section        0  oled.o(i.Address_set)
    i.BusFault_Handler                       0x0800031a   Section        0  stm32f10x_it.o(i.BusFault_Handler)
    i.DATA_Pin_Init                          0x08000320   Section        0  rgb_light.o(i.DATA_Pin_Init)
    i.DebugMon_Handler                       0x08000354   Section        0  stm32f10x_it.o(i.DebugMon_Handler)
    i.Draw_Circle                            0x08000356   Section        0  oled.o(i.Draw_Circle)
    i.Encoder_TIM2_Init                      0x08000408   Section        0  encoder.o(i.Encoder_TIM2_Init)
    i.Flowing                                0x080004ac   Section        0  rgb_light.o(i.Flowing)
    i.GPIO_Init                              0x080006e8   Section        0  stm32f10x_gpio.o(i.GPIO_Init)
    i.GPIO_PinRemapConfig                    0x08000800   Section        0  stm32f10x_gpio.o(i.GPIO_PinRemapConfig)
    i.GPIO_ResetBits                         0x08000890   Section        0  stm32f10x_gpio.o(i.GPIO_ResetBits)
    i.GPIO_SetBits                           0x08000894   Section        0  stm32f10x_gpio.o(i.GPIO_SetBits)
    i.GetData                                0x08000898   Section        0  storage.o(i.GetData)
    i.GetType                                0x0800091c   Section        0  storage.o(i.GetType)
    i.HardFault_Handler                      0x08000998   Section        0  stm32f10x_it.o(i.HardFault_Handler)
    i.KEY_Init                               0x0800099c   Section        0  key.o(i.KEY_Init)
    i.LCD_Clear                              0x080009fc   Section        0  oled.o(i.LCD_Clear)
    i.LCD_DrawLine                           0x08000a2c   Section        0  oled.o(i.LCD_DrawLine)
    i.LCD_DrawPoint                          0x08000adc   Section        0  oled.o(i.LCD_DrawPoint)
    i.LCD_DrawPoint_big                      0x08000afc   Section        0  oled.o(i.LCD_DrawPoint_big)
    i.LCD_DrawRectangle                      0x08000b24   Section        0  oled.o(i.LCD_DrawRectangle)
    i.LCD_Fill                               0x08000b64   Section        0  oled.o(i.LCD_Fill)
    i.LCD_Function                           0x08000bac   Section        0  menu.o(i.LCD_Function)
    i.LCD_Menu_Init                          0x08001238   Section        0  menu.o(i.LCD_Menu_Init)
    i.LCD_ReturnShow                         0x080015e8   Section        0  menu.o(i.LCD_ReturnShow)
    i.LCD_SetColor                           0x080016cc   Section        0  oled.o(i.LCD_SetColor)
    i.LCD_ShowBackGround                     0x080016e0   Section        0  menu.o(i.LCD_ShowBackGround)
    i.LCD_ShowChar                           0x08001774   Section        0  oled.o(i.LCD_ShowChar)
    i.LCD_ShowNum                            0x0800185c   Section        0  oled.o(i.LCD_ShowNum)
    i.LCD_ShowOutline                        0x080018dc   Section        0  menu.o(i.LCD_ShowOutline)
    i.LCD_ShowString                         0x08001a0c   Section        0  oled.o(i.LCD_ShowString)
    i.LCD_Showhanzi                          0x08001a50   Section        0  oled.o(i.LCD_Showhanzi)
    i.LCD_Showimage                          0x08001b08   Section        0  oled.o(i.LCD_Showimage)
    i.LCD_Switch                             0x08001b54   Section        0  menu.o(i.LCD_Switch)
    i.LCD_UpdateMenu                         0x08001f0c   Section        0  menu.o(i.LCD_UpdateMenu)
    i.LCD_UpdatePage                         0x08001f78   Section        0  menu.o(i.LCD_UpdatePage)
    i.LCD_WR_DATA                            0x08002128   Section        0  oled.o(i.LCD_WR_DATA)
    i.LCD_WR_DATA8                           0x08002148   Section        0  oled.o(i.LCD_WR_DATA8)
    i.LCD_WR_REG                             0x08002160   Section        0  oled.o(i.LCD_WR_REG)
    i.LCD_Writ_Bus                           0x08002178   Section        0  oled.o(i.LCD_Writ_Bus)
    i.Lcd_Init                               0x080021bc   Section        0  oled.o(i.Lcd_Init)
    i.MemManage_Handler                      0x080023ac   Section        0  stm32f10x_it.o(i.MemManage_Handler)
    i.NMI_Handler                            0x080023b0   Section        0  stm32f10x_it.o(i.NMI_Handler)
    i.NVIC_Config                            0x080023b2   Section        0  sys.o(i.NVIC_Config)
    i.NVIC_Init                              0x08002430   Section        0  misc.o(i.NVIC_Init)
    i.NVIC_PriorityGroupConfig               0x080024a0   Section        0  misc.o(i.NVIC_PriorityGroupConfig)
    i.PendSV_Handler                         0x080024b4   Section        0  stm32f10x_it.o(i.PendSV_Handler)
    i.PicShow_Stroge                         0x080024b8   Section        0  esp8266wifi.o(i.PicShow_Stroge)
    i.RCC_APB1PeriphClockCmd                 0x08002584   Section        0  stm32f10x_rcc.o(i.RCC_APB1PeriphClockCmd)
    i.RCC_APB2PeriphClockCmd                 0x080025a4   Section        0  stm32f10x_rcc.o(i.RCC_APB2PeriphClockCmd)
    i.RCC_GetClocksFreq                      0x080025c4   Section        0  stm32f10x_rcc.o(i.RCC_GetClocksFreq)
    i.RGB_Off                                0x08002698   Section        0  rgb_light.o(i.RGB_Off)
    i.RGB_Refresh_All                        0x080026b4   Section        0  rgb_light.o(i.RGB_Refresh_All)
    i.RGB_SETBE                              0x080026e4   Section        0  rgb_light.o(i.RGB_SETBE)
    i.RGB_Send_0Code                         0x080026f8   Section        0  rgb_light.o(i.RGB_Send_0Code)
    i.RGB_Send_1Bits                         0x08002724   Section        0  rgb_light.o(i.RGB_Send_1Bits)
    i.RGB_Send_1Code                         0x08002738   Section        0  rgb_light.o(i.RGB_Send_1Code)
    i.RGB_Send_24Bits                        0x08002764   Section        0  rgb_light.o(i.RGB_Send_24Bits)
    i.SPI2_Init                              0x08002780   Section        0  spi.o(i.SPI2_Init)
    i.SPI2_ReadWriteByte                     0x08002814   Section        0  spi.o(i.SPI2_ReadWriteByte)
    i.SPI2_SetSpeed                          0x08002868   Section        0  spi.o(i.SPI2_SetSpeed)
    i.SPI_Cmd                                0x08002890   Section        0  stm32f10x_spi.o(i.SPI_Cmd)
    i.SPI_I2S_GetFlagStatus                  0x080028a8   Section        0  stm32f10x_spi.o(i.SPI_I2S_GetFlagStatus)
    i.SPI_I2S_ReceiveData                    0x080028ba   Section        0  stm32f10x_spi.o(i.SPI_I2S_ReceiveData)
    i.SPI_I2S_SendData                       0x080028c0   Section        0  stm32f10x_spi.o(i.SPI_I2S_SendData)
    i.SPI_Init                               0x080028c4   Section        0  stm32f10x_spi.o(i.SPI_Init)
    i.SVC_Handler                            0x08002900   Section        0  stm32f10x_it.o(i.SVC_Handler)
    i.Send_RGB                               0x08002902   Section        0  rgb_light.o(i.Send_RGB)
    i.SetFlowingType                         0x08002920   Section        0  rgb_light.o(i.SetFlowingType)
    i.SetInterval                            0x0800292c   Section        0  rgb_light.o(i.SetInterval)
    i.SetSysClock                            0x08002938   Section        0  system_stm32f10x.o(i.SetSysClock)
    SetSysClock                              0x08002939   Thumb Code     8  system_stm32f10x.o(i.SetSysClock)
    i.SetSysClockTo72                        0x08002940   Section        0  system_stm32f10x.o(i.SetSysClockTo72)
    SetSysClockTo72                          0x08002941   Thumb Code   214  system_stm32f10x.o(i.SetSysClockTo72)
    i.Set_RGB                                0x08002a20   Section        0  rgb_light.o(i.Set_RGB)
    i.Set_RGBDATA                            0x08002a94   Section        0  rgb_light.o(i.Set_RGBDATA)
    i.Show_Function                          0x08002b0c   Section        0  menu.o(i.Show_Function)
    i.StorageData                            0x08002e0c   Section        0  storage.o(i.StorageData)
    i.StorageType                            0x08002ee0   Section        0  storage.o(i.StorageType)
    i.Storage_Init                           0x08002f94   Section        0  storage.o(i.Storage_Init)
    i.SysTick_CLKSourceConfig                0x08002f9c   Section        0  misc.o(i.SysTick_CLKSourceConfig)
    i.SysTick_Handler                        0x08002fc4   Section        0  stm32f10x_it.o(i.SysTick_Handler)
    i.SystemInit                             0x08002fc8   Section        0  system_stm32f10x.o(i.SystemInit)
    i.TI1_Config                             0x08003028   Section        0  stm32f10x_tim.o(i.TI1_Config)
    TI1_Config                               0x08003029   Thumb Code   108  stm32f10x_tim.o(i.TI1_Config)
    i.TI2_Config                             0x080030a8   Section        0  stm32f10x_tim.o(i.TI2_Config)
    TI2_Config                               0x080030a9   Thumb Code   130  stm32f10x_tim.o(i.TI2_Config)
    i.TI3_Config                             0x08003140   Section        0  stm32f10x_tim.o(i.TI3_Config)
    TI3_Config                               0x08003141   Thumb Code   122  stm32f10x_tim.o(i.TI3_Config)
    i.TI4_Config                             0x080031d0   Section        0  stm32f10x_tim.o(i.TI4_Config)
    TI4_Config                               0x080031d1   Thumb Code   130  stm32f10x_tim.o(i.TI4_Config)
    i.TIM3_IRQHandler                        0x08003268   Section        0  key.o(i.TIM3_IRQHandler)
    i.TIM3_Int_Init                          0x08003398   Section        0  tim.o(i.TIM3_Int_Init)
    i.TIM4_IRQHandler                        0x080033d8   Section        0  tim.o(i.TIM4_IRQHandler)
    i.TIM4_Int_Init                          0x080033f8   Section        0  tim.o(i.TIM4_Int_Init)
    i.TIM_ClearFlag                          0x08003440   Section        0  stm32f10x_tim.o(i.TIM_ClearFlag)
    i.TIM_ClearITPendingBit                  0x08003446   Section        0  stm32f10x_tim.o(i.TIM_ClearITPendingBit)
    i.TIM_Cmd                                0x0800344c   Section        0  stm32f10x_tim.o(i.TIM_Cmd)
    i.TIM_EncoderInterfaceConfig             0x08003464   Section        0  stm32f10x_tim.o(i.TIM_EncoderInterfaceConfig)
    i.TIM_GetCounter                         0x080034a6   Section        0  stm32f10x_tim.o(i.TIM_GetCounter)
    i.TIM_GetITStatus                        0x080034ac   Section        0  stm32f10x_tim.o(i.TIM_GetITStatus)
    i.TIM_ICInit                             0x080034d0   Section        0  stm32f10x_tim.o(i.TIM_ICInit)
    i.TIM_ICStructInit                       0x0800357c   Section        0  stm32f10x_tim.o(i.TIM_ICStructInit)
    i.TIM_ITConfig                           0x0800358e   Section        0  stm32f10x_tim.o(i.TIM_ITConfig)
    i.TIM_SetCounter                         0x080035a0   Section        0  stm32f10x_tim.o(i.TIM_SetCounter)
    i.TIM_SetIC1Prescaler                    0x080035a4   Section        0  stm32f10x_tim.o(i.TIM_SetIC1Prescaler)
    i.TIM_SetIC2Prescaler                    0x080035b6   Section        0  stm32f10x_tim.o(i.TIM_SetIC2Prescaler)
    i.TIM_SetIC3Prescaler                    0x080035d0   Section        0  stm32f10x_tim.o(i.TIM_SetIC3Prescaler)
    i.TIM_SetIC4Prescaler                    0x080035e2   Section        0  stm32f10x_tim.o(i.TIM_SetIC4Prescaler)
    i.TIM_TimeBaseInit                       0x080035fc   Section        0  stm32f10x_tim.o(i.TIM_TimeBaseInit)
    i.TIM_TimeBaseStructInit                 0x080036a0   Section        0  stm32f10x_tim.o(i.TIM_TimeBaseStructInit)
    i.USART1_IRQHandler                      0x080036b4   Section        0  usart.o(i.USART1_IRQHandler)
    i.USART2_IRQHandler                      0x080037a0   Section        0  esp8266wifi.o(i.USART2_IRQHandler)
    i.USART_ClearITPendingBit                0x08003970   Section        0  stm32f10x_usart.o(i.USART_ClearITPendingBit)
    i.USART_Cmd                              0x0800398e   Section        0  stm32f10x_usart.o(i.USART_Cmd)
    i.USART_GetITStatus                      0x080039a6   Section        0  stm32f10x_usart.o(i.USART_GetITStatus)
    i.USART_ITConfig                         0x080039fa   Section        0  stm32f10x_usart.o(i.USART_ITConfig)
    i.USART_Init                             0x08003a44   Section        0  stm32f10x_usart.o(i.USART_Init)
    i.USART_ReceiveData                      0x08003b1c   Section        0  stm32f10x_usart.o(i.USART_ReceiveData)
    i.UsageFault_Handler                     0x08003b26   Section        0  stm32f10x_it.o(i.UsageFault_Handler)
    i.W25QXX_Erase_Sector                    0x08003b2c   Section        0  w25q64.o(i.W25QXX_Erase_Sector)
    i.W25QXX_Init                            0x08003b70   Section        0  w25q64.o(i.W25QXX_Init)
    i.W25QXX_Read                            0x08003bbc   Section        0  w25q64.o(i.W25QXX_Read)
    i.W25QXX_ReadSR                          0x08003c0c   Section        0  w25q64.o(i.W25QXX_ReadSR)
    i.W25QXX_Read_Sector                     0x08003c38   Section        0  w25q64.o(i.W25QXX_Read_Sector)
    i.W25QXX_Wait_Busy                       0x08003c54   Section        0  w25q64.o(i.W25QXX_Wait_Busy)
    i.W25QXX_Write_Enable                    0x08003c68   Section        0  w25q64.o(i.W25QXX_Write_Enable)
    i.W25QXX_Write_Page                      0x08003c88   Section        0  w25q64.o(i.W25QXX_Write_Page)
    i.W25QXX_Write_Sector2                   0x08003ce0   Section        0  w25q64.o(i.W25QXX_Write_Sector2)
    i._sys_exit                              0x08003d64   Section        0  usart.o(i._sys_exit)
    i.delay_init                             0x08003d68   Section        0  delay.o(i.delay_init)
    i.delay_ms                               0x08003dac   Section        0  delay.o(i.delay_ms)
    i.main                                   0x08003df8   Section        0  main.o(i.main)
    i.mypow                                  0x08003e88   Section        0  oled.o(i.mypow)
    i.uart1_init                             0x08003ea0   Section        0  usart.o(i.uart1_init)
    i.uart2_init                             0x08003f2c   Section        0  usart.o(i.uart2_init)
    .constdata                               0x08003fbc   Section     1520  oled.o(.constdata)
    .data                                    0x20000000   Section       20  system_stm32f10x.o(.data)
    .data                                    0x20000014   Section       20  stm32f10x_rcc.o(.data)
    APBAHBPrescTable                         0x20000014   Data          16  stm32f10x_rcc.o(.data)
    ADCPrescTable                            0x20000024   Data           4  stm32f10x_rcc.o(.data)
    .data                                    0x20000028   Section       20  key.o(.data)
    FLAG_KEY1                                0x2000002c   Data           8  key.o(.data)
    FLAG_KEY2                                0x20000034   Data           8  key.o(.data)
    .data                                    0x2000003c   Section       88  rgb_light.o(.data)
    .data                                    0x20000094   Section      198  oled.o(.data)
    .data                                    0x2000015a   Section       21  menu.o(.data)
    Func_count                               0x2000016e   Data           1  menu.o(.data)
    .data                                    0x20000170   Section        2  encoder.o(.data)
    .data                                    0x20000172   Section        6  storage.o(.data)
    .data                                    0x20000178   Section       40  esp8266wifi.o(.data)
    .data                                    0x200001a0   Section        4  delay.o(.data)
    fac_us                                   0x200001a0   Data           1  delay.o(.data)
    fac_ms                                   0x200001a2   Data           2  delay.o(.data)
    .data                                    0x200001a4   Section       13  usart.o(.data)
    .bss                                     0x200001b4   Section      236  rgb_light.o(.bss)
    .bss                                     0x200002a0   Section     1050  menu.o(.bss)
    .bss                                     0x200006ba   Section     8192  w25q64.o(.bss)
    .bss                                     0x200026ba   Section      717  storage.o(.bss)
    .bss                                     0x20002987   Section     4800  esp8266wifi.o(.bss)
    .bss                                     0x20003c48   Section       96  libspace.o(.bss)
    HEAP                                     0x20003ca8   Section      512  startup_stm32f10x_md.o(HEAP)
    Heap_Mem                                 0x20003ca8   Data         512  startup_stm32f10x_md.o(HEAP)
    STACK                                    0x20003ea8   Section     1024  startup_stm32f10x_md.o(STACK)
    Stack_Mem                                0x20003ea8   Data        1024  startup_stm32f10x_md.o(STACK)
    __initial_sp                             0x200042a8   Data           0  startup_stm32f10x_md.o(STACK)

    Global Symbols

    Symbol Name                              Value     Ov Type        Size  Object(Section)

    BuildAttributes$$THM_ISAv4$P$D$K$B$S$PE$A:L22UL41UL21$X:L11$S22US41US21$IEEE1$IW$USESV6$~STKCKD$USESV7$~SHL$OSPACE$ROPI$EBA8$UX$STANDARDLIB$REQ8$PRES8$EABIv2 0x00000000   Number         0  anon$$obj.o ABSOLUTE
    __ARM_use_no_argv                        0x00000000   Number         0  main.o ABSOLUTE
    __ARM_exceptions_init                     - Undefined Weak Reference
    __alloca_initialize                       - Undefined Weak Reference
    __arm_preinit_                            - Undefined Weak Reference
    __cpp_initialize__aeabi_                  - Undefined Weak Reference
    __cxa_finalize                            - Undefined Weak Reference
    __rt_locale                               - Undefined Weak Reference
    __sigvec_lookup                           - Undefined Weak Reference
    _atexit_init                              - Undefined Weak Reference
    _call_atexit_fns                          - Undefined Weak Reference
    _clock_init                               - Undefined Weak Reference
    _fp_trap_init                             - Undefined Weak Reference
    _fp_trap_shutdown                         - Undefined Weak Reference
    _get_lc_collate                           - Undefined Weak Reference
    _get_lc_ctype                             - Undefined Weak Reference
    _get_lc_monetary                          - Undefined Weak Reference
    _get_lc_numeric                           - Undefined Weak Reference
    _get_lc_time                              - Undefined Weak Reference
    _getenv_init                              - Undefined Weak Reference
    _handle_redirection                       - Undefined Weak Reference
    _init_alloc                               - Undefined Weak Reference
    _init_user_alloc                          - Undefined Weak Reference
    _initio                                   - Undefined Weak Reference
    _rand_init                                - Undefined Weak Reference
    _signal_finish                            - Undefined Weak Reference
    _signal_init                              - Undefined Weak Reference
    _terminate_alloc                          - Undefined Weak Reference
    _terminate_user_alloc                     - Undefined Weak Reference
    _terminateio                              - Undefined Weak Reference
    __Vectors_Size                           0x000000ec   Number         0  startup_stm32f10x_md.o ABSOLUTE
    __Vectors                                0x08000000   Data           4  startup_stm32f10x_md.o(RESET)
    __Vectors_End                            0x080000ec   Data           0  startup_stm32f10x_md.o(RESET)
    __main                                   0x080000ed   Thumb Code     8  __main.o(!!!main)
    __scatterload                            0x080000f5   Thumb Code     0  __scatter.o(!!!scatter)
    __scatterload_rt2                        0x080000f5   Thumb Code    44  __scatter.o(!!!scatter)
    __scatterload_rt2_thumb_only             0x080000f5   Thumb Code     0  __scatter.o(!!!scatter)
    __scatterload_null                       0x08000103   Thumb Code     0  __scatter.o(!!!scatter)
    __decompress                             0x08000129   Thumb Code    90  __dczerorl2.o(!!dczerorl2)
    __decompress1                            0x08000129   Thumb Code     0  __dczerorl2.o(!!dczerorl2)
    __scatterload_zeroinit                   0x08000185   Thumb Code    28  __scatter_zi.o(!!handler_zi)
    __rt_lib_init                            0x080001a1   Thumb Code     0  libinit.o(.ARM.Collect$$libinit$$00000000)
    __rt_lib_init_alloca_1                   0x080001a3   Thumb Code     0  libinit2.o(.ARM.Collect$$libinit$$0000002E)
    __rt_lib_init_argv_1                     0x080001a3   Thumb Code     0  libinit2.o(.ARM.Collect$$libinit$$0000002C)
    __rt_lib_init_atexit_1                   0x080001a3   Thumb Code     0  libinit2.o(.ARM.Collect$$libinit$$0000001B)
    __rt_lib_init_clock_1                    0x080001a3   Thumb Code     0  libinit2.o(.ARM.Collect$$libinit$$00000021)
    __rt_lib_init_cpp_1                      0x080001a3   Thumb Code     0  libinit2.o(.ARM.Collect$$libinit$$00000032)
    __rt_lib_init_exceptions_1               0x080001a3   Thumb Code     0  libinit2.o(.ARM.Collect$$libinit$$00000030)
    __rt_lib_init_fp_1                       0x080001a3   Thumb Code     0  libinit2.o(.ARM.Collect$$libinit$$00000002)
    __rt_lib_init_fp_trap_1                  0x080001a3   Thumb Code     0  libinit2.o(.ARM.Collect$$libinit$$0000001F)
    __rt_lib_init_getenv_1                   0x080001a3   Thumb Code     0  libinit2.o(.ARM.Collect$$libinit$$00000023)
    __rt_lib_init_heap_1                     0x080001a3   Thumb Code     0  libinit2.o(.ARM.Collect$$libinit$$0000000A)
    __rt_lib_init_lc_collate_1               0x080001a3   Thumb Code     0  libinit2.o(.ARM.Collect$$libinit$$00000011)
    __rt_lib_init_lc_ctype_1                 0x080001a3   Thumb Code     0  libinit2.o(.ARM.Collect$$libinit$$00000013)
    __rt_lib_init_lc_monetary_1              0x080001a3   Thumb Code     0  libinit2.o(.ARM.Collect$$libinit$$00000015)
    __rt_lib_init_lc_numeric_1               0x080001a3   Thumb Code     0  libinit2.o(.ARM.Collect$$libinit$$00000017)
    __rt_lib_init_lc_time_1                  0x080001a3   Thumb Code     0  libinit2.o(.ARM.Collect$$libinit$$00000019)
    __rt_lib_init_preinit_1                  0x080001a3   Thumb Code     0  libinit2.o(.ARM.Collect$$libinit$$00000004)
    __rt_lib_init_rand_1                     0x080001a3   Thumb Code     0  libinit2.o(.ARM.Collect$$libinit$$0000000E)
    __rt_lib_init_return                     0x080001a3   Thumb Code     0  libinit2.o(.ARM.Collect$$libinit$$00000033)
    __rt_lib_init_signal_1                   0x080001a3   Thumb Code     0  libinit2.o(.ARM.Collect$$libinit$$0000001D)
    __rt_lib_init_stdio_1                    0x080001a3   Thumb Code     0  libinit2.o(.ARM.Collect$$libinit$$00000025)
    __rt_lib_init_user_alloc_1               0x080001a3   Thumb Code     0  libinit2.o(.ARM.Collect$$libinit$$0000000C)
    __rt_lib_shutdown                        0x080001a5   Thumb Code     0  libshutdown.o(.ARM.Collect$$libshutdown$$00000000)
    __rt_lib_shutdown_cpp_1                  0x080001a7   Thumb Code     0  libshutdown2.o(.ARM.Collect$$libshutdown$$00000002)
    __rt_lib_shutdown_fp_trap_1              0x080001a7   Thumb Code     0  libshutdown2.o(.ARM.Collect$$libshutdown$$00000007)
    __rt_lib_shutdown_heap_1                 0x080001a7   Thumb Code     0  libshutdown2.o(.ARM.Collect$$libshutdown$$0000000F)
    __rt_lib_shutdown_return                 0x080001a7   Thumb Code     0  libshutdown2.o(.ARM.Collect$$libshutdown$$00000010)
    __rt_lib_shutdown_signal_1               0x080001a7   Thumb Code     0  libshutdown2.o(.ARM.Collect$$libshutdown$$0000000A)
    __rt_lib_shutdown_stdio_1                0x080001a7   Thumb Code     0  libshutdown2.o(.ARM.Collect$$libshutdown$$00000004)
    __rt_lib_shutdown_user_alloc_1           0x080001a7   Thumb Code     0  libshutdown2.o(.ARM.Collect$$libshutdown$$0000000C)
    __rt_entry                               0x080001a9   Thumb Code     0  __rtentry.o(.ARM.Collect$$rtentry$$00000000)
    __rt_entry_presh_1                       0x080001a9   Thumb Code     0  __rtentry2.o(.ARM.Collect$$rtentry$$00000002)
    __rt_entry_sh                            0x080001a9   Thumb Code     0  __rtentry4.o(.ARM.Collect$$rtentry$$00000004)
    __rt_entry_li                            0x080001af   Thumb Code     0  __rtentry2.o(.ARM.Collect$$rtentry$$0000000A)
    __rt_entry_postsh_1                      0x080001af   Thumb Code     0  __rtentry2.o(.ARM.Collect$$rtentry$$00000009)
    __rt_entry_main                          0x080001b3   Thumb Code     0  __rtentry2.o(.ARM.Collect$$rtentry$$0000000D)
    __rt_entry_postli_1                      0x080001b3   Thumb Code     0  __rtentry2.o(.ARM.Collect$$rtentry$$0000000C)
    __rt_exit                                0x080001bb   Thumb Code     0  rtexit.o(.ARM.Collect$$rtexit$$00000000)
    __rt_exit_ls                             0x080001bd   Thumb Code     0  rtexit2.o(.ARM.Collect$$rtexit$$00000003)
    __rt_exit_prels_1                        0x080001bd   Thumb Code     0  rtexit2.o(.ARM.Collect$$rtexit$$00000002)
    __rt_exit_exit                           0x080001c1   Thumb Code     0  rtexit2.o(.ARM.Collect$$rtexit$$00000004)
    Reset_Handler                            0x080001c9   Thumb Code     8  startup_stm32f10x_md.o(.text)
    ADC1_2_IRQHandler                        0x080001e3   Thumb Code     0  startup_stm32f10x_md.o(.text)
    CAN1_RX1_IRQHandler                      0x080001e3   Thumb Code     0  startup_stm32f10x_md.o(.text)
    CAN1_SCE_IRQHandler                      0x080001e3   Thumb Code     0  startup_stm32f10x_md.o(.text)
    DMA1_Channel1_IRQHandler                 0x080001e3   Thumb Code     0  startup_stm32f10x_md.o(.text)
    DMA1_Channel2_IRQHandler                 0x080001e3   Thumb Code     0  startup_stm32f10x_md.o(.text)
    DMA1_Channel3_IRQHandler                 0x080001e3   Thumb Code     0  startup_stm32f10x_md.o(.text)
    DMA1_Channel4_IRQHandler                 0x080001e3   Thumb Code     0  startup_stm32f10x_md.o(.text)
    DMA1_Channel5_IRQHandler                 0x080001e3   Thumb Code     0  startup_stm32f10x_md.o(.text)
    DMA1_Channel6_IRQHandler                 0x080001e3   Thumb Code     0  startup_stm32f10x_md.o(.text)
    DMA1_Channel7_IRQHandler                 0x080001e3   Thumb Code     0  startup_stm32f10x_md.o(.text)
    EXTI0_IRQHandler                         0x080001e3   Thumb Code     0  startup_stm32f10x_md.o(.text)
    EXTI15_10_IRQHandler                     0x080001e3   Thumb Code     0  startup_stm32f10x_md.o(.text)
    EXTI1_IRQHandler                         0x080001e3   Thumb Code     0  startup_stm32f10x_md.o(.text)
    EXTI2_IRQHandler                         0x080001e3   Thumb Code     0  startup_stm32f10x_md.o(.text)
    EXTI3_IRQHandler                         0x080001e3   Thumb Code     0  startup_stm32f10x_md.o(.text)
    EXTI4_IRQHandler                         0x080001e3   Thumb Code     0  startup_stm32f10x_md.o(.text)
    EXTI9_5_IRQHandler                       0x080001e3   Thumb Code     0  startup_stm32f10x_md.o(.text)
    FLASH_IRQHandler                         0x080001e3   Thumb Code     0  startup_stm32f10x_md.o(.text)
    I2C1_ER_IRQHandler                       0x080001e3   Thumb Code     0  startup_stm32f10x_md.o(.text)
    I2C1_EV_IRQHandler                       0x080001e3   Thumb Code     0  startup_stm32f10x_md.o(.text)
    I2C2_ER_IRQHandler                       0x080001e3   Thumb Code     0  startup_stm32f10x_md.o(.text)
    I2C2_EV_IRQHandler                       0x080001e3   Thumb Code     0  startup_stm32f10x_md.o(.text)
    PVD_IRQHandler                           0x080001e3   Thumb Code     0  startup_stm32f10x_md.o(.text)
    RCC_IRQHandler                           0x080001e3   Thumb Code     0  startup_stm32f10x_md.o(.text)
    RTCAlarm_IRQHandler                      0x080001e3   Thumb Code     0  startup_stm32f10x_md.o(.text)
    RTC_IRQHandler                           0x080001e3   Thumb Code     0  startup_stm32f10x_md.o(.text)
    SPI1_IRQHandler                          0x080001e3   Thumb Code     0  startup_stm32f10x_md.o(.text)
    SPI2_IRQHandler                          0x080001e3   Thumb Code     0  startup_stm32f10x_md.o(.text)
    TAMPER_IRQHandler                        0x080001e3   Thumb Code     0  startup_stm32f10x_md.o(.text)
    TIM1_BRK_IRQHandler                      0x080001e3   Thumb Code     0  startup_stm32f10x_md.o(.text)
    TIM1_CC_IRQHandler                       0x080001e3   Thumb Code     0  startup_stm32f10x_md.o(.text)
    TIM1_TRG_COM_IRQHandler                  0x080001e3   Thumb Code     0  startup_stm32f10x_md.o(.text)
    TIM1_UP_IRQHandler                       0x080001e3   Thumb Code     0  startup_stm32f10x_md.o(.text)
    TIM2_IRQHandler                          0x080001e3   Thumb Code     0  startup_stm32f10x_md.o(.text)
    USART3_IRQHandler                        0x080001e3   Thumb Code     0  startup_stm32f10x_md.o(.text)
    USBWakeUp_IRQHandler                     0x080001e3   Thumb Code     0  startup_stm32f10x_md.o(.text)
    USB_HP_CAN1_TX_IRQHandler                0x080001e3   Thumb Code     0  startup_stm32f10x_md.o(.text)
    USB_LP_CAN1_RX0_IRQHandler               0x080001e3   Thumb Code     0  startup_stm32f10x_md.o(.text)
    WWDG_IRQHandler                          0x080001e3   Thumb Code     0  startup_stm32f10x_md.o(.text)
    __user_initial_stackheap                 0x080001e5   Thumb Code     0  startup_stm32f10x_md.o(.text)
    __use_no_semihosting                     0x08000209   Thumb Code     2  use_no_semi_2.o(.text)
    strcpy                                   0x0800020b   Thumb Code    72  strcpy.o(.text)
    __use_two_region_memory                  0x08000253   Thumb Code     2  heapauxi.o(.text)
    __rt_heap_escrow$2region                 0x08000255   Thumb Code     2  heapauxi.o(.text)
    __rt_heap_expand$2region                 0x08000257   Thumb Code     2  heapauxi.o(.text)
    __I$use$semihosting                      0x08000259   Thumb Code     0  use_no_semi.o(.text)
    __use_no_semihosting_swi                 0x08000259   Thumb Code     2  use_no_semi.o(.text)
    __user_setup_stackheap                   0x0800025b   Thumb Code    74  sys_stackheap_outer.o(.text)
    exit                                     0x080002a5   Thumb Code    18  exit.o(.text)
    __user_libspace                          0x080002b9   Thumb Code     8  libspace.o(.text)
    __user_perproc_libspace                  0x080002b9   Thumb Code     0  libspace.o(.text)
    __user_perthread_libspace                0x080002b9   Thumb Code     0  libspace.o(.text)
    Address_set                              0x080002c1   Thumb Code    90  oled.o(i.Address_set)
    BusFault_Handler                         0x0800031b   Thumb Code     4  stm32f10x_it.o(i.BusFault_Handler)
    DATA_Pin_Init                            0x08000321   Thumb Code    44  rgb_light.o(i.DATA_Pin_Init)
    DebugMon_Handler                         0x08000355   Thumb Code     2  stm32f10x_it.o(i.DebugMon_Handler)
    Draw_Circle                              0x08000357   Thumb Code   176  oled.o(i.Draw_Circle)
    Encoder_TIM2_Init                        0x08000409   Thumb Code   158  encoder.o(i.Encoder_TIM2_Init)
    Flowing                                  0x080004ad   Thumb Code   550  rgb_light.o(i.Flowing)
    GPIO_Init                                0x080006e9   Thumb Code   278  stm32f10x_gpio.o(i.GPIO_Init)
    GPIO_PinRemapConfig                      0x08000801   Thumb Code   138  stm32f10x_gpio.o(i.GPIO_PinRemapConfig)
    GPIO_ResetBits                           0x08000891   Thumb Code     4  stm32f10x_gpio.o(i.GPIO_ResetBits)
    GPIO_SetBits                             0x08000895   Thumb Code     4  stm32f10x_gpio.o(i.GPIO_SetBits)
    GetData                                  0x08000899   Thumb Code   104  storage.o(i.GetData)
    GetType                                  0x0800091d   Thumb Code   110  storage.o(i.GetType)
    HardFault_Handler                        0x08000999   Thumb Code     4  stm32f10x_it.o(i.HardFault_Handler)
    KEY_Init                                 0x0800099d   Thumb Code    82  key.o(i.KEY_Init)
    LCD_Clear                                0x080009fd   Thumb Code    48  oled.o(i.LCD_Clear)
    LCD_DrawLine                             0x08000a2d   Thumb Code   176  oled.o(i.LCD_DrawLine)
    LCD_DrawPoint                            0x08000add   Thumb Code    28  oled.o(i.LCD_DrawPoint)
    LCD_DrawPoint_big                        0x08000afd   Thumb Code    34  oled.o(i.LCD_DrawPoint_big)
    LCD_DrawRectangle                        0x08000b25   Thumb Code    64  oled.o(i.LCD_DrawRectangle)
    LCD_Fill                                 0x08000b65   Thumb Code    70  oled.o(i.LCD_Fill)
    LCD_Function                             0x08000bad   Thumb Code  1622  menu.o(i.LCD_Function)
    LCD_Menu_Init                            0x08001239   Thumb Code   558  menu.o(i.LCD_Menu_Init)
    LCD_ReturnShow                           0x080015e9   Thumb Code   160  menu.o(i.LCD_ReturnShow)
    LCD_SetColor                             0x080016cd   Thumb Code    10  oled.o(i.LCD_SetColor)
    LCD_ShowBackGround                       0x080016e1   Thumb Code   140  menu.o(i.LCD_ShowBackGround)
    LCD_ShowChar                             0x08001775   Thumb Code   218  oled.o(i.LCD_ShowChar)
    LCD_ShowNum                              0x0800185d   Thumb Code   126  oled.o(i.LCD_ShowNum)
    LCD_ShowOutline                          0x080018dd   Thumb Code   278  menu.o(i.LCD_ShowOutline)
    LCD_ShowString                           0x08001a0d   Thumb Code    68  oled.o(i.LCD_ShowString)
    LCD_Showhanzi                            0x08001a51   Thumb Code   166  oled.o(i.LCD_Showhanzi)
    LCD_Showimage                            0x08001b09   Thumb Code    74  oled.o(i.LCD_Showimage)
    LCD_Switch                               0x08001b55   Thumb Code   906  menu.o(i.LCD_Switch)
    LCD_UpdateMenu                           0x08001f0d   Thumb Code    94  menu.o(i.LCD_UpdateMenu)
    LCD_UpdatePage                           0x08001f79   Thumb Code   366  menu.o(i.LCD_UpdatePage)
    LCD_WR_DATA                              0x08002129   Thumb Code    28  oled.o(i.LCD_WR_DATA)
    LCD_WR_DATA8                             0x08002149   Thumb Code    20  oled.o(i.LCD_WR_DATA8)
    LCD_WR_REG                               0x08002161   Thumb Code    20  oled.o(i.LCD_WR_REG)
    LCD_Writ_Bus                             0x08002179   Thumb Code    62  oled.o(i.LCD_Writ_Bus)
    Lcd_Init                                 0x080021bd   Thumb Code   488  oled.o(i.Lcd_Init)
    MemManage_Handler                        0x080023ad   Thumb Code     4  stm32f10x_it.o(i.MemManage_Handler)
    NMI_Handler                              0x080023b1   Thumb Code     2  stm32f10x_it.o(i.NMI_Handler)
    NVIC_Config                              0x080023b3   Thumb Code   126  sys.o(i.NVIC_Config)
    NVIC_Init                                0x08002431   Thumb Code   100  misc.o(i.NVIC_Init)
    NVIC_PriorityGroupConfig                 0x080024a1   Thumb Code    10  misc.o(i.NVIC_PriorityGroupConfig)
    PendSV_Handler                           0x080024b5   Thumb Code     2  stm32f10x_it.o(i.PendSV_Handler)
    PicShow_Stroge                           0x080024b9   Thumb Code   148  esp8266wifi.o(i.PicShow_Stroge)
    RCC_APB1PeriphClockCmd                   0x08002585   Thumb Code    26  stm32f10x_rcc.o(i.RCC_APB1PeriphClockCmd)
    RCC_APB2PeriphClockCmd                   0x080025a5   Thumb Code    26  stm32f10x_rcc.o(i.RCC_APB2PeriphClockCmd)
    RCC_GetClocksFreq                        0x080025c5   Thumb Code   192  stm32f10x_rcc.o(i.RCC_GetClocksFreq)
    RGB_Off                                  0x08002699   Thumb Code    26  rgb_light.o(i.RGB_Off)
    RGB_Refresh_All                          0x080026b5   Thumb Code    44  rgb_light.o(i.RGB_Refresh_All)
    RGB_SETBE                                0x080026e5   Thumb Code    10  rgb_light.o(i.RGB_SETBE)
    RGB_Send_0Code                           0x080026f9   Thumb Code    40  rgb_light.o(i.RGB_Send_0Code)
    RGB_Send_1Bits                           0x08002725   Thumb Code    18  rgb_light.o(i.RGB_Send_1Bits)
    RGB_Send_1Code                           0x08002739   Thumb Code    40  rgb_light.o(i.RGB_Send_1Code)
    RGB_Send_24Bits                          0x08002765   Thumb Code    28  rgb_light.o(i.RGB_Send_24Bits)
    SPI2_Init                                0x08002781   Thumb Code   140  spi.o(i.SPI2_Init)
    SPI2_ReadWriteByte                       0x08002815   Thumb Code    78  spi.o(i.SPI2_ReadWriteByte)
    SPI2_SetSpeed                            0x08002869   Thumb Code    36  spi.o(i.SPI2_SetSpeed)
    SPI_Cmd                                  0x08002891   Thumb Code    24  stm32f10x_spi.o(i.SPI_Cmd)
    SPI_I2S_GetFlagStatus                    0x080028a9   Thumb Code    18  stm32f10x_spi.o(i.SPI_I2S_GetFlagStatus)
    SPI_I2S_ReceiveData                      0x080028bb   Thumb Code     6  stm32f10x_spi.o(i.SPI_I2S_ReceiveData)
    SPI_I2S_SendData                         0x080028c1   Thumb Code     4  stm32f10x_spi.o(i.SPI_I2S_SendData)
    SPI_Init                                 0x080028c5   Thumb Code    60  stm32f10x_spi.o(i.SPI_Init)
    SVC_Handler                              0x08002901   Thumb Code     2  stm32f10x_it.o(i.SVC_Handler)
    Send_RGB                                 0x08002903   Thumb Code    28  rgb_light.o(i.Send_RGB)
    SetFlowingType                           0x08002921   Thumb Code     6  rgb_light.o(i.SetFlowingType)
    SetInterval                              0x0800292d   Thumb Code     6  rgb_light.o(i.SetInterval)
    Set_RGB                                  0x08002a21   Thumb Code   102  rgb_light.o(i.Set_RGB)
    Set_RGBDATA                              0x08002a95   Thumb Code   106  rgb_light.o(i.Set_RGBDATA)
    Show_Function                            0x08002b0d   Thumb Code   586  menu.o(i.Show_Function)
    StorageData                              0x08002e0d   Thumb Code   184  storage.o(i.StorageData)
    StorageType                              0x08002ee1   Thumb Code   164  storage.o(i.StorageType)
    Storage_Init                             0x08002f95   Thumb Code     8  storage.o(i.Storage_Init)
    SysTick_CLKSourceConfig                  0x08002f9d   Thumb Code    40  misc.o(i.SysTick_CLKSourceConfig)
    SysTick_Handler                          0x08002fc5   Thumb Code     2  stm32f10x_it.o(i.SysTick_Handler)
    SystemInit                               0x08002fc9   Thumb Code    78  system_stm32f10x.o(i.SystemInit)
    TIM3_IRQHandler                          0x08003269   Thumb Code   266  key.o(i.TIM3_IRQHandler)
    TIM3_Int_Init                            0x08003399   Thumb Code    60  tim.o(i.TIM3_Int_Init)
    TIM4_IRQHandler                          0x080033d9   Thumb Code    26  tim.o(i.TIM4_IRQHandler)
    TIM4_Int_Init                            0x080033f9   Thumb Code    66  tim.o(i.TIM4_Int_Init)
    TIM_ClearFlag                            0x08003441   Thumb Code     6  stm32f10x_tim.o(i.TIM_ClearFlag)
    TIM_ClearITPendingBit                    0x08003447   Thumb Code     6  stm32f10x_tim.o(i.TIM_ClearITPendingBit)
    TIM_Cmd                                  0x0800344d   Thumb Code    24  stm32f10x_tim.o(i.TIM_Cmd)
    TIM_EncoderInterfaceConfig               0x08003465   Thumb Code    66  stm32f10x_tim.o(i.TIM_EncoderInterfaceConfig)
    TIM_GetCounter                           0x080034a7   Thumb Code     6  stm32f10x_tim.o(i.TIM_GetCounter)
    TIM_GetITStatus                          0x080034ad   Thumb Code    34  stm32f10x_tim.o(i.TIM_GetITStatus)
    TIM_ICInit                               0x080034d1   Thumb Code   150  stm32f10x_tim.o(i.TIM_ICInit)
    TIM_ICStructInit                         0x0800357d   Thumb Code    18  stm32f10x_tim.o(i.TIM_ICStructInit)
    TIM_ITConfig                             0x0800358f   Thumb Code    18  stm32f10x_tim.o(i.TIM_ITConfig)
    TIM_SetCounter                           0x080035a1   Thumb Code     4  stm32f10x_tim.o(i.TIM_SetCounter)
    TIM_SetIC1Prescaler                      0x080035a5   Thumb Code    18  stm32f10x_tim.o(i.TIM_SetIC1Prescaler)
    TIM_SetIC2Prescaler                      0x080035b7   Thumb Code    26  stm32f10x_tim.o(i.TIM_SetIC2Prescaler)
    TIM_SetIC3Prescaler                      0x080035d1   Thumb Code    18  stm32f10x_tim.o(i.TIM_SetIC3Prescaler)
    TIM_SetIC4Prescaler                      0x080035e3   Thumb Code    26  stm32f10x_tim.o(i.TIM_SetIC4Prescaler)
    TIM_TimeBaseInit                         0x080035fd   Thumb Code   122  stm32f10x_tim.o(i.TIM_TimeBaseInit)
    TIM_TimeBaseStructInit                   0x080036a1   Thumb Code    18  stm32f10x_tim.o(i.TIM_TimeBaseStructInit)
    USART1_IRQHandler                        0x080036b5   Thumb Code   196  usart.o(i.USART1_IRQHandler)
    USART2_IRQHandler                        0x080037a1   Thumb Code   400  esp8266wifi.o(i.USART2_IRQHandler)
    USART_ClearITPendingBit                  0x08003971   Thumb Code    30  stm32f10x_usart.o(i.USART_ClearITPendingBit)
    USART_Cmd                                0x0800398f   Thumb Code    24  stm32f10x_usart.o(i.USART_Cmd)
    USART_GetITStatus                        0x080039a7   Thumb Code    84  stm32f10x_usart.o(i.USART_GetITStatus)
    USART_ITConfig                           0x080039fb   Thumb Code    74  stm32f10x_usart.o(i.USART_ITConfig)
    USART_Init                               0x08003a45   Thumb Code   210  stm32f10x_usart.o(i.USART_Init)
    USART_ReceiveData                        0x08003b1d   Thumb Code    10  stm32f10x_usart.o(i.USART_ReceiveData)
    UsageFault_Handler                       0x08003b27   Thumb Code     4  stm32f10x_it.o(i.UsageFault_Handler)
    W25QXX_Erase_Sector                      0x08003b2d   Thumb Code    60  w25q64.o(i.W25QXX_Erase_Sector)
    W25QXX_Init                              0x08003b71   Thumb Code    66  w25q64.o(i.W25QXX_Init)
    W25QXX_Read                              0x08003bbd   Thumb Code    74  w25q64.o(i.W25QXX_Read)
    W25QXX_ReadSR                            0x08003c0d   Thumb Code    36  w25q64.o(i.W25QXX_ReadSR)
    W25QXX_Read_Sector                       0x08003c39   Thumb Code    28  w25q64.o(i.W25QXX_Read_Sector)
    W25QXX_Wait_Busy                         0x08003c55   Thumb Code    18  w25q64.o(i.W25QXX_Wait_Busy)
    W25QXX_Write_Enable                      0x08003c69   Thumb Code    24  w25q64.o(i.W25QXX_Write_Enable)
    W25QXX_Write_Page                        0x08003c89   Thumb Code    84  w25q64.o(i.W25QXX_Write_Page)
    W25QXX_Write_Sector2                     0x08003ce1   Thumb Code   124  w25q64.o(i.W25QXX_Write_Sector2)
    _sys_exit                                0x08003d65   Thumb Code     4  usart.o(i._sys_exit)
    delay_init                               0x08003d69   Thumb Code    50  delay.o(i.delay_init)
    delay_ms                                 0x08003dad   Thumb Code    72  delay.o(i.delay_ms)
    main                                     0x08003df9   Thumb Code   140  main.o(i.main)
    mypow                                    0x08003e89   Thumb Code    22  oled.o(i.mypow)
    uart1_init                               0x08003ea1   Thumb Code   130  usart.o(i.uart1_init)
    uart2_init                               0x08003f2d   Thumb Code   134  usart.o(i.uart2_init)
    asc2_1608                                0x08003fbc   Data        1520  oled.o(.constdata)
    Region$$Table$$Base                      0x080045ac   Number         0  anon$$obj.o(Region$$Table)
    Region$$Table$$Limit                     0x080045cc   Number         0  anon$$obj.o(Region$$Table)
    SystemCoreClock                          0x20000000   Data           4  system_stm32f10x.o(.data)
    AHBPrescTable                            0x20000004   Data          16  system_stm32f10x.o(.data)
    Sure_Flag                                0x20000028   Data           1  key.o(.data)
    Back_Flag                                0x20000029   Data           1  key.o(.data)
    Uuup_Flag                                0x2000002a   Data           1  key.o(.data)
    Down_Flag                                0x2000002b   Data           1  key.o(.data)
    RGB_BeginNum                             0x2000003c   Data           1  rgb_light.o(.data)
    RGB_EndNum                               0x2000003d   Data           1  rgb_light.o(.data)
    RGBColors                                0x20000040   Data          80  rgb_light.o(.data)
    Flow_Interval                            0x20000090   Data           1  rgb_light.o(.data)
    FlowingFlag                              0x20000091   Data           1  rgb_light.o(.data)
    FlowingType                              0x20000092   Data           1  rgb_light.o(.data)
    intervalCount                            0x20000093   Data           1  rgb_light.o(.data)
    CN16x16                                  0x20000094   Data         192  oled.o(.data)
    CN32x32                                  0x20000154   Data           1  oled.o(.data)
    BACK_COLOR                               0x20000156   Data           2  oled.o(.data)
    POINT_COLOR                              0x20000158   Data           2  oled.o(.data)
    BackGronudColor                          0x2000015a   Data           2  menu.o(.data)
    RectColor                                0x2000015c   Data           2  menu.o(.data)
    StrColor                                 0x2000015e   Data           2  menu.o(.data)
    MenuMode                                 0x20000160   Data           1  menu.o(.data)
    BackNum                                  0x20000161   Data           1  menu.o(.data)
    FunctionFlag                             0x20000162   Data           1  menu.o(.data)
    FunctionStopFlag                         0x20000163   Data           1  menu.o(.data)
    MenuUpdateFlag                           0x20000164   Data           3  menu.o(.data)
    CurrentPage                              0x20000167   Data           2  menu.o(.data)
    ReturnShowNum                            0x20000169   Data           1  menu.o(.data)
    NumGet                                   0x2000016a   Data           1  menu.o(.data)
    LCD_FUCBUFF                              0x2000016b   Data           3  menu.o(.data)
    Encoder_Count                            0x20000170   Data           2  encoder.o(.data)
    TypeNum                                  0x20000172   Data           1  storage.o(.data)
    TypeNumHex                               0x20000173   Data           1  storage.o(.data)
    PictNum                                  0x20000174   Data           1  storage.o(.data)
    PictNumHex                               0x20000176   Data           2  storage.o(.data)
    data                                     0x20000178   Data           1  esp8266wifi.o(.data)
    Buff_count                               0x2000017a   Data           2  esp8266wifi.o(.data)
    LineCount                                0x2000017c   Data           2  esp8266wifi.o(.data)
    Str_count                                0x2000017e   Data           2  esp8266wifi.o(.data)
    Buff_CountFlag                           0x20000180   Data           1  esp8266wifi.o(.data)
    show_flag                                0x20000181   Data           1  esp8266wifi.o(.data)
    Str_countFlag                            0x20000182   Data           1  esp8266wifi.o(.data)
    LastMode                                 0x20000183   Data           1  esp8266wifi.o(.data)
    count_n                                  0x20000184   Data           1  esp8266wifi.o(.data)
    returnflag                               0x20000185   Data           1  esp8266wifi.o(.data)
    WiFiName                                 0x20000186   Data          10  esp8266wifi.o(.data)
    IPAddress                                0x20000190   Data          16  esp8266wifi.o(.data)
    __stdout                                 0x200001a4   Data           4  usart.o(.data)
    Data_OneByte                             0x200001a8   Data           1  usart.o(.data)
    Data_Count                               0x200001a9   Data           1  usart.o(.data)
    TransStartFlag                           0x200001aa   Data           1  usart.o(.data)
    Data_Buff                                0x200001ab   Data           6  usart.o(.data)
    ON_Data                                  0x200001b4   Data          59  rgb_light.o(.bss)
    Color_Data                               0x200001ef   Data         177  rgb_light.o(.bss)
    MenuPage                                 0x200002a0   Data        1050  menu.o(.bss)
    W25QXX_RdBuff                            0x200006ba   Data        4096  w25q64.o(.bss)
    W25QXX_WrBuff                            0x200016ba   Data        4096  w25q64.o(.bss)
    StorgeData                               0x200026ba   Data           9  storage.o(.bss)
    TypeWriteBuff                            0x200026c3   Data         708  storage.o(.bss)
    DATABUFF                                 0x20002987   Data        4800  esp8266wifi.o(.bss)
    __libspace_start                         0x20003c48   Data          96  libspace.o(.bss)
    __temporary_stack_top$libspace           0x20003ca8   Data           0  libspace.o(.bss)



==============================================================================

Memory Map of the image

  Image Entry point : 0x080000ed

  Load Region LR_IROM1 (Base: 0x08000000, Size: 0x00004780, Max: 0x00010000, ABSOLUTE, COMPRESSED[0x000046dc])

    Execution Region ER_IROM1 (Exec base: 0x08000000, Load base: 0x08000000, Size: 0x000045cc, Max: 0x00010000, ABSOLUTE)

    Exec Addr    Load Addr    Size         Type   Attr      Idx    E Section Name        Object

    0x08000000   0x08000000   0x000000ec   Data   RO           19    RESET               startup_stm32f10x_md.o
    0x080000ec   0x080000ec   0x00000008   Code   RO         4071  * !!!main             c_w.l(__main.o)
    0x080000f4   0x080000f4   0x00000034   Code   RO         4228    !!!scatter          c_w.l(__scatter.o)
    0x08000128   0x08000128   0x0000005a   Code   RO         4226    !!dczerorl2         c_w.l(__dczerorl2.o)
    0x08000182   0x08000182   0x00000002   PAD
    0x08000184   0x08000184   0x0000001c   Code   RO         4230    !!handler_zi        c_w.l(__scatter_zi.o)
    0x080001a0   0x080001a0   0x00000002   Code   RO         4100    .ARM.Collect$$libinit$$00000000  c_w.l(libinit.o)
    0x080001a2   0x080001a2   0x00000000   Code   RO         4107    .ARM.Collect$$libinit$$00000002  c_w.l(libinit2.o)
    0x080001a2   0x080001a2   0x00000000   Code   RO         4109    .ARM.Collect$$libinit$$00000004  c_w.l(libinit2.o)
    0x080001a2   0x080001a2   0x00000000   Code   RO         4112    .ARM.Collect$$libinit$$0000000A  c_w.l(libinit2.o)
    0x080001a2   0x080001a2   0x00000000   Code   RO         4114    .ARM.Collect$$libinit$$0000000C  c_w.l(libinit2.o)
    0x080001a2   0x080001a2   0x00000000   Code   RO         4116    .ARM.Collect$$libinit$$0000000E  c_w.l(libinit2.o)
    0x080001a2   0x080001a2   0x00000000   Code   RO         4119    .ARM.Collect$$libinit$$00000011  c_w.l(libinit2.o)
    0x080001a2   0x080001a2   0x00000000   Code   RO         4121    .ARM.Collect$$libinit$$00000013  c_w.l(libinit2.o)
    0x080001a2   0x080001a2   0x00000000   Code   RO         4123    .ARM.Collect$$libinit$$00000015  c_w.l(libinit2.o)
    0x080001a2   0x080001a2   0x00000000   Code   RO         4125    .ARM.Collect$$libinit$$00000017  c_w.l(libinit2.o)
    0x080001a2   0x080001a2   0x00000000   Code   RO         4127    .ARM.Collect$$libinit$$00000019  c_w.l(libinit2.o)
    0x080001a2   0x080001a2   0x00000000   Code   RO         4129    .ARM.Collect$$libinit$$0000001B  c_w.l(libinit2.o)
    0x080001a2   0x080001a2   0x00000000   Code   RO         4131    .ARM.Collect$$libinit$$0000001D  c_w.l(libinit2.o)
    0x080001a2   0x080001a2   0x00000000   Code   RO         4133    .ARM.Collect$$libinit$$0000001F  c_w.l(libinit2.o)
    0x080001a2   0x080001a2   0x00000000   Code   RO         4135    .ARM.Collect$$libinit$$00000021  c_w.l(libinit2.o)
    0x080001a2   0x080001a2   0x00000000   Code   RO         4137    .ARM.Collect$$libinit$$00000023  c_w.l(libinit2.o)
    0x080001a2   0x080001a2   0x00000000   Code   RO         4139    .ARM.Collect$$libinit$$00000025  c_w.l(libinit2.o)
    0x080001a2   0x080001a2   0x00000000   Code   RO         4143    .ARM.Collect$$libinit$$0000002C  c_w.l(libinit2.o)
    0x080001a2   0x080001a2   0x00000000   Code   RO         4145    .ARM.Collect$$libinit$$0000002E  c_w.l(libinit2.o)
    0x080001a2   0x080001a2   0x00000000   Code   RO         4147    .ARM.Collect$$libinit$$00000030  c_w.l(libinit2.o)
    0x080001a2   0x080001a2   0x00000000   Code   RO         4149    .ARM.Collect$$libinit$$00000032  c_w.l(libinit2.o)
    0x080001a2   0x080001a2   0x00000002   Code   RO         4150    .ARM.Collect$$libinit$$00000033  c_w.l(libinit2.o)
    0x080001a4   0x080001a4   0x00000002   Code   RO         4168    .ARM.Collect$$libshutdown$$00000000  c_w.l(libshutdown.o)
    0x080001a6   0x080001a6   0x00000000   Code   RO         4178    .ARM.Collect$$libshutdown$$00000002  c_w.l(libshutdown2.o)
    0x080001a6   0x080001a6   0x00000000   Code   RO         4180    .ARM.Collect$$libshutdown$$00000004  c_w.l(libshutdown2.o)
    0x080001a6   0x080001a6   0x00000000   Code   RO         4183    .ARM.Collect$$libshutdown$$00000007  c_w.l(libshutdown2.o)
    0x080001a6   0x080001a6   0x00000000   Code   RO         4186    .ARM.Collect$$libshutdown$$0000000A  c_w.l(libshutdown2.o)
    0x080001a6   0x080001a6   0x00000000   Code   RO         4188    .ARM.Collect$$libshutdown$$0000000C  c_w.l(libshutdown2.o)
    0x080001a6   0x080001a6   0x00000000   Code   RO         4191    .ARM.Collect$$libshutdown$$0000000F  c_w.l(libshutdown2.o)
    0x080001a6   0x080001a6   0x00000002   Code   RO         4192    .ARM.Collect$$libshutdown$$00000010  c_w.l(libshutdown2.o)
    0x080001a8   0x080001a8   0x00000000   Code   RO         4075    .ARM.Collect$$rtentry$$00000000  c_w.l(__rtentry.o)
    0x080001a8   0x080001a8   0x00000000   Code   RO         4077    .ARM.Collect$$rtentry$$00000002  c_w.l(__rtentry2.o)
    0x080001a8   0x080001a8   0x00000006   Code   RO         4089    .ARM.Collect$$rtentry$$00000004  c_w.l(__rtentry4.o)
    0x080001ae   0x080001ae   0x00000000   Code   RO         4079    .ARM.Collect$$rtentry$$00000009  c_w.l(__rtentry2.o)
    0x080001ae   0x080001ae   0x00000004   Code   RO         4080    .ARM.Collect$$rtentry$$0000000A  c_w.l(__rtentry2.o)
    0x080001b2   0x080001b2   0x00000000   Code   RO         4082    .ARM.Collect$$rtentry$$0000000C  c_w.l(__rtentry2.o)
    0x080001b2   0x080001b2   0x00000008   Code   RO         4083    .ARM.Collect$$rtentry$$0000000D  c_w.l(__rtentry2.o)
    0x080001ba   0x080001ba   0x00000002   Code   RO         4104    .ARM.Collect$$rtexit$$00000000  c_w.l(rtexit.o)
    0x080001bc   0x080001bc   0x00000000   Code   RO         4152    .ARM.Collect$$rtexit$$00000002  c_w.l(rtexit2.o)
    0x080001bc   0x080001bc   0x00000004   Code   RO         4153    .ARM.Collect$$rtexit$$00000003  c_w.l(rtexit2.o)
    0x080001c0   0x080001c0   0x00000006   Code   RO         4154    .ARM.Collect$$rtexit$$00000004  c_w.l(rtexit2.o)
    0x080001c6   0x080001c6   0x00000002   PAD
    0x080001c8   0x080001c8   0x00000040   Code   RO           20    .text               startup_stm32f10x_md.o
    0x08000208   0x08000208   0x00000002   Code   RO         4063    .text               c_w.l(use_no_semi_2.o)
    0x0800020a   0x0800020a   0x00000048   Code   RO         4065    .text               c_w.l(strcpy.o)
    0x08000252   0x08000252   0x00000006   Code   RO         4069    .text               c_w.l(heapauxi.o)
    0x08000258   0x08000258   0x00000002   Code   RO         4073    .text               c_w.l(use_no_semi.o)
    0x0800025a   0x0800025a   0x0000004a   Code   RO         4091    .text               c_w.l(sys_stackheap_outer.o)
    0x080002a4   0x080002a4   0x00000012   Code   RO         4093    .text               c_w.l(exit.o)
    0x080002b6   0x080002b6   0x00000002   PAD
    0x080002b8   0x080002b8   0x00000008   Code   RO         4101    .text               c_w.l(libspace.o)
    0x080002c0   0x080002c0   0x0000005a   Code   RO         3499    i.Address_set       oled.o
    0x0800031a   0x0800031a   0x00000004   Code   RO         3273    i.BusFault_Handler  stm32f10x_it.o
    0x0800031e   0x0800031e   0x00000002   PAD
    0x08000320   0x08000320   0x00000034   Code   RO         3387    i.DATA_Pin_Init     rgb_light.o
    0x08000354   0x08000354   0x00000002   Code   RO         3274    i.DebugMon_Handler  stm32f10x_it.o
    0x08000356   0x08000356   0x000000b0   Code   RO         3500    i.Draw_Circle       oled.o
    0x08000406   0x08000406   0x00000002   PAD
    0x08000408   0x08000408   0x000000a4   Code   RO         3849    i.Encoder_TIM2_Init  encoder.o
    0x080004ac   0x080004ac   0x0000023c   Code   RO         3388    i.Flowing           rgb_light.o
    0x080006e8   0x080006e8   0x00000116   Code   RO         1347    i.GPIO_Init         stm32f10x_gpio.o
    0x080007fe   0x080007fe   0x00000002   PAD
    0x08000800   0x08000800   0x00000090   Code   RO         1349    i.GPIO_PinRemapConfig  stm32f10x_gpio.o
    0x08000890   0x08000890   0x00000004   Code   RO         1354    i.GPIO_ResetBits    stm32f10x_gpio.o
    0x08000894   0x08000894   0x00000004   Code   RO         1355    i.GPIO_SetBits      stm32f10x_gpio.o
    0x08000898   0x08000898   0x00000084   Code   RO         3867    i.GetData           storage.o
    0x0800091c   0x0800091c   0x0000007c   Code   RO         3869    i.GetType           storage.o
    0x08000998   0x08000998   0x00000004   Code   RO         3275    i.HardFault_Handler  stm32f10x_it.o
    0x0800099c   0x0800099c   0x00000060   Code   RO         3363    i.KEY_Init          key.o
    0x080009fc   0x080009fc   0x00000030   Code   RO         3501    i.LCD_Clear         oled.o
    0x08000a2c   0x08000a2c   0x000000b0   Code   RO         3502    i.LCD_DrawLine      oled.o
    0x08000adc   0x08000adc   0x00000020   Code   RO         3503    i.LCD_DrawPoint     oled.o
    0x08000afc   0x08000afc   0x00000028   Code   RO         3504    i.LCD_DrawPoint_big  oled.o
    0x08000b24   0x08000b24   0x00000040   Code   RO         3505    i.LCD_DrawRectangle  oled.o
    0x08000b64   0x08000b64   0x00000046   Code   RO         3506    i.LCD_Fill          oled.o
    0x08000baa   0x08000baa   0x00000002   PAD
    0x08000bac   0x08000bac   0x0000068c   Code   RO         3647    i.LCD_Function      menu.o
    0x08001238   0x08001238   0x000003b0   Code   RO         3648    i.LCD_Menu_Init     menu.o
    0x080015e8   0x080015e8   0x000000e4   Code   RO         3649    i.LCD_ReturnShow    menu.o
    0x080016cc   0x080016cc   0x00000014   Code   RO         3507    i.LCD_SetColor      oled.o
    0x080016e0   0x080016e0   0x00000094   Code   RO         3650    i.LCD_ShowBackGround  menu.o
    0x08001774   0x08001774   0x000000e8   Code   RO         3508    i.LCD_ShowChar      oled.o
    0x0800185c   0x0800185c   0x0000007e   Code   RO         3509    i.LCD_ShowNum       oled.o
    0x080018da   0x080018da   0x00000002   PAD
    0x080018dc   0x080018dc   0x00000130   Code   RO         3651    i.LCD_ShowOutline   menu.o
    0x08001a0c   0x08001a0c   0x00000044   Code   RO         3511    i.LCD_ShowString    oled.o
    0x08001a50   0x08001a50   0x000000b8   Code   RO         3512    i.LCD_Showhanzi     oled.o
    0x08001b08   0x08001b08   0x0000004a   Code   RO         3513    i.LCD_Showimage     oled.o
    0x08001b52   0x08001b52   0x00000002   PAD
    0x08001b54   0x08001b54   0x000003b8   Code   RO         3652    i.LCD_Switch        menu.o
    0x08001f0c   0x08001f0c   0x0000006c   Code   RO         3653    i.LCD_UpdateMenu    menu.o
    0x08001f78   0x08001f78   0x000001b0   Code   RO         3654    i.LCD_UpdatePage    menu.o
    0x08002128   0x08002128   0x00000020   Code   RO         3514    i.LCD_WR_DATA       oled.o
    0x08002148   0x08002148   0x00000018   Code   RO         3515    i.LCD_WR_DATA8      oled.o
    0x08002160   0x08002160   0x00000018   Code   RO         3516    i.LCD_WR_REG        oled.o
    0x08002178   0x08002178   0x00000044   Code   RO         3518    i.LCD_Writ_Bus      oled.o
    0x080021bc   0x080021bc   0x000001f0   Code   RO         3519    i.Lcd_Init          oled.o
    0x080023ac   0x080023ac   0x00000004   Code   RO         3276    i.MemManage_Handler  stm32f10x_it.o
    0x080023b0   0x080023b0   0x00000002   Code   RO         3277    i.NMI_Handler       stm32f10x_it.o
    0x080023b2   0x080023b2   0x0000007e   Code   RO         3982    i.NVIC_Config       sys.o
    0x08002430   0x08002430   0x00000070   Code   RO          137    i.NVIC_Init         misc.o
    0x080024a0   0x080024a0   0x00000014   Code   RO          138    i.NVIC_PriorityGroupConfig  misc.o
    0x080024b4   0x080024b4   0x00000002   Code   RO         3278    i.PendSV_Handler    stm32f10x_it.o
    0x080024b6   0x080024b6   0x00000002   PAD
    0x080024b8   0x080024b8   0x000000cc   Code   RO         3922    i.PicShow_Stroge    esp8266wifi.o
    0x08002584   0x08002584   0x00000020   Code   RO         1775    i.RCC_APB1PeriphClockCmd  stm32f10x_rcc.o
    0x080025a4   0x080025a4   0x00000020   Code   RO         1777    i.RCC_APB2PeriphClockCmd  stm32f10x_rcc.o
    0x080025c4   0x080025c4   0x000000d4   Code   RO         1785    i.RCC_GetClocksFreq  stm32f10x_rcc.o
    0x08002698   0x08002698   0x0000001a   Code   RO         3389    i.RGB_Off           rgb_light.o
    0x080026b2   0x080026b2   0x00000002   PAD
    0x080026b4   0x080026b4   0x00000030   Code   RO         3390    i.RGB_Refresh_All   rgb_light.o
    0x080026e4   0x080026e4   0x00000014   Code   RO         3392    i.RGB_SETBE         rgb_light.o
    0x080026f8   0x080026f8   0x0000002c   Code   RO         3393    i.RGB_Send_0Code    rgb_light.o
    0x08002724   0x08002724   0x00000012   Code   RO         3394    i.RGB_Send_1Bits    rgb_light.o
    0x08002736   0x08002736   0x00000002   PAD
    0x08002738   0x08002738   0x0000002c   Code   RO         3395    i.RGB_Send_1Code    rgb_light.o
    0x08002764   0x08002764   0x0000001c   Code   RO         3396    i.RGB_Send_24Bits   rgb_light.o
    0x08002780   0x08002780   0x00000094   Code   RO         3714    i.SPI2_Init         spi.o
    0x08002814   0x08002814   0x00000054   Code   RO         3715    i.SPI2_ReadWriteByte  spi.o
    0x08002868   0x08002868   0x00000028   Code   RO         3716    i.SPI2_SetSpeed     spi.o
    0x08002890   0x08002890   0x00000018   Code   RO         2263    i.SPI_Cmd           stm32f10x_spi.o
    0x080028a8   0x080028a8   0x00000012   Code   RO         2271    i.SPI_I2S_GetFlagStatus  stm32f10x_spi.o
    0x080028ba   0x080028ba   0x00000006   Code   RO         2274    i.SPI_I2S_ReceiveData  stm32f10x_spi.o
    0x080028c0   0x080028c0   0x00000004   Code   RO         2275    i.SPI_I2S_SendData  stm32f10x_spi.o
    0x080028c4   0x080028c4   0x0000003c   Code   RO         2276    i.SPI_Init          stm32f10x_spi.o
    0x08002900   0x08002900   0x00000002   Code   RO         3279    i.SVC_Handler       stm32f10x_it.o
    0x08002902   0x08002902   0x0000001c   Code   RO         3397    i.Send_RGB          rgb_light.o
    0x0800291e   0x0800291e   0x00000002   PAD
    0x08002920   0x08002920   0x0000000c   Code   RO         3399    i.SetFlowingType    rgb_light.o
    0x0800292c   0x0800292c   0x0000000c   Code   RO         3400    i.SetInterval       rgb_light.o
    0x08002938   0x08002938   0x00000008   Code   RO           24    i.SetSysClock       system_stm32f10x.o
    0x08002940   0x08002940   0x000000e0   Code   RO           25    i.SetSysClockTo72   system_stm32f10x.o
    0x08002a20   0x08002a20   0x00000074   Code   RO         3401    i.Set_RGB           rgb_light.o
    0x08002a94   0x08002a94   0x00000078   Code   RO         3402    i.Set_RGBDATA       rgb_light.o
    0x08002b0c   0x08002b0c   0x00000300   Code   RO         3655    i.Show_Function     menu.o
    0x08002e0c   0x08002e0c   0x000000d4   Code   RO         3870    i.StorageData       storage.o
    0x08002ee0   0x08002ee0   0x000000b4   Code   RO         3872    i.StorageType       storage.o
    0x08002f94   0x08002f94   0x00000008   Code   RO         3873    i.Storage_Init      storage.o
    0x08002f9c   0x08002f9c   0x00000028   Code   RO          141    i.SysTick_CLKSourceConfig  misc.o
    0x08002fc4   0x08002fc4   0x00000002   Code   RO         3280    i.SysTick_Handler   stm32f10x_it.o
    0x08002fc6   0x08002fc6   0x00000002   PAD
    0x08002fc8   0x08002fc8   0x00000060   Code   RO           27    i.SystemInit        system_stm32f10x.o
    0x08003028   0x08003028   0x00000080   Code   RO         2405    i.TI1_Config        stm32f10x_tim.o
    0x080030a8   0x080030a8   0x00000098   Code   RO         2406    i.TI2_Config        stm32f10x_tim.o
    0x08003140   0x08003140   0x00000090   Code   RO         2407    i.TI3_Config        stm32f10x_tim.o
    0x080031d0   0x080031d0   0x00000098   Code   RO         2408    i.TI4_Config        stm32f10x_tim.o
    0x08003268   0x08003268   0x00000130   Code   RO         3364    i.TIM3_IRQHandler   key.o
    0x08003398   0x08003398   0x00000040   Code   RO         3336    i.TIM3_Int_Init     tim.o
    0x080033d8   0x080033d8   0x00000020   Code   RO         3337    i.TIM4_IRQHandler   tim.o
    0x080033f8   0x080033f8   0x00000048   Code   RO         3338    i.TIM4_Int_Init     tim.o
    0x08003440   0x08003440   0x00000006   Code   RO         2415    i.TIM_ClearFlag     stm32f10x_tim.o
    0x08003446   0x08003446   0x00000006   Code   RO         2416    i.TIM_ClearITPendingBit  stm32f10x_tim.o
    0x0800344c   0x0800344c   0x00000018   Code   RO         2421    i.TIM_Cmd           stm32f10x_tim.o
    0x08003464   0x08003464   0x00000042   Code   RO         2430    i.TIM_EncoderInterfaceConfig  stm32f10x_tim.o
    0x080034a6   0x080034a6   0x00000006   Code   RO         2440    i.TIM_GetCounter    stm32f10x_tim.o
    0x080034ac   0x080034ac   0x00000022   Code   RO         2442    i.TIM_GetITStatus   stm32f10x_tim.o
    0x080034ce   0x080034ce   0x00000002   PAD
    0x080034d0   0x080034d0   0x000000ac   Code   RO         2444    i.TIM_ICInit        stm32f10x_tim.o
    0x0800357c   0x0800357c   0x00000012   Code   RO         2445    i.TIM_ICStructInit  stm32f10x_tim.o
    0x0800358e   0x0800358e   0x00000012   Code   RO         2446    i.TIM_ITConfig      stm32f10x_tim.o
    0x080035a0   0x080035a0   0x00000004   Code   RO         2486    i.TIM_SetCounter    stm32f10x_tim.o
    0x080035a4   0x080035a4   0x00000012   Code   RO         2487    i.TIM_SetIC1Prescaler  stm32f10x_tim.o
    0x080035b6   0x080035b6   0x0000001a   Code   RO         2488    i.TIM_SetIC2Prescaler  stm32f10x_tim.o
    0x080035d0   0x080035d0   0x00000012   Code   RO         2489    i.TIM_SetIC3Prescaler  stm32f10x_tim.o
    0x080035e2   0x080035e2   0x0000001a   Code   RO         2490    i.TIM_SetIC4Prescaler  stm32f10x_tim.o
    0x080035fc   0x080035fc   0x000000a4   Code   RO         2492    i.TIM_TimeBaseInit  stm32f10x_tim.o
    0x080036a0   0x080036a0   0x00000012   Code   RO         2493    i.TIM_TimeBaseStructInit  stm32f10x_tim.o
    0x080036b2   0x080036b2   0x00000002   PAD
    0x080036b4   0x080036b4   0x000000ec   Code   RO         3997    i.USART1_IRQHandler  usart.o
    0x080037a0   0x080037a0   0x000001d0   Code   RO         3923    i.USART2_IRQHandler  esp8266wifi.o
    0x08003970   0x08003970   0x0000001e   Code   RO         2957    i.USART_ClearITPendingBit  stm32f10x_usart.o
    0x0800398e   0x0800398e   0x00000018   Code   RO         2960    i.USART_Cmd         stm32f10x_usart.o
    0x080039a6   0x080039a6   0x00000054   Code   RO         2964    i.USART_GetITStatus  stm32f10x_usart.o
    0x080039fa   0x080039fa   0x0000004a   Code   RO         2966    i.USART_ITConfig    stm32f10x_usart.o
    0x08003a44   0x08003a44   0x000000d8   Code   RO         2967    i.USART_Init        stm32f10x_usart.o
    0x08003b1c   0x08003b1c   0x0000000a   Code   RO         2974    i.USART_ReceiveData  stm32f10x_usart.o
    0x08003b26   0x08003b26   0x00000004   Code   RO         3281    i.UsageFault_Handler  stm32f10x_it.o
    0x08003b2a   0x08003b2a   0x00000002   PAD
    0x08003b2c   0x08003b2c   0x00000044   Code   RO         3742    i.W25QXX_Erase_Sector  w25q64.o
    0x08003b70   0x08003b70   0x0000004c   Code   RO         3743    i.W25QXX_Init       w25q64.o
    0x08003bbc   0x08003bbc   0x00000050   Code   RO         3745    i.W25QXX_Read       w25q64.o
    0x08003c0c   0x08003c0c   0x0000002c   Code   RO         3746    i.W25QXX_ReadSR     w25q64.o
    0x08003c38   0x08003c38   0x0000001c   Code   RO         3748    i.W25QXX_Read_Sector  w25q64.o
    0x08003c54   0x08003c54   0x00000012   Code   RO         3750    i.W25QXX_Wait_Busy  w25q64.o
    0x08003c66   0x08003c66   0x00000002   PAD
    0x08003c68   0x08003c68   0x00000020   Code   RO         3752    i.W25QXX_Write_Enable  w25q64.o
    0x08003c88   0x08003c88   0x00000058   Code   RO         3753    i.W25QXX_Write_Page  w25q64.o
    0x08003ce0   0x08003ce0   0x00000084   Code   RO         3756    i.W25QXX_Write_Sector2  w25q64.o
    0x08003d64   0x08003d64   0x00000004   Code   RO         4000    i._sys_exit         usart.o
    0x08003d68   0x08003d68   0x00000044   Code   RO         3947    i.delay_init        delay.o
    0x08003dac   0x08003dac   0x0000004c   Code   RO         3948    i.delay_ms          delay.o
    0x08003df8   0x08003df8   0x00000090   Code   RO         3196    i.main              main.o
    0x08003e88   0x08003e88   0x00000016   Code   RO         3520    i.mypow             oled.o
    0x08003e9e   0x08003e9e   0x00000002   PAD
    0x08003ea0   0x08003ea0   0x0000008c   Code   RO         4002    i.uart1_init        usart.o
    0x08003f2c   0x08003f2c   0x00000090   Code   RO         4003    i.uart2_init        usart.o
    0x08003fbc   0x08003fbc   0x000005f0   Data   RO         3521    .constdata          oled.o
    0x080045ac   0x080045ac   0x00000020   Data   RO         4224    Region$$Table       anon$$obj.o


    Execution Region RW_IRAM1 (Exec base: 0x20000000, Load base: 0x080045cc, Size: 0x000042a8, Max: 0x00005000, ABSOLUTE, COMPRESSED[0x00000110])

    Exec Addr    Load Addr    Size         Type   Attr      Idx    E Section Name        Object

    0x20000000   COMPRESSED   0x00000014   Data   RW           28    .data               system_stm32f10x.o
    0x20000014   COMPRESSED   0x00000014   Data   RW         1805    .data               stm32f10x_rcc.o
    0x20000028   COMPRESSED   0x00000014   Data   RW         3365    .data               key.o
    0x2000003c   COMPRESSED   0x00000058   Data   RW         3404    .data               rgb_light.o
    0x20000094   COMPRESSED   0x000000c6   Data   RW         3522    .data               oled.o
    0x2000015a   COMPRESSED   0x00000015   Data   RW         3657    .data               menu.o
    0x2000016f   COMPRESSED   0x00000001   PAD
    0x20000170   COMPRESSED   0x00000002   Data   RW         3850    .data               encoder.o
    0x20000172   COMPRESSED   0x00000006   Data   RW         3875    .data               storage.o
    0x20000178   COMPRESSED   0x00000028   Data   RW         3925    .data               esp8266wifi.o
    0x200001a0   COMPRESSED   0x00000004   Data   RW         3951    .data               delay.o
    0x200001a4   COMPRESSED   0x0000000d   Data   RW         4004    .data               usart.o
    0x200001b1   COMPRESSED   0x00000003   PAD
    0x200001b4        -       0x000000ec   Zero   RW         3403    .bss                rgb_light.o
    0x200002a0        -       0x0000041a   Zero   RW         3656    .bss                menu.o
    0x200006ba        -       0x00002000   Zero   RW         3757    .bss                w25q64.o
    0x200026ba        -       0x000002cd   Zero   RW         3874    .bss                storage.o
    0x20002987        -       0x000012c0   Zero   RW         3924    .bss                esp8266wifi.o
    0x20003c47   COMPRESSED   0x00000001   PAD
    0x20003c48        -       0x00000060   Zero   RW         4102    .bss                c_w.l(libspace.o)
    0x20003ca8        -       0x00000200   Zero   RW           18    HEAP                startup_stm32f10x_md.o
    0x20003ea8        -       0x00000400   Zero   RW           17    STACK               startup_stm32f10x_md.o


==============================================================================

Image component sizes


      Code (inc. data)   RO Data    RW Data    ZI Data      Debug   Object Name

         0          0          0          0          0       4540   core_cm3.o
       144         22          0          4          0       1324   delay.o
       164          6          0          2          0       1008   encoder.o
       668        120          0         40       4800       2578   esp8266wifi.o
       400         52          0         20          0       1691   key.o
       144          4          0          0          0        563   main.o
      5560        916          0         21       1050       8907   menu.o
       172         22          0          0          0     205561   misc.o
      2066         78       1520        198          0      15042   oled.o
      1140         92          0         88        236       9956   rgb_light.o
       272         18          0          0          0       1905   spi.o
        64         26        236          0       1536        820   startup_stm32f10x_md.o
         0          0          0          0          0       1712   stm32f10x_adc.o
       430          6          0          0          0      12326   stm32f10x_gpio.o
        26          0          0          0          0       4226   stm32f10x_it.o
       276         32          0         20          0      13286   stm32f10x_rcc.o
       112          0          0          0          0      10862   stm32f10x_spi.o
      1200        150          0          0          0      33754   stm32f10x_tim.o
       438          6          0          0          0      11812   stm32f10x_usart.o
       656         86          0          6        717       4064   storage.o
       126          0          0          0          0        590   sys.o
       328         28          0         20          0      52929   system_stm32f10x.o
       168         16          0          0          0       1798   tim.o
       524         60          0         13          0       4681   usart.o
       566         52          0          0       8192       6657   w25q64.o

    ----------------------------------------------------------------------
     15676       1792       1788        436      16532     412592   Object Totals
         0          0         32          0          0          0   (incl. Generated)
        32          0          0          4          1          0   (incl. Padding)

    ----------------------------------------------------------------------

      Code (inc. data)   RO Data    RW Data    ZI Data      Debug   Library Member Name

        90          0          0          0          0          0   __dczerorl2.o
         8          0          0          0          0         68   __main.o
         0          0          0          0          0          0   __rtentry.o
        12          0          0          0          0          0   __rtentry2.o
         6          0          0          0          0          0   __rtentry4.o
        52          8          0          0          0          0   __scatter.o
        28          0          0          0          0          0   __scatter_zi.o
        18          0          0          0          0         80   exit.o
         6          0          0          0          0        152   heapauxi.o
         2          0          0          0          0          0   libinit.o
         2          0          0          0          0          0   libinit2.o
         2          0          0          0          0          0   libshutdown.o
         2          0          0          0          0          0   libshutdown2.o
         8          4          0          0         96         68   libspace.o
         2          0          0          0          0          0   rtexit.o
        10          0          0          0          0          0   rtexit2.o
        72          0          0          0          0         80   strcpy.o
        74          0          0          0          0         80   sys_stackheap_outer.o
         2          0          0          0          0         68   use_no_semi.o
         2          0          0          0          0         68   use_no_semi_2.o

    ----------------------------------------------------------------------
       404         12          0          0         96        664   Library Totals
         6          0          0          0          0          0   (incl. Padding)

    ----------------------------------------------------------------------

      Code (inc. data)   RO Data    RW Data    ZI Data      Debug   Library Name

       398         12          0          0         96        664   c_w.l

    ----------------------------------------------------------------------
       404         12          0          0         96        664   Library Totals

    ----------------------------------------------------------------------

==============================================================================


      Code (inc. data)   RO Data    RW Data    ZI Data      Debug   

     16080       1804       1788        436      16628     406596   Grand Totals
     16080       1804       1788        272      16628     406596   ELF Image Totals (compressed)
     16080       1804       1788        272          0          0   ROM Totals

==============================================================================

    Total RO  Size (Code + RO Data)                17868 (  17.45kB)
    Total RW  Size (RW Data + ZI Data)             17064 (  16.66kB)
    Total ROM Size (Code + RO Data + RW Data)      18140 (  17.71kB)

==============================================================================

