<html>
<body>
<pre>
<h1>礦ision Build Log</h1>
<h2>Tool Versions:</h2>
IDE-Version: μVision V5.30.0.0
Copyright (C) 2020 ARM Ltd and ARM Germany GmbH. All rights reserved.
License Information: Xiao Yuheng, HUST, LIC=Y2B1Q-NW1HK-UMP9A-17NW4-AZNPE-F3WH7
 
Tool Versions:
Toolchain:       MDK-ARM Professional  Version: 5.30.0.0
Toolchain Path:  D:\arm KEIL\ARM\ARMCC\Bin
C Compiler:      Armcc.exe V5.06 update 6 (build 750)
Assembler:       Armasm.exe V5.06 update 6 (build 750)
Linker/Locator:  ArmLink.exe V5.06 update 6 (build 750)
Library Manager: ArmAr.exe V5.06 update 6 (build 750)
Hex Converter:   FromElf.exe V5.06 update 6 (build 750)
CPU DLL:         SARMCM3.DLL V5.30.0.0
Dialog DLL:      DCM.DLL V1.17.3.0
Target DLL:      STLink\ST-LINKIII-KEIL_SWO.dll V3.0.7.0
Dialog DLL:      TCM.DLL V1.42.0.0
 
<h2>Project:</h2>
F:\我的文件夹\工作材料\进行项目\炫彩灯\MCU软件测试程序\F1程序\炫彩灯测试程序\project.uvprojx
Project File Date:  01/07/2023

<h2>Output:</h2>
*** Using Compiler 'V5.06 update 6 (build 750)', folder: 'D:\arm KEIL\ARM\ARMCC\Bin'
Build target 'Target 1'
compiling core_cm3.c...
compiling stm32f10x_bkp.c...
compiling stm32f10x_crc.c...
compiling stm32f10x_dbgmcu.c...
compiling stm32f10x_dac.c...
compiling misc.c...
compiling stm32f10x_cec.c...
compiling system_stm32f10x.c...
compiling stm32f10x_exti.c...
compiling stm32f10x_fsmc.c...
compiling stm32f10x_sdio.c...
compiling stm32f10x_iwdg.c...
compiling stm32f10x_usart.c...
compiling stm32f10x_flash.c...
compiling stm32f10x_wwdg.c...
compiling stm32f10x_tim.c...
compiling stm32f10x_dma.c...
compiling stm32f10x_gpio.c...
compiling stm32f10x_i2c.c...
compiling stm32f10x_rtc.c...
compiling stm32f10x_can.c...
compiling stm32f10x_adc.c...
compiling stm32f10x_rcc.c...
compiling stm32f10x_spi.c...
compiling stm32f10x_pwr.c...
compiling stm32f10x_it.c...
compiling Menu.c...
Hardware\MENU\Menu.h(17): warning:  #1295-D: Deprecated declaration Page_Init - give arg types
  void Page_Init();
.\Hardware\TIM\TIM.h(10): warning:  #1-D: last line of file ends without a newline
  #endif
.\Hardware\RGB_LIGHT\RGB_LIGHT.h(24): warning:  #1295-D: Deprecated declaration RGB_Refresh - give arg types
  void RGB_Refresh();																							//定点更新
.\Hardware\RGB_LIGHT\RGB_LIGHT.h(25): warning:  #1295-D: Deprecated declaration RGB_Refresh_All - give arg types
  void RGB_Refresh_All();																					//更新整个灯带
.\Hardware\RGB_LIGHT\RGB_LIGHT.h(27): warning:  #1-D: last line of file ends without a newline
  #endif
.\Hardware\W25QXX\w25qxx.h(54): warning:  #1295-D: Deprecated declaration W25QXX_Write_Protect - give arg types
  void W25QXX_Write_Protect();				//扇区写保护
.\Hardware\W25QXX\w25qxx.h(55): warning:  #1295-D: Deprecated declaration W25QXX_SR_Protect - give arg types
  void W25QXX_SR_Protect();						//状态寄存器写保护
Hardware\MENU\Menu.c: 7 warnings, 0 errors
compiling sys.c...
.\Hardware\TIM\TIM.h(10): warning:  #1-D: last line of file ends without a newline
  #endif
.\Hardware\RGB_LIGHT\RGB_LIGHT.h(24): warning:  #1295-D: Deprecated declaration RGB_Refresh - give arg types
  void RGB_Refresh();																							//定点更新
.\Hardware\RGB_LIGHT\RGB_LIGHT.h(25): warning:  #1295-D: Deprecated declaration RGB_Refresh_All - give arg types
  void RGB_Refresh_All();																					//更新整个灯带
.\Hardware\RGB_LIGHT\RGB_LIGHT.h(27): warning:  #1-D: last line of file ends without a newline
  #endif
.\Hardware\MENU\Menu.h(17): warning:  #1295-D: Deprecated declaration Page_Init - give arg types
  void Page_Init();
.\Hardware\W25QXX\w25qxx.h(54): warning:  #1295-D: Deprecated declaration W25QXX_Write_Protect - give arg types
  void W25QXX_Write_Protect();				//扇区写保护
.\Hardware\W25QXX\w25qxx.h(55): warning:  #1295-D: Deprecated declaration W25QXX_SR_Protect - give arg types
  void W25QXX_SR_Protect();						//状态寄存器写保护
System\sys\sys.c: 7 warnings, 0 errors
compiling main.c...
.\Hardware\TIM\TIM.h(10): warning:  #1-D: last line of file ends without a newline
  #endif
.\Hardware\RGB_LIGHT\RGB_LIGHT.h(24): warning:  #1295-D: Deprecated declaration RGB_Refresh - give arg types
  void RGB_Refresh();																							//定点更新
.\Hardware\RGB_LIGHT\RGB_LIGHT.h(25): warning:  #1295-D: Deprecated declaration RGB_Refresh_All - give arg types
  void RGB_Refresh_All();																					//更新整个灯带
.\Hardware\RGB_LIGHT\RGB_LIGHT.h(27): warning:  #1-D: last line of file ends without a newline
  #endif
.\Hardware\MENU\Menu.h(17): warning:  #1295-D: Deprecated declaration Page_Init - give arg types
  void Page_Init();
.\Hardware\W25QXX\w25qxx.h(54): warning:  #1295-D: Deprecated declaration W25QXX_Write_Protect - give arg types
  void W25QXX_Write_Protect();				//扇区写保护
.\Hardware\W25QXX\w25qxx.h(55): warning:  #1295-D: Deprecated declaration W25QXX_SR_Protect - give arg types
  void W25QXX_SR_Protect();						//状态寄存器写保护
User\main.c: 7 warnings, 0 errors
compiling delay.c...
.\Hardware\TIM\TIM.h(10): warning:  #1-D: last line of file ends without a newline
  #endif
.\Hardware\RGB_LIGHT\RGB_LIGHT.h(24): warning:  #1295-D: Deprecated declaration RGB_Refresh - give arg types
  void RGB_Refresh();																							//定点更新
.\Hardware\RGB_LIGHT\RGB_LIGHT.h(25): warning:  #1295-D: Deprecated declaration RGB_Refresh_All - give arg types
  void RGB_Refresh_All();																					//更新整个灯带
.\Hardware\RGB_LIGHT\RGB_LIGHT.h(27): warning:  #1-D: last line of file ends without a newline
  #endif
.\Hardware\MENU\Menu.h(17): warning:  #1295-D: Deprecated declaration Page_Init - give arg types
  void Page_Init();
.\Hardware\W25QXX\w25qxx.h(54): warning:  #1295-D: Deprecated declaration W25QXX_Write_Protect - give arg types
  void W25QXX_Write_Protect();				//扇区写保护
.\Hardware\W25QXX\w25qxx.h(55): warning:  #1295-D: Deprecated declaration W25QXX_SR_Protect - give arg types
  void W25QXX_SR_Protect();						//状态寄存器写保护
System\delay\delay.c: 7 warnings, 0 errors
compiling RGB_LIGHT.c...
.\Hardware\TIM\TIM.h(10): warning:  #1-D: last line of file ends without a newline
  #endif
.\Hardware\RGB_LIGHT\RGB_LIGHT.h(27): warning:  #1-D: last line of file ends without a newline
  #endif
.\Hardware\MENU\Menu.h(17): warning:  #1295-D: Deprecated declaration Page_Init - give arg types
  void Page_Init();
.\Hardware\W25QXX\w25qxx.h(54): warning:  #1295-D: Deprecated declaration W25QXX_Write_Protect - give arg types
  void W25QXX_Write_Protect();				//扇区写保护
.\Hardware\W25QXX\w25qxx.h(55): warning:  #1295-D: Deprecated declaration W25QXX_SR_Protect - give arg types
  void W25QXX_SR_Protect();						//状态寄存器写保护
Hardware\RGB_LIGHT\RGB_LIGHT.h(24): warning:  #1295-D: Deprecated declaration RGB_Refresh - give arg types
  void RGB_Refresh();																							//定点更新
Hardware\RGB_LIGHT\RGB_LIGHT.h(25): warning:  #1295-D: Deprecated declaration RGB_Refresh_All - give arg types
  void RGB_Refresh_All();																					//更新整个灯带
Hardware\RGB_LIGHT\RGB_LIGHT.h(27): warning:  #1-D: last line of file ends without a newline
  #endif
Hardware\RGB_LIGHT\RGB_LIGHT.c: 8 warnings, 0 errors
compiling KEY.c...
.\Hardware\TIM\TIM.h(10): warning:  #1-D: last line of file ends without a newline
  #endif
.\Hardware\RGB_LIGHT\RGB_LIGHT.h(24): warning:  #1295-D: Deprecated declaration RGB_Refresh - give arg types
  void RGB_Refresh();																							//定点更新
.\Hardware\RGB_LIGHT\RGB_LIGHT.h(25): warning:  #1295-D: Deprecated declaration RGB_Refresh_All - give arg types
  void RGB_Refresh_All();																					//更新整个灯带
.\Hardware\RGB_LIGHT\RGB_LIGHT.h(27): warning:  #1-D: last line of file ends without a newline
  #endif
.\Hardware\MENU\Menu.h(17): warning:  #1295-D: Deprecated declaration Page_Init - give arg types
  void Page_Init();
.\Hardware\W25QXX\w25qxx.h(54): warning:  #1295-D: Deprecated declaration W25QXX_Write_Protect - give arg types
  void W25QXX_Write_Protect();				//扇区写保护
.\Hardware\W25QXX\w25qxx.h(55): warning:  #1295-D: Deprecated declaration W25QXX_SR_Protect - give arg types
  void W25QXX_SR_Protect();						//状态寄存器写保护
Hardware\KEY\KEY.c: 7 warnings, 0 errors
compiling usart.c...
.\Hardware\TIM\TIM.h(10): warning:  #1-D: last line of file ends without a newline
  #endif
.\Hardware\RGB_LIGHT\RGB_LIGHT.h(24): warning:  #1295-D: Deprecated declaration RGB_Refresh - give arg types
  void RGB_Refresh();																							//定点更新
.\Hardware\RGB_LIGHT\RGB_LIGHT.h(25): warning:  #1295-D: Deprecated declaration RGB_Refresh_All - give arg types
  void RGB_Refresh_All();																					//更新整个灯带
.\Hardware\RGB_LIGHT\RGB_LIGHT.h(27): warning:  #1-D: last line of file ends without a newline
  #endif
.\Hardware\MENU\Menu.h(17): warning:  #1295-D: Deprecated declaration Page_Init - give arg types
  void Page_Init();
.\Hardware\W25QXX\w25qxx.h(54): warning:  #1295-D: Deprecated declaration W25QXX_Write_Protect - give arg types
  void W25QXX_Write_Protect();				//扇区写保护
.\Hardware\W25QXX\w25qxx.h(55): warning:  #1295-D: Deprecated declaration W25QXX_SR_Protect - give arg types
  void W25QXX_SR_Protect();						//状态寄存器写保护
System\usart\usart.c(42): warning:  #177-D: variable "NVIC_InitStructure"  was declared but never referenced
  	NVIC_InitTypeDef NVIC_InitStructure;
System\usart\usart.c: 8 warnings, 0 errors
compiling w25q64.c...
.\Hardware\TIM\TIM.h(10): warning:  #1-D: last line of file ends without a newline
  #endif
.\Hardware\RGB_LIGHT\RGB_LIGHT.h(24): warning:  #1295-D: Deprecated declaration RGB_Refresh - give arg types
  void RGB_Refresh();																							//定点更新
.\Hardware\RGB_LIGHT\RGB_LIGHT.h(25): warning:  #1295-D: Deprecated declaration RGB_Refresh_All - give arg types
  void RGB_Refresh_All();																					//更新整个灯带
.\Hardware\RGB_LIGHT\RGB_LIGHT.h(27): warning:  #1-D: last line of file ends without a newline
  #endif
.\Hardware\MENU\Menu.h(17): warning:  #1295-D: Deprecated declaration Page_Init - give arg types
  void Page_Init();
Hardware\W25QXX\w25qxx.h(54): warning:  #1295-D: Deprecated declaration W25QXX_Write_Protect - give arg types
  void W25QXX_Write_Protect();				//扇区写保护
Hardware\W25QXX\w25qxx.h(55): warning:  #1295-D: Deprecated declaration W25QXX_SR_Protect - give arg types
  void W25QXX_SR_Protect();						//状态寄存器写保护
Hardware\W25QXX\w25q64.c(239): warning:  #1295-D: Deprecated declaration W25QXX_Write_Protect - give arg types
  void W25QXX_Write_Protect();				//扇区写保护
Hardware\W25QXX\w25q64.c(240): warning:  #1295-D: Deprecated declaration W25QXX_SR_Protect - give arg types
  void W25QXX_SR_Protect();						//状态寄存器写保护
Hardware\W25QXX\w25q64.c: 9 warnings, 0 errors
compiling spi.c...
.\Hardware\TIM\TIM.h(10): warning:  #1-D: last line of file ends without a newline
  #endif
.\Hardware\RGB_LIGHT\RGB_LIGHT.h(24): warning:  #1295-D: Deprecated declaration RGB_Refresh - give arg types
  void RGB_Refresh();																							//定点更新
.\Hardware\RGB_LIGHT\RGB_LIGHT.h(25): warning:  #1295-D: Deprecated declaration RGB_Refresh_All - give arg types
  void RGB_Refresh_All();																					//更新整个灯带
.\Hardware\RGB_LIGHT\RGB_LIGHT.h(27): warning:  #1-D: last line of file ends without a newline
  #endif
.\Hardware\MENU\Menu.h(17): warning:  #1295-D: Deprecated declaration Page_Init - give arg types
  void Page_Init();
.\Hardware\W25QXX\w25qxx.h(54): warning:  #1295-D: Deprecated declaration W25QXX_Write_Protect - give arg types
  void W25QXX_Write_Protect();				//扇区写保护
.\Hardware\W25QXX\w25qxx.h(55): warning:  #1295-D: Deprecated declaration W25QXX_SR_Protect - give arg types
  void W25QXX_SR_Protect();						//状态寄存器写保护
Hardware\SPI\spi.c: 7 warnings, 0 errors
compiling oled.c...
.\Hardware\TIM\TIM.h(10): warning:  #1-D: last line of file ends without a newline
  #endif
.\Hardware\RGB_LIGHT\RGB_LIGHT.h(24): warning:  #1295-D: Deprecated declaration RGB_Refresh - give arg types
  void RGB_Refresh();																							//定点更新
.\Hardware\RGB_LIGHT\RGB_LIGHT.h(25): warning:  #1295-D: Deprecated declaration RGB_Refresh_All - give arg types
  void RGB_Refresh_All();																					//更新整个灯带
.\Hardware\RGB_LIGHT\RGB_LIGHT.h(27): warning:  #1-D: last line of file ends without a newline
  #endif
.\Hardware\MENU\Menu.h(17): warning:  #1295-D: Deprecated declaration Page_Init - give arg types
  void Page_Init();
.\Hardware\W25QXX\w25qxx.h(54): warning:  #1295-D: Deprecated declaration W25QXX_Write_Protect - give arg types
  void W25QXX_Write_Protect();				//扇区写保护
.\Hardware\W25QXX\w25qxx.h(55): warning:  #1295-D: Deprecated declaration W25QXX_SR_Protect - give arg types
  void W25QXX_SR_Protect();						//状态寄存器写保护
Hardware\LCD\oled.c(419): warning:  #177-D: variable "j"  was declared but never referenced
  	int i,j,k; 
Hardware\LCD\oled.c(419): warning:  #177-D: variable "k"  was declared but never referenced
  	int i,j,k; 
Hardware\LCD\oled.c: 9 warnings, 0 errors
compiling TIM.c...
.\Hardware\TIM\TIM.h(10): warning:  #1-D: last line of file ends without a newline
  #endif
.\Hardware\RGB_LIGHT\RGB_LIGHT.h(24): warning:  #1295-D: Deprecated declaration RGB_Refresh - give arg types
  void RGB_Refresh();																							//定点更新
.\Hardware\RGB_LIGHT\RGB_LIGHT.h(25): warning:  #1295-D: Deprecated declaration RGB_Refresh_All - give arg types
  void RGB_Refresh_All();																					//更新整个灯带
.\Hardware\RGB_LIGHT\RGB_LIGHT.h(27): warning:  #1-D: last line of file ends without a newline
  #endif
.\Hardware\MENU\Menu.h(17): warning:  #1295-D: Deprecated declaration Page_Init - give arg types
  void Page_Init();
.\Hardware\W25QXX\w25qxx.h(54): warning:  #1295-D: Deprecated declaration W25QXX_Write_Protect - give arg types
  void W25QXX_Write_Protect();				//扇区写保护
.\Hardware\W25QXX\w25qxx.h(55): warning:  #1295-D: Deprecated declaration W25QXX_SR_Protect - give arg types
  void W25QXX_SR_Protect();						//状态寄存器写保护
Hardware\TIM\TIM.h(10): warning:  #1-D: last line of file ends without a newline
  #endif
Hardware\TIM\TIM.c: 8 warnings, 0 errors
linking...
Program Size: Code=3124 RO-data=268 RW-data=76 ZI-data=8708  
".\Objects\first project.axf" - 0 Error(s), 84 Warning(s).

<h2>Software Packages used:</h2>

Package Vendor: Keil
                http://www.keil.com/pack/Keil.STM32F1xx_DFP.2.4.0.pack
                Keil.STM32F1xx_DFP.2.4.0
                STMicroelectronics STM32F1 Series Device Support, Drivers and Examples

<h2>Collection of Component include folders:</h2>
  .\RTE\_Target_1
  D:\arm KEIL\Keil\STM32F1xx_DFP\2.4.0\Device\Include

<h2>Collection of Component Files used:</h2>
Build Time Elapsed:  00:00:03
</pre>
</body>
</html>
